core_cm0plus.h:848:22:__NVIC_SetPriority	24	static
core_cm0plus.h:1053:26:SysTick_Config	16	static
fsl_clock.h:441:20:CLOCK_EnableClock	16	static
fsl_clock.h:452:20:CLOCK_DisableClock	16	static
fsl_clock.h:463:20:CLOCK_Select	16	static
fsl_clock.h:474:20:CLOCK_SetClkDivider	16	static
fsl_clock.h:484:24:CLOCK_GetClkDivider	16	static
fsl_gpio.h:153:20:GPIO_PinWrite	24	static
fsl_gpio.h:172:24:GPIO_PinRead	24	static
USART.c:28:6:check_buttons	8	static
USART.c:58:5:main	32	static
USART.c:94:6:SysTick_Handler	8	static
USART.c:98:6:delay_mseg	16	static
