Archive member included to satisfy reference by file (symbol)

d:/nxp/mcuxpressoide_11.1.1_3241/ide/plugins/com.nxp.mcuxpresso.tools.win32_11.1.0.202001081728/tools/bin/../lib/gcc/arm-none-eabi/8.3.1/../../../../arm-none-eabi/lib/thumb/v6-m/nofp\libcr_semihost_nf.a(_cr__main.o)
                              ./startup/startup_lpc845.o (__main)
d:/nxp/mcuxpressoide_11.1.1_3241/ide/plugins/com.nxp.mcuxpresso.tools.win32_11.1.0.202001081728/tools/bin/../lib/gcc/arm-none-eabi/8.3.1/../../../../arm-none-eabi/lib/thumb/v6-m/nofp\libcr_semihost_nf.a(_cr_assert.o)
                              ./drivers/dht_lpc.o (__assertion_failed)
d:/nxp/mcuxpressoide_11.1.1_3241/ide/plugins/com.nxp.mcuxpresso.tools.win32_11.1.0.202001081728/tools/bin/../lib/gcc/arm-none-eabi/8.3.1/../../../../arm-none-eabi/lib/thumb/v6-m/nofp\libcr_semihost_nf.a(__ciob.o)
                              d:/nxp/mcuxpressoide_11.1.1_3241/ide/plugins/com.nxp.mcuxpresso.tools.win32_11.1.0.202001081728/tools/bin/../lib/gcc/arm-none-eabi/8.3.1/../../../../arm-none-eabi/lib/thumb/v6-m/nofp\libcr_semihost_nf.a(_cr_assert.o) (__Ciob)
d:/nxp/mcuxpressoide_11.1.1_3241/ide/plugins/com.nxp.mcuxpresso.tools.win32_11.1.0.202001081728/tools/bin/../lib/gcc/arm-none-eabi/8.3.1/../../../../arm-none-eabi/lib/thumb/v6-m/nofp\libcr_semihost_nf.a(__sys_appexit.o)
                              d:/nxp/mcuxpressoide_11.1.1_3241/ide/plugins/com.nxp.mcuxpresso.tools.win32_11.1.0.202001081728/tools/bin/../lib/gcc/arm-none-eabi/8.3.1/../../../../arm-none-eabi/lib/thumb/v6-m/nofp\libcr_semihost_nf.a(_cr_assert.o) (__sys_appexit)
d:/nxp/mcuxpressoide_11.1.1_3241/ide/plugins/com.nxp.mcuxpresso.tools.win32_11.1.0.202001081728/tools/bin/../lib/gcc/arm-none-eabi/8.3.1/../../../../arm-none-eabi/lib/thumb/v6-m/nofp\libcr_c.a(logf.o)
                              ./source/Invernadero.o (logf)
d:/nxp/mcuxpressoide_11.1.1_3241/ide/plugins/com.nxp.mcuxpresso.tools.win32_11.1.0.202001081728/tools/bin/../lib/gcc/arm-none-eabi/8.3.1/../../../../arm-none-eabi/lib/thumb/v6-m/nofp\libcr_c.a(memcpy.o)
                              ./source/Invernadero.o (memcpy)
d:/nxp/mcuxpressoide_11.1.1_3241/ide/plugins/com.nxp.mcuxpresso.tools.win32_11.1.0.202001081728/tools/bin/../lib/gcc/arm-none-eabi/8.3.1/../../../../arm-none-eabi/lib/thumb/v6-m/nofp\libcr_c.a(memset.o)
                              ./source/Invernadero.o (memset)
d:/nxp/mcuxpressoide_11.1.1_3241/ide/plugins/com.nxp.mcuxpresso.tools.win32_11.1.0.202001081728/tools/bin/../lib/gcc/arm-none-eabi/8.3.1/../../../../arm-none-eabi/lib/thumb/v6-m/nofp\libcr_c.a(_deferredlazyseek.o)
                              d:/nxp/mcuxpressoide_11.1.1_3241/ide/plugins/com.nxp.mcuxpresso.tools.win32_11.1.0.202001081728/tools/bin/../lib/gcc/arm-none-eabi/8.3.1/../../../../arm-none-eabi/lib/thumb/v6-m/nofp\libcr_semihost_nf.a(_cr_assert.o) (__flsbuf)
d:/nxp/mcuxpressoide_11.1.1_3241/ide/plugins/com.nxp.mcuxpresso.tools.win32_11.1.0.202001081728/tools/bin/../lib/gcc/arm-none-eabi/8.3.1/../../../../arm-none-eabi/lib/thumb/v6-m/nofp\libcr_c.a(_fflush.o)
                              d:/nxp/mcuxpressoide_11.1.1_3241/ide/plugins/com.nxp.mcuxpresso.tools.win32_11.1.0.202001081728/tools/bin/../lib/gcc/arm-none-eabi/8.3.1/../../../../arm-none-eabi/lib/thumb/v6-m/nofp\libcr_c.a(_deferredlazyseek.o) (_fflush)
d:/nxp/mcuxpressoide_11.1.1_3241/ide/plugins/com.nxp.mcuxpresso.tools.win32_11.1.0.202001081728/tools/bin/../lib/gcc/arm-none-eabi/8.3.1/../../../../arm-none-eabi/lib/thumb/v6-m/nofp\libcr_c.a(_writebuf.o)
                              d:/nxp/mcuxpressoide_11.1.1_3241/ide/plugins/com.nxp.mcuxpresso.tools.win32_11.1.0.202001081728/tools/bin/../lib/gcc/arm-none-eabi/8.3.1/../../../../arm-none-eabi/lib/thumb/v6-m/nofp\libcr_c.a(_deferredlazyseek.o) (_Cwritebuf)
d:/nxp/mcuxpressoide_11.1.1_3241/ide/plugins/com.nxp.mcuxpresso.tools.win32_11.1.0.202001081728/tools/bin/../lib/gcc/arm-none-eabi/8.3.1/../../../../arm-none-eabi/lib/thumb/v6-m/nofp\libcr_c.a(alloc.o)
                              ./drivers/fsl_common.o (malloc)
d:/nxp/mcuxpressoide_11.1.1_3241/ide/plugins/com.nxp.mcuxpresso.tools.win32_11.1.0.202001081728/tools/bin/../lib/gcc/arm-none-eabi/8.3.1/../../../../arm-none-eabi/lib/thumb/v6-m/nofp\libcr_c.a(errno.o)
                              d:/nxp/mcuxpressoide_11.1.1_3241/ide/plugins/com.nxp.mcuxpresso.tools.win32_11.1.0.202001081728/tools/bin/../lib/gcc/arm-none-eabi/8.3.1/../../../../arm-none-eabi/lib/thumb/v6-m/nofp\libcr_c.a(logf.o) (errno)
d:/nxp/mcuxpressoide_11.1.1_3241/ide/plugins/com.nxp.mcuxpresso.tools.win32_11.1.0.202001081728/tools/bin/../lib/gcc/arm-none-eabi/8.3.1/../../../../arm-none-eabi/lib/thumb/v6-m/nofp\libcr_c.a(fputs.o)
                              d:/nxp/mcuxpressoide_11.1.1_3241/ide/plugins/com.nxp.mcuxpresso.tools.win32_11.1.0.202001081728/tools/bin/../lib/gcc/arm-none-eabi/8.3.1/../../../../arm-none-eabi/lib/thumb/v6-m/nofp\libcr_semihost_nf.a(_cr_assert.o) (fputs)
[...]
Memory Configuration

Name             Origin             Length             Attributes
PROGRAM_FLASH    0x00000000         0x00010000         xr
SRAM             0x10000000         0x00003fe0         xrw
IAP_SRAM         0x10003fe0         0x00000020         xrw
*default*        0x00000000         0xffffffff

Linker script and memory map

LOAD ./utilities/fsl_debug_console.o
LOAD ./startup/startup_lpc845.o
LOAD ./source/Invernadero.o
LOAD ./source/mtb.o
LOAD ./source/semihost_hardfault.o
LOAD ./drivers/dht_lpc.o
LOAD ./drivers/fsl_SSD1306_I2C.o
LOAD ./drivers/fsl_Systick_Delay.o
LOAD ./drivers/fsl_adc.o
LOAD ./drivers/fsl_clock.o
LOAD ./drivers/fsl_common.o
LOAD ./drivers/fsl_dac.o
LOAD ./drivers/fsl_gpio.o
LOAD ./drivers/fsl_i2c.o
LOAD ./drivers/fsl_iap.o
LOAD ./drivers/fsl_mrt.o
LOAD ./drivers/fsl_power.o
LOAD ./drivers/fsl_reset.o
LOAD ./drivers/fsl_sctimer.o
LOAD ./drivers/fsl_spi.o
LOAD ./drivers/fsl_swm.o
LOAD ./drivers/fsl_usart.o
LOAD ./drivers/teclado.o
LOAD ./device/system_LPC845.o
LOAD ./component/uart/miniusart_adapter.o
LOAD ./board/board.o
LOAD ./board/clock_config.o
LOAD ./board/peripherals.o
LOAD ./board/pin_mux.o
START GROUP
LOAD d:/nxp/mcuxpressoide_11.1.1_3241/ide/plugins/com.nxp.mcuxpresso.tools.win32_11.1.0.202001081728/tools/bin/../lib/gcc/arm-none-eabi/8.3.1/../../../../arm-none-eabi/lib/thumb/v6-m/nofp\libcr_semihost_nf.a
LOAD d:/nxp/mcuxpressoide_11.1.1_3241/ide/plugins/com.nxp.mcuxpresso.tools.win32_11.1.0.202001081728/tools/bin/../lib/gcc/arm-none-eabi/8.3.1/../../../../arm-none-eabi/lib/thumb/v6-m/nofp\libcr_c.a
LOAD d:/nxp/mcuxpressoide_11.1.1_3241/ide/plugins/com.nxp.mcuxpresso.tools.win32_11.1.0.202001081728/tools/bin/../lib/gcc/arm-none-eabi/8.3.1/thumb/v6-m/nofp\libcr_eabihelpers.a
LOAD d:/nxp/mcuxpressoide_11.1.1_3241/ide/plugins/com.nxp.mcuxpresso.tools.win32_11.1.0.202001081728/tools/bin/../lib/gcc/arm-none-eabi/8.3.1/thumb/v6-m/nofp\libgcc.a
END GROUP
                0x00000000                __base_PROGRAM_FLASH = 0x0
                0x00000000                __base_Flash = 0x0
                0x00010000                __top_PROGRAM_FLASH = 0x10000
                0x00010000                __top_Flash = 0x10000
                0x10000000                __base_SRAM = 0x10000000
                0x10000000                __base_RAM = 0x10000000
                0x10003fe0                __top_SRAM = 0x10003fe0
                0x10003fe0                __top_RAM = 0x10003fe0
                0x10003fe0                __base_IAP_SRAM = 0x10003fe0
                0x10003fe0                __base_RAM2 = 0x10003fe0
                0x10004000                __top_IAP_SRAM = 0x10004000
                0x10004000                __top_RAM2 = 0x10004000

.text           0x00000000     0x6918
 FILL mask 0xff
                0x00000000                __vectors_start__ = ABSOLUTE (.)
 *(SORT_BY_ALIGNMENT(.isr_vector))
 .isr_vector    0x00000000       0xc0 ./startup/startup_lpc845.o
                0x00000000                g_pfnVectors
                0x00000000                __Vectors
                0x000000c0                . = ALIGN (0x4)
                0x000000c0                __section_table_start = .
                0x000000c0                __data_section_table = .
                0x000000c0        0x4 LONG 0x6918 LOADADDR (.data)
                0x000000c4        0x4 LONG 0x10000080 ADDR (.data)
                0x000000c8        0x4 LONG 0x10 SIZEOF (.data)
                0x000000cc        0x4 LONG 0x6918 LOADADDR (.data_RAM2)
                0x000000d0        0x4 LONG 0x10003fe0 ADDR (.data_RAM2)
                0x000000d4        0x4 LONG 0x0 SIZEOF (.data_RAM2)
                0x000000d8                __data_section_table_end = .
                0x000000d8                __bss_section_table = .
                0x000000d8        0x4 LONG 0x10000090 ADDR (.bss)
                0x000000dc        0x4 LONG 0x564 SIZEOF (.bss)
                0x000000e0        0x4 LONG 0x10003fe0 ADDR (.bss_RAM2)
                0x000000e4        0x4 LONG 0x0 SIZEOF (.bss_RAM2)
                0x000000e8                __bss_section_table_end = .
                0x000000e8                __section_table_end = .
 *(SORT_BY_ALIGNMENT(.after_vectors*))
 .after_vectors.reset
                0x000000e8       0x58 ./startup/startup_lpc845.o
                0x000000e8                ResetISR
 .after_vectors.init_data
                0x00000140       0x12 ./startup/startup_lpc845.o
                0x00000140                data_init
 .after_vectors.init_bss
                0x00000152       0x10 ./startup/startup_lpc845.o
                0x00000152                bss_init
 .after_vectors
                0x00000162      0x10c ./startup/startup_lpc845.o
                0x00000162                NMI_Handler
                0x00000166                SVC_Handler
                0x00000168                PendSV_Handler
                0x0000016c                DMA0_DriverIRQHandler
                0x0000016c                ADC0_SEQB_DriverIRQHandler
                0x0000016c                CTIMER0_DriverIRQHandler
                0x0000016c                ADC0_OVR_DriverIRQHandler
                0x0000016c                PIN_INT1_DriverIRQHandler
                0x0000016c                FLASH_DriverIRQHandler
                0x0000016c                I2C3_DriverIRQHandler
                0x0000016c                CMP_CAPT_DriverIRQHandler
                0x0000016c                PIN_INT3_DriverIRQHandler
                0x0000016c                PIN_INT5_DAC1_DriverIRQHandler
                0x0000016c                PIN_INT2_DriverIRQHandler
                0x0000016c                Reserved22_DriverIRQHandler
                0x0000016c                PIN_INT0_DriverIRQHandler
                0x0000016c                ADC0_SEQA_DriverIRQHandler
                0x0000016c                BOD_DriverIRQHandler
                0x0000016c                IntDefaultHandler
                0x0000016c                WDT_DriverIRQHandler
                0x0000016c                WKT_DriverIRQHandler
                0x0000016c                DAC0_DriverIRQHandler
                0x0000016c                MRT0_DriverIRQHandler
                0x0000016c                PIN_INT4_DriverIRQHandler
                0x0000016c                ADC0_THCMP_DriverIRQHandler
                0x0000016e                SPI0_IRQHandler
                0x00000176                SPI1_IRQHandler
                0x0000017e                DAC0_IRQHandler
                0x00000186                USART0_IRQHandler
                0x0000018e                USART1_IRQHandler
                0x00000196                USART2_IRQHandler
                0x0000019e                Reserved22_IRQHandler
                0x000001a6                I2C1_IRQHandler
                0x000001ae                I2C0_IRQHandler
                0x000001b6                SCT0_IRQHandler
                0x000001be                MRT0_IRQHandler
                0x000001c6                CMP_CAPT_IRQHandler
                0x000001ce                WDT_IRQHandler
                0x000001d6                BOD_IRQHandler
                0x000001de                FLASH_IRQHandler
                0x000001e6                WKT_IRQHandler
                0x000001ee                ADC0_SEQA_IRQHandler
                0x000001f6                ADC0_SEQB_IRQHandler
                0x000001fe                ADC0_THCMP_IRQHandler
                0x00000206                ADC0_OVR_IRQHandler
                0x0000020e                DMA0_IRQHandler
                0x00000216                I2C2_IRQHandler
                0x0000021e                I2C3_IRQHandler
                0x00000226                CTIMER0_IRQHandler
                0x0000022e                PIN_INT0_IRQHandler
                0x00000236                PIN_INT1_IRQHandler
                0x0000023e                PIN_INT2_IRQHandler
                0x00000246                PIN_INT3_IRQHandler
                0x0000024e                PIN_INT4_IRQHandler
                0x00000256                PIN_INT5_DAC1_IRQHandler
                0x0000025e                PIN_INT6_USART3_IRQHandler
                0x00000266                PIN_INT7_USART4_IRQHandler
 *(SORT_BY_ALIGNMENT(.text*))
 *fill*         0x0000026e        0x2 ff
 .text.CLOCK_EnableClock
                0x00000270       0x54 ./source/Invernadero.o
 .text.CLOCK_DisableClock
                0x000002c4       0x58 ./source/Invernadero.o
 .text.CLOCK_Select
                0x0000031c       0x38 ./source/Invernadero.o
 .text.CLOCK_SetClkDivider
                0x00000354       0x30 ./source/Invernadero.o
 .text.POWER_DisablePD
                0x00000384       0x2c ./source/Invernadero.o
 .text.SCTIMER_StartTimer
                0x000003b0       0x48 ./source/Invernadero.o
 .text.main     0x000003f8       0xc0 ./source/Invernadero.o
                0x000003f8                main
 .text.GestionarMenu
                0x000004b8      0x1c0 ./source/Invernadero.o
                0x000004b8                GestionarMenu
 .text.MenuIngresoNumerico
                0x00000678      0x1a0 ./source/Invernadero.o
                0x00000678                MenuIngresoNumerico
 .text.InicializarHardware
                0x00000818      0x1d0 ./source/Invernadero.o
                0x00000818                InicializarHardware
 .text.LeerSensores
                0x000009e8      0x150 ./source/Invernadero.o
                0x000009e8                LeerSensores
 .text.CalcularTemperatura
                0x00000b38       0xac ./source/Invernadero.o
                0x00000b38                CalcularTemperatura
 .text.MoverServo
                0x00000be4       0x60 ./source/Invernadero.o
                0x00000be4                MoverServo
 .text.ProcesarAlertas
                0x00000c44      0x1a8 ./source/Invernadero.o
                0x00000c44                ProcesarAlertas
 .text.ActualizarPantallaPrincipal
                0x00000dec      0x158 ./source/Invernadero.o
                0x00000dec                ActualizarPantallaPrincipal
 .text.ADC_Configuration
                0x00000f44       0x80 ./source/Invernadero.o
                0x00000f44                ADC_Configuration
 .text.GuardarConfiguracionFlash
                0x00000fc4       0xa0 ./source/Invernadero.o
                0x00000fc4                GuardarConfiguracionFlash
 .text.CargarConfiguracionFlash
                0x00001064       0x7c ./source/Invernadero.o
                0x00001064                CargarConfiguracionFlash
 .text.HardFault_Handler
                0x000010e0       0x30 ./source/semihost_hardfault.o
                0x000010e0                HardFault_Handler
 .text.OLED_Command
                0x00001110       0x60 ./drivers/fsl_SSD1306_I2C.o
 .text.OLED_Render_Char
                0x00001170      0x440 ./drivers/fsl_SSD1306_I2C.o
 .text.OLED_Refresh
                0x000015b0       0x9c ./drivers/fsl_SSD1306_I2C.o
                0x000015b0                OLED_Refresh
 .text.OLED_Clear
                0x0000164c       0x1c ./drivers/fsl_SSD1306_I2C.o
                0x0000164c                OLED_Clear
 .text.OLED_Set_Pixel
                0x00001668       0xcc ./drivers/fsl_SSD1306_I2C.o
                0x00001668                OLED_Set_Pixel
 .text.__NVIC_EnableIRQ
                0x00001734       0x34 ./drivers/fsl_Systick_Delay.o
 .text.__NVIC_SetPriority
                0x00001768       0xdc ./drivers/fsl_Systick_Delay.o
 .text.SysTick_Config
                0x00001844       0x48 ./drivers/fsl_Systick_Delay.o
 .text.SysTick_Handler
                0x0000188c       0x18 ./drivers/fsl_Systick_Delay.o
                0x0000188c                SysTick_Handler
 .text.Return_Tick_Value
                0x000018a4       0x14 ./drivers/fsl_Systick_Delay.o
                0x000018a4                Return_Tick_Value
 .text.Ticks_Delay
                0x000018b8       0x2c ./drivers/fsl_Systick_Delay.o
                0x000018b8                Ticks_Delay
 .text.CLOCK_EnableClock
                0x000018e4       0x54 ./drivers/fsl_adc.o
 .text.ADC_GetInstance
                0x00001938       0x48 ./drivers/fsl_adc.o
 .text.ADC_Init
                0x00001980       0x98 ./drivers/fsl_adc.o
                0x00001980                ADC_Init
 .text.ADC_DoSelfCalibration
                0x00001a18       0xb4 ./drivers/fsl_adc.o
                0x00001a18                ADC_DoSelfCalibration
 .text.ADC_SetConvSeqAConfig
                0x00001acc       0x94 ./drivers/fsl_adc.o
                0x00001acc                ADC_SetConvSeqAConfig
 .text.ADC_GetChannelConversionResult
                0x00001b60       0xa4 ./drivers/fsl_adc.o
                0x00001b60                ADC_GetChannelConversionResult
 .text.CLOCK_GetCoreSysClkFreq
                0x00001c04       0x24 ./drivers/fsl_clock.o
 .text.CLOCK_GetSystemPLLFreq
                0x00001c28       0x20 ./drivers/fsl_clock.o
 .text.CLOCK_GetWdtOscFreq
                0x00001c48       0x14 ./drivers/fsl_clock.o
 .text.CLOCK_GetExtClkFreq
                0x00001c5c       0x14 ./drivers/fsl_clock.o
 .text.CLOCK_GetFRG0ClkFreq
                0x00001c70       0x68 ./drivers/fsl_clock.o
                0x00001c70                CLOCK_GetFRG0ClkFreq
 .text.CLOCK_GetFRG1ClkFreq
                0x00001cd8       0x68 ./drivers/fsl_clock.o
                0x00001cd8                CLOCK_GetFRG1ClkFreq
 .text.CLOCK_GetMainClkFreq
                0x00001d40       0x74 ./drivers/fsl_clock.o
                0x00001d40                CLOCK_GetMainClkFreq
 .text.CLOCK_GetFroFreq
                0x00001db4       0x78 ./drivers/fsl_clock.o
                0x00001db4                CLOCK_GetFroFreq
 .text.CLOCK_GetFreq
                0x00001e2c       0x90 ./drivers/fsl_clock.o
                0x00001e2c                CLOCK_GetFreq
 .text.CLOCK_GetSystemPLLInClockRate
                0x00001ebc       0x5c ./drivers/fsl_clock.o
                0x00001ebc                CLOCK_GetSystemPLLInClockRate
 .text.SDK_DelayAtLeastUs
                0x00001f18       0x88 ./drivers/fsl_common.o
                0x00001f18                SDK_DelayAtLeastUs
 .text.CLOCK_EnableClock
                0x00001fa0       0x54 ./drivers/fsl_gpio.o
 .text.GPIO_PortInit
                0x00001ff4       0x48 ./drivers/fsl_gpio.o
                0x00001ff4                GPIO_PortInit
 .text.CLOCK_EnableClock
                0x0000203c       0x54 ./drivers/fsl_i2c.o
 .text.I2C_GetInstance
                0x00002090       0x4c ./drivers/fsl_i2c.o
                0x00002090                I2C_GetInstance
 .text.I2C_MasterGetDefaultConfig
                0x000020dc       0x34 ./drivers/fsl_i2c.o
                0x000020dc                I2C_MasterGetDefaultConfig
 .text.I2C_MasterInit
                0x00002110       0x64 ./drivers/fsl_i2c.o
                0x00002110                I2C_MasterInit
 .text.I2C_MasterSetBaudRate
                0x00002174       0xd0 ./drivers/fsl_i2c.o
                0x00002174                I2C_MasterSetBaudRate
 .text.I2C_MasterStart
                0x00002244       0x54 ./drivers/fsl_i2c.o
                0x00002244                I2C_MasterStart
 .text.I2C_MasterStop
                0x00002298       0x30 ./drivers/fsl_i2c.o
                0x00002298                I2C_MasterStop
 .text.I2C_MasterWriteBlocking
                0x000022c8      0x10c ./drivers/fsl_i2c.o
                0x000022c8                I2C_MasterWriteBlocking
 .text.I2C_MasterReadBlocking
                0x000023d4       0xf4 ./drivers/fsl_i2c.o
                0x000023d4                I2C_MasterReadBlocking
 .text.I2C_MasterTransferBlocking
                0x000024c8      0x164 ./drivers/fsl_i2c.o
                0x000024c8                I2C_MasterTransferBlocking
 .text.I2C_TransferCommonIRQHandler
                0x0000262c       0x40 ./drivers/fsl_i2c.o
 .text.I2C0_DriverIRQHandler
                0x0000266c       0x20 ./drivers/fsl_i2c.o
                0x0000266c                I2C0_DriverIRQHandler
 .text.I2C1_DriverIRQHandler
                0x0000268c       0x20 ./drivers/fsl_i2c.o
                0x0000268c                I2C1_DriverIRQHandler
 .text.I2C2_DriverIRQHandler
                0x000026ac       0x20 ./drivers/fsl_i2c.o
                0x000026ac                I2C2_DriverIRQHandler
 .text.translate_iap_status
                0x000026cc       0x2c ./drivers/fsl_iap.o
 .text.iap_entry
                0x000026f8       0x24 ./drivers/fsl_iap.o
 .text.RESET_SetPeripheralReset
                0x0000271c       0x70 ./drivers/fsl_reset.o
 .text.RESET_ClearPeripheralReset
                0x0000278c       0x6c ./drivers/fsl_reset.o
 .text.CLOCK_EnableClock
                0x000027f8       0x54 ./drivers/fsl_sctimer.o
 .text.SCTIMER_StartTimer
                0x0000284c       0x48 ./drivers/fsl_sctimer.o
 .text.SCTIMER_SetupOutputSetAction
                0x00002894       0x48 ./drivers/fsl_sctimer.o
 .text.SCTIMER_SetupOutputClearAction
                0x000028dc       0x4c ./drivers/fsl_sctimer.o
 .text.SCTIMER_GetInstance
                0x00002928       0x50 ./drivers/fsl_sctimer.o
 .text.SCTIMER_Init
                0x00002978      0x124 ./drivers/fsl_sctimer.o
                0x00002978                SCTIMER_Init
 .text.SCTIMER_GetDefaultConfig
                0x00002a9c       0x64 ./drivers/fsl_sctimer.o
                0x00002a9c                SCTIMER_GetDefaultConfig
 .text.SCTIMER_SetupPwm
                0x00002b00      0x268 ./drivers/fsl_sctimer.o
                0x00002b00                SCTIMER_SetupPwm
 .text.SCTIMER_UpdatePwmDutycycle
                0x00002d68       0xe4 ./drivers/fsl_sctimer.o
                0x00002d68                SCTIMER_UpdatePwmDutycycle
 .text.SCTIMER_CreateAndScheduleEvent
                0x00002e4c      0x204 ./drivers/fsl_sctimer.o
                0x00002e4c                SCTIMER_CreateAndScheduleEvent
 .text.SCTIMER_EventHandleIRQ
                0x00003050       0x78 ./drivers/fsl_sctimer.o
                0x00003050                SCTIMER_EventHandleIRQ
 .text.SCT0_DriverIRQHandler
                0x000030c8       0x1c ./drivers/fsl_sctimer.o
                0x000030c8                SCT0_DriverIRQHandler
 .text.SPI_CommonIRQHandler
                0x000030e4       0x40 ./drivers/fsl_spi.o
 .text.SPI0_DriverIRQHandler
                0x00003124       0x34 ./drivers/fsl_spi.o
                0x00003124                SPI0_DriverIRQHandler
 .text.SPI1_DriverIRQHandler
                0x00003158       0x34 ./drivers/fsl_spi.o
                0x00003158                SPI1_DriverIRQHandler
 .text.SWM_SetMovablePinSelect
                0x0000318c       0x98 ./drivers/fsl_swm.o
                0x0000318c                SWM_SetMovablePinSelect
 .text.SWM_SetFixedPinSelect
                0x00003224       0xbc ./drivers/fsl_swm.o
                0x00003224                SWM_SetFixedPinSelect
 .text.USART0_DriverIRQHandler
                0x000032e0       0x24 ./drivers/fsl_usart.o
                0x000032e0                USART0_DriverIRQHandler
 .text.USART1_DriverIRQHandler
                0x00003304       0x24 ./drivers/fsl_usart.o
                0x00003304                USART1_DriverIRQHandler
 .text.USART2_DriverIRQHandler
                0x00003328       0x24 ./drivers/fsl_usart.o
                0x00003328                USART2_DriverIRQHandler
 .text.PIN_INT6_USART3_DriverIRQHandler
                0x0000334c       0x24 ./drivers/fsl_usart.o
                0x0000334c                PIN_INT6_USART3_DriverIRQHandler
 .text.PIN_INT7_USART4_DriverIRQHandler
                0x00003370       0x24 ./drivers/fsl_usart.o
                0x00003370                PIN_INT7_USART4_DriverIRQHandler
 .text.Teclado_Init
                0x00003394       0x9c ./drivers/teclado.o
                0x00003394                Teclado_Init
 .text.Teclado_Scan
                0x00003430       0xc8 ./drivers/teclado.o
                0x00003430                Teclado_Scan
 .text.SystemInit
                0x000034f8       0x2c ./device/system_LPC845.o
                0x000034f8                SystemInit
 .text.__assertion_failed
                0x00003524       0x4c d:/nxp/mcuxpressoide_11.1.1_3241/ide/plugins/com.nxp.mcuxpresso.tools.win32_11.1.0.202001081728/tools/bin/../lib/gcc/arm-none-eabi/8.3.1/../../../../arm-none-eabi/lib/thumb/v6-m/nofp\libcr_semihost_nf.a(_cr_assert.o)
                0x00003524                __assertion_failed
 .text.__sys_appexit
                0x00003570        0xc d:/nxp/mcuxpressoide_11.1.1_3241/ide/plugins/com.nxp.mcuxpresso.tools.win32_11.1.0.202001081728/tools/bin/../lib/gcc/arm-none-eabi/8.3.1/../../../../arm-none-eabi/lib/thumb/v6-m/nofp\libcr_semihost_nf.a(__sys_appexit.o)
                0x00003570                __sys_appexit
                0x00003570                __exit
 .text.logf     0x0000357c      0x13c d:/nxp/mcuxpressoide_11.1.1_3241/ide/plugins/com.nxp.mcuxpresso.tools.win32_11.1.0.202001081728/tools/bin/../lib/gcc/arm-none-eabi/8.3.1/../../../../arm-none-eabi/lib/thumb/v6-m/nofp\libcr_c.a(logf.o)
                0x0000357c                logf
 .text._deferredlazyseek
                0x000036b8       0x40 d:/nxp/mcuxpressoide_11.1.1_3241/ide/plugins/com.nxp.mcuxpresso.tools.win32_11.1.0.202001081728/tools/bin/../lib/gcc/arm-none-eabi/8.3.1/../../../../arm-none-eabi/lib/thumb/v6-m/nofp\libcr_c.a(_deferredlazyseek.o)
                0x000036b8                _deferredlazyseek
 .text.__flsbuf
                0x000036f8      0x14c d:/nxp/mcuxpressoide_11.1.1_3241/ide/plugins/com.nxp.mcuxpresso.tools.win32_11.1.0.202001081728/tools/bin/../lib/gcc/arm-none-eabi/8.3.1/../../../../arm-none-eabi/lib/thumb/v6-m/nofp\libcr_c.a(_deferredlazyseek.o)
                0x000036f8                __flsbuf
 .text._fflush  0x00003844       0x5c d:/nxp/mcuxpressoide_11.1.1_3241/ide/plugins/com.nxp.mcuxpresso.tools.win32_11.1.0.202001081728/tools/bin/../lib/gcc/arm-none-eabi/8.3.1/../../../../arm-none-eabi/lib/thumb/v6-m/nofp\libcr_c.a(_fflush.o)
                0x00003844                _fflush
 .text._Cwritebuf
                0x000038a0       0x68 d:/nxp/mcuxpressoide_11.1.1_3241/ide/plugins/com.nxp.mcuxpresso.tools.win32_11.1.0.202001081728/tools/bin/../lib/gcc/arm-none-eabi/8.3.1/../../../../arm-none-eabi/lib/thumb/v6-m/nofp\libcr_c.a(_writebuf.o)
                0x000038a0                _Cwritebuf
 .text.malloc   0x00003908       0xcc d:/nxp/mcuxpressoide_11.1.1_3241/ide/plugins/com.nxp.mcuxpresso.tools.win32_11.1.0.202001081728/tools/bin/../lib/gcc/arm-none-eabi/8.3.1/../../../../arm-none-eabi/lib/thumb/v6-m/nofp\libcr_c.a(alloc.o)
                0x00003908                malloc
 .text._Csys_alloc
                0x000039d4       0x20 d:/nxp/mcuxpressoide_11.1.1_3241/ide/plugins/com.nxp.mcuxpresso.tools.win32_11.1.0.202001081728/tools/bin/../lib/gcc/arm-none-eabi/8.3.1/../../../../arm-none-eabi/lib/thumb/v6-m/nofp\libcr_c.a(alloc.o)
                0x000039d4                _Csys_alloc
 .text.fseek    0x000039f4       0xf0 d:/nxp/mcuxpressoide_11.1.1_3241/ide/plugins/com.nxp.mcuxpresso.tools.win32_11.1.0.202001081728/tools/bin/../lib/gcc/arm-none-eabi/8.3.1/../../../../arm-none-eabi/lib/thumb/v6-m/nofp\libcr_c.a(fseek.o)
                0x000039f4                fseek
 .text.ftell    0x00003ae4       0x48 d:/nxp/mcuxpressoide_11.1.1_3241/ide/plugins/com.nxp.mcuxpresso.tools.win32_11.1.0.202001081728/tools/bin/../lib/gcc/arm-none-eabi/8.3.1/../../../../arm-none-eabi/lib/thumb/v6-m/nofp\libcr_c.a(ftell.o)
                0x00003ae4                ftell
 .text._initio  0x00003b2c       0x7c d:/nxp/mcuxpressoide_11.1.1_3241/ide/plugins/com.nxp.mcuxpresso.tools.win32_11.1.0.202001081728/tools/bin/../lib/gcc/arm-none-eabi/8.3.1/../../../../arm-none-eabi/lib/thumb/v6-m/nofp\libcr_c.a(initio.o)
                0x00003b2c                _initio
 .text.__vfprintf
                0x00003ba8      0xcd8 d:/nxp/mcuxpressoide_11.1.1_3241/ide/plugins/com.nxp.mcuxpresso.tools.win32_11.1.0.202001081728/tools/bin/../lib/gcc/arm-none-eabi/8.3.1/../../../../arm-none-eabi/lib/thumb/v6-m/nofp\libcr_c.a(printf.o)
                0x00003ba8                __vfprintf
 .text._sprintf
                0x00004880       0x6c d:/nxp/mcuxpressoide_11.1.1_3241/ide/plugins/com.nxp.mcuxpresso.tools.win32_11.1.0.202001081728/tools/bin/../lib/gcc/arm-none-eabi/8.3.1/../../../../arm-none-eabi/lib/thumb/v6-m/nofp\libcr_c.a(printf.o)
                0x00004880                _sprintf
 .text._vsnprintf
                0x000048ec       0x70 d:/nxp/mcuxpressoide_11.1.1_3241/ide/plugins/com.nxp.mcuxpresso.tools.win32_11.1.0.202001081728/tools/bin/../lib/gcc/arm-none-eabi/8.3.1/../../../../arm-none-eabi/lib/thumb/v6-m/nofp\libcr_c.a(printf.o)
                0x000048ec                _vsnprintf
 .text._printf  0x0000495c       0x50 d:/nxp/mcuxpressoide_11.1.1_3241/ide/plugins/com.nxp.mcuxpresso.tools.win32_11.1.0.202001081728/tools/bin/../lib/gcc/arm-none-eabi/8.3.1/../../../../arm-none-eabi/lib/thumb/v6-m/nofp\libcr_c.a(printf.o)
                0x0000495c                _printf
 .text.ch_val   0x000049ac       0x30 d:/nxp/mcuxpressoide_11.1.1_3241/ide/plugins/com.nxp.mcuxpresso.tools.win32_11.1.0.202001081728/tools/bin/../lib/gcc/arm-none-eabi/8.3.1/../../../../arm-none-eabi/lib/thumb/v6-m/nofp\libcr_c.a(scanf.o)
 .text._strtoul
                0x000049dc       0xd0 d:/nxp/mcuxpressoide_11.1.1_3241/ide/plugins/com.nxp.mcuxpresso.tools.win32_11.1.0.202001081728/tools/bin/../lib/gcc/arm-none-eabi/8.3.1/../../../../arm-none-eabi/lib/thumb/v6-m/nofp\libcr_c.a(scanf.o)
 .text.strtol   0x00004aac       0x8c d:/nxp/mcuxpressoide_11.1.1_3241/ide/plugins/com.nxp.mcuxpresso.tools.win32_11.1.0.202001081728/tools/bin/../lib/gcc/arm-none-eabi/8.3.1/../../../../arm-none-eabi/lib/thumb/v6-m/nofp\libcr_c.a(scanf.o)
                0x00004aac                strtol
 .text.atoi     0x00004b38       0x18 d:/nxp/mcuxpressoide_11.1.1_3241/ide/plugins/com.nxp.mcuxpresso.tools.win32_11.1.0.202001081728/tools/bin/../lib/gcc/arm-none-eabi/8.3.1/../../../../arm-none-eabi/lib/thumb/v6-m/nofp\libcr_c.a(scanf.o)
                0x00004b38                atoi
 .text.setvbuf  0x00004b50       0x4c d:/nxp/mcuxpressoide_11.1.1_3241/ide/plugins/com.nxp.mcuxpresso.tools.win32_11.1.0.202001081728/tools/bin/../lib/gcc/arm-none-eabi/8.3.1/../../../../arm-none-eabi/lib/thumb/v6-m/nofp\libcr_c.a(setvbuf.o)
                0x00004b50                setvbuf
 .text.strlen   0x00004b9c       0x58 d:/nxp/mcuxpressoide_11.1.1_3241/ide/plugins/com.nxp.mcuxpresso.tools.win32_11.1.0.202001081728/tools/bin/../lib/gcc/arm-none-eabi/8.3.1/../../../../arm-none-eabi/lib/thumb/v6-m/nofp\libcr_c.a(strlen.o)
                0x00004b9c                strlen
 .text.frexpf   0x00004bf4       0x58 d:/nxp/mcuxpressoide_11.1.1_3241/ide/plugins/com.nxp.mcuxpresso.tools.win32_11.1.0.202001081728/tools/bin/../lib/gcc/arm-none-eabi/8.3.1/../../../../arm-none-eabi/lib/thumb/v6-m/nofp\libcr_c.a(frexpf.o)
                0x00004bf4                frexpf
 .text._sbrk    0x00004c4c       0x40 d:/nxp/mcuxpressoide_11.1.1_3241/ide/plugins/com.nxp.mcuxpresso.tools.win32_11.1.0.202001081728/tools/bin/../lib/gcc/arm-none-eabi/8.3.1/../../../../arm-none-eabi/lib/thumb/v6-m/nofp\libcr_c.a(_cr_sbrk.o)
                0x00004c4c                _sbrk
 .text._fdopen  0x00004c8c       0x74 d:/nxp/mcuxpressoide_11.1.1_3241/ide/plugins/com.nxp.mcuxpresso.tools.win32_11.1.0.202001081728/tools/bin/../lib/gcc/arm-none-eabi/8.3.1/../../../../arm-none-eabi/lib/thumb/v6-m/nofp\libcr_c.a(_fdopen.o)
                0x00004c8c                _fdopen
 .text.fclose   0x00004d00       0x5c d:/nxp/mcuxpressoide_11.1.1_3241/ide/plugins/com.nxp.mcuxpresso.tools.win32_11.1.0.202001081728/tools/bin/../lib/gcc/arm-none-eabi/8.3.1/../../../../arm-none-eabi/lib/thumb/v6-m/nofp\libcr_c.a(fclose.o)
                0x00004d00                fclose
 .text.fflush   0x00004d5c       0x44 d:/nxp/mcuxpressoide_11.1.1_3241/ide/plugins/com.nxp.mcuxpresso.tools.win32_11.1.0.202001081728/tools/bin/../lib/gcc/arm-none-eabi/8.3.1/../../../../arm-none-eabi/lib/thumb/v6-m/nofp\libcr_c.a(fflush.o)
                0x00004d5c                fflush
 .text.__check_heap_overflow
                0x00004da0       0x14 d:/nxp/mcuxpressoide_11.1.1_3241/ide/plugins/com.nxp.mcuxpresso.tools.win32_11.1.0.202001081728/tools/bin/../lib/gcc/arm-none-eabi/8.3.1/../../../../arm-none-eabi/lib/thumb/v6-m/nofp\libcr_c.a(_cr_check_heap.o)
                0x00004da0                __check_heap_overflow
 .text._do_fflush
                0x00004db4       0x44 d:/nxp/mcuxpressoide_11.1.1_3241/ide/plugins/com.nxp.mcuxpresso.tools.win32_11.1.0.202001081728/tools/bin/../lib/gcc/arm-none-eabi/8.3.1/../../../../arm-none-eabi/lib/thumb/v6-m/nofp\libcr_c.a(_do_fflush.o)
                0x00004db4                _do_fflush
 .text.__aeabi_fmul
                0x00004df8       0xc4 d:/nxp/mcuxpressoide_11.1.1_3241/ide/plugins/com.nxp.mcuxpresso.tools.win32_11.1.0.202001081728/tools/bin/../lib/gcc/arm-none-eabi/8.3.1/thumb/v6-m/nofp\libcr_eabihelpers.a(float.o)
                0x00004df8                __aeabi_fmul
 .text.__aeabi_fdiv
                0x00004ebc       0xdc d:/nxp/mcuxpressoide_11.1.1_3241/ide/plugins/com.nxp.mcuxpresso.tools.win32_11.1.0.202001081728/tools/bin/../lib/gcc/arm-none-eabi/8.3.1/thumb/v6-m/nofp\libcr_eabihelpers.a(float.o)
                0x00004ebc                __aeabi_fdiv
 .text.__aeabi_fsub
                0x00004f98      0x128 d:/nxp/mcuxpressoide_11.1.1_3241/ide/plugins/com.nxp.mcuxpresso.tools.win32_11.1.0.202001081728/tools/bin/../lib/gcc/arm-none-eabi/8.3.1/thumb/v6-m/nofp\libcr_eabihelpers.a(float.o)
                0x00004f98                __aeabi_fsub
 .text.__aeabi_fadd
                0x000050c0       0xac d:/nxp/mcuxpressoide_11.1.1_3241/ide/plugins/com.nxp.mcuxpresso.tools.win32_11.1.0.202001081728/tools/bin/../lib/gcc/arm-none-eabi/8.3.1/thumb/v6-m/nofp\libcr_eabihelpers.a(float.o)
                0x000050c0                __aeabi_fadd
 .text.__aeabi_f2iz
                0x0000516c       0x3c d:/nxp/mcuxpressoide_11.1.1_3241/ide/plugins/com.nxp.mcuxpresso.tools.win32_11.1.0.202001081728/tools/bin/../lib/gcc/arm-none-eabi/8.3.1/thumb/v6-m/nofp\libcr_eabihelpers.a(float.o)
                0x0000516c                __aeabi_f2iz
 .text.__aeabi_f2d
                0x000051a8       0x3c d:/nxp/mcuxpressoide_11.1.1_3241/ide/plugins/com.nxp.mcuxpresso.tools.win32_11.1.0.202001081728/tools/bin/../lib/gcc/arm-none-eabi/8.3.1/thumb/v6-m/nofp\libcr_eabihelpers.a(float.o)
                0x000051a8                __aeabi_f2d
 .text.GPIO_PinWrite
                0x000051e4       0x2c ./source/Invernadero.o
 .text.ADC_EnableConvSeqA
                0x00005210       0x3a ./source/Invernadero.o
 .text.ADC_DoSoftwareTriggerConvSeqA
                0x0000524a       0x1e ./source/Invernadero.o
 .text.OLED_Reset
                0x00005268       0x1c ./drivers/fsl_SSD1306_I2C.o
 .text.OLED_Config_Display
                0x00005284       0x94 ./drivers/fsl_SSD1306_I2C.o
 .text.OLED_Init
                0x00005318       0x16 ./drivers/fsl_SSD1306_I2C.o
                0x00005318                OLED_Init
 .text.OLED_Set_Text
                0x0000532e       0xc0 ./drivers/fsl_SSD1306_I2C.o
                0x0000532e                OLED_Set_Text
 .text.Systick_Init
                0x000053ee       0x3a ./drivers/fsl_Systick_Delay.o
                0x000053ee                Systick_Init
 .text.ADC_GetDefaultConfig
                0x00005428       0x34 ./drivers/fsl_adc.o
                0x00005428                ADC_GetDefaultConfig
 .text.CLOCK_GetFRGInputClkFreq
                0x0000545c       0x3e ./drivers/fsl_clock.o
 .text.DelayLoop
                0x0000549a       0x1a ./drivers/fsl_common.o
 .text.GPIO_PinInit
                0x000054b4       0xb4 ./drivers/fsl_gpio.o
                0x000054b4                GPIO_PinInit
 .text.I2C_MasterEnable
                0x00005568       0x3c ./drivers/fsl_i2c.o
 .text.I2C_GetStatusFlags
                0x000055a4       0x14 ./drivers/fsl_i2c.o
 .text.I2C_MasterClearStatusFlags
                0x000055b8       0x1c ./drivers/fsl_i2c.o
 .text.I2C_MasterRepeatedStart
                0x000055d4       0x32 ./drivers/fsl_i2c.o
 .text.I2C_PendingStatusWait
                0x00005606       0x30 ./drivers/fsl_i2c.o
 .text.IAP_PrepareSectorForWrite
                0x00005636       0x40 ./drivers/fsl_iap.o
                0x00005636                IAP_PrepareSectorForWrite
 .text.IAP_CopyRamToFlash
                0x00005676       0x5e ./drivers/fsl_iap.o
                0x00005676                IAP_CopyRamToFlash
 .text.IAP_EraseSector
                0x000056d4       0x56 ./drivers/fsl_iap.o
                0x000056d4                IAP_EraseSector
 .text.RESET_PeripheralReset
                0x0000572a       0x20 ./drivers/fsl_reset.o
                0x0000572a                RESET_PeripheralReset
 .text.SCTIMER_StopTimer
                0x0000574a       0x44 ./drivers/fsl_sctimer.o
 .text.SCTIMER_SetupCounterLimitAction
                0x0000578e       0x5e ./drivers/fsl_sctimer.o
 .text.SPI_IsMaster
                0x000057ec       0x1e ./drivers/fsl_spi.o
 .text.GPIO_PinWrite
                0x0000580a       0x2c ./drivers/teclado.o
 .text.GPIO_PinRead
                0x00005836       0x24 ./drivers/teclado.o
 .text.SystemInitHook
                0x0000585a        0xa ./device/system_LPC845.o
                0x0000585a                SystemInitHook
 .text.BOARD_InitDebugConsole
                0x00005864        0xc ./board/board.o
                0x00005864                BOARD_InitDebugConsole
 .text.__main   0x00005870        0xc d:/nxp/mcuxpressoide_11.1.1_3241/ide/plugins/com.nxp.mcuxpresso.tools.win32_11.1.0.202001081728/tools/bin/../lib/gcc/arm-none-eabi/8.3.1/../../../../arm-none-eabi/lib/thumb/v6-m/nofp\libcr_semihost_nf.a(_cr__main.o)
                0x00005870                __CR_SEMIHOST
                0x00005870                __main
 .text.memcpy   0x0000587c        0x8 d:/nxp/mcuxpressoide_11.1.1_3241/ide/plugins/com.nxp.mcuxpresso.tools.win32_11.1.0.202001081728/tools/bin/../lib/gcc/arm-none-eabi/8.3.1/../../../../arm-none-eabi/lib/thumb/v6-m/nofp\libcr_c.a(memcpy.o)
                0x0000587c                memcpy
 .text.memset   0x00005884        0x8 d:/nxp/mcuxpressoide_11.1.1_3241/ide/plugins/com.nxp.mcuxpresso.tools.win32_11.1.0.202001081728/tools/bin/../lib/gcc/arm-none-eabi/8.3.1/../../../../arm-none-eabi/lib/thumb/v6-m/nofp\libcr_c.a(memset.o)
                0x00005884                memset
 .text.free     0x0000588c       0x2c d:/nxp/mcuxpressoide_11.1.1_3241/ide/plugins/com.nxp.mcuxpresso.tools.win32_11.1.0.202001081728/tools/bin/../lib/gcc/arm-none-eabi/8.3.1/../../../../arm-none-eabi/lib/thumb/v6-m/nofp\libcr_c.a(alloc.o)
                0x0000588c                free
 .text.fputs    0x000058b8       0x2e d:/nxp/mcuxpressoide_11.1.1_3241/ide/plugins/com.nxp.mcuxpresso.tools.win32_11.1.0.202001081728/tools/bin/../lib/gcc/arm-none-eabi/8.3.1/../../../../arm-none-eabi/lib/thumb/v6-m/nofp\libcr_c.a(fputs.o)
                0x000058b8                fputs
 .text.no_fp_display
                0x000058e6        0x4 d:/nxp/mcuxpressoide_11.1.1_3241/ide/plugins/com.nxp.mcuxpresso.tools.win32_11.1.0.202001081728/tools/bin/../lib/gcc/arm-none-eabi/8.3.1/../../../../arm-none-eabi/lib/thumb/v6-m/nofp\libcr_c.a(printf.o)
 .text.abs      0x000058ea        0x8 d:/nxp/mcuxpressoide_11.1.1_3241/ide/plugins/com.nxp.mcuxpresso.tools.win32_11.1.0.202001081728/tools/bin/../lib/gcc/arm-none-eabi/8.3.1/../../../../arm-none-eabi/lib/thumb/v6-m/nofp\libcr_c.a(stdlib.o)
                0x000058ea                abs
 .text.remove   0x000058f2       0x12 d:/nxp/mcuxpressoide_11.1.1_3241/ide/plugins/com.nxp.mcuxpresso.tools.win32_11.1.0.202001081728/tools/bin/../lib/gcc/arm-none-eabi/8.3.1/../../../../arm-none-eabi/lib/thumb/v6-m/nofp\libcr_c.a(remove.o)
                0x000058f2                remove
 .text.__aeabi_division_idivmod
                0x00005904       0x78 d:/nxp/mcuxpressoide_11.1.1_3241/ide/plugins/com.nxp.mcuxpresso.tools.win32_11.1.0.202001081728/tools/bin/../lib/gcc/arm-none-eabi/8.3.1/thumb/v6-m/nofp\libcr_eabihelpers.a(division_32.o)
                0x00005904                __aeabi_idivmod
                0x00005904                __aeabi_idiv
                0x0000590a                __aeabi_uidivmod
                0x0000590a                __aeabi_uidiv
 .text.__aeabi_division_uldivmod
                0x0000597c       0x5a d:/nxp/mcuxpressoide_11.1.1_3241/ide/plugins/com.nxp.mcuxpresso.tools.win32_11.1.0.202001081728/tools/bin/../lib/gcc/arm-none-eabi/8.3.1/thumb/v6-m/nofp\libcr_eabihelpers.a(division_64.o)
                0x0000597c                __aeabi_uldivmod
 .text.__aeabi_division_idiv0
                0x000059d6        0x2 d:/nxp/mcuxpressoide_11.1.1_3241/ide/plugins/com.nxp.mcuxpresso.tools.win32_11.1.0.202001081728/tools/bin/../lib/gcc/arm-none-eabi/8.3.1/thumb/v6-m/nofp\libcr_eabihelpers.a(division_idiv0.o)
                0x000059d6                __aeabi_idiv0
 .text.__bhs_ui2f
                0x000059d8       0x62 d:/nxp/mcuxpressoide_11.1.1_3241/ide/plugins/com.nxp.mcuxpresso.tools.win32_11.1.0.202001081728/tools/bin/../lib/gcc/arm-none-eabi/8.3.1/thumb/v6-m/nofp\libcr_eabihelpers.a(float.o)
                0x000059d8                __bhs_ui2f
 .text.__aeabi_i2f
                0x00005a3a       0x18 d:/nxp/mcuxpressoide_11.1.1_3241/ide/plugins/com.nxp.mcuxpresso.tools.win32_11.1.0.202001081728/tools/bin/../lib/gcc/arm-none-eabi/8.3.1/thumb/v6-m/nofp\libcr_eabihelpers.a(float.o)
                0x00005a3a                __aeabi_i2f
 .text.__aeabi_ui2f
                0x00005a52        0xc d:/nxp/mcuxpressoide_11.1.1_3241/ide/plugins/com.nxp.mcuxpresso.tools.win32_11.1.0.202001081728/tools/bin/../lib/gcc/arm-none-eabi/8.3.1/thumb/v6-m/nofp\libcr_eabihelpers.a(float.o)
                0x00005a52                __aeabi_ui2f
 .text.__aeabi_fcmpeq
                0x00005a5e       0x20 d:/nxp/mcuxpressoide_11.1.1_3241/ide/plugins/com.nxp.mcuxpresso.tools.win32_11.1.0.202001081728/tools/bin/../lib/gcc/arm-none-eabi/8.3.1/thumb/v6-m/nofp\libcr_eabihelpers.a(float.o)
                0x00005a5e                __aeabi_fcmpeq
 .text.__aeabi_fcmpgt
                0x00005a7e       0x3e d:/nxp/mcuxpressoide_11.1.1_3241/ide/plugins/com.nxp.mcuxpresso.tools.win32_11.1.0.202001081728/tools/bin/../lib/gcc/arm-none-eabi/8.3.1/thumb/v6-m/nofp\libcr_eabihelpers.a(float.o)
                0x00005a7e                __aeabi_fcmpgt
 .text.__aeabi_fcmple
                0x00005abc       0x44 d:/nxp/mcuxpressoide_11.1.1_3241/ide/plugins/com.nxp.mcuxpresso.tools.win32_11.1.0.202001081728/tools/bin/../lib/gcc/arm-none-eabi/8.3.1/thumb/v6-m/nofp\libcr_eabihelpers.a(float.o)
                0x00005abc                __aeabi_fcmple
 .text.__aeabi_llong_lmul
                0x00005b00       0x2e d:/nxp/mcuxpressoide_11.1.1_3241/ide/plugins/com.nxp.mcuxpresso.tools.win32_11.1.0.202001081728/tools/bin/../lib/gcc/arm-none-eabi/8.3.1/thumb/v6-m/nofp\libcr_eabihelpers.a(llong.o)
                0x00005b00                __aeabi_lmul
 .text.__aeabi_memcpy
                0x00005b2e       0x2c d:/nxp/mcuxpressoide_11.1.1_3241/ide/plugins/com.nxp.mcuxpresso.tools.win32_11.1.0.202001081728/tools/bin/../lib/gcc/arm-none-eabi/8.3.1/thumb/v6-m/nofp\libcr_eabihelpers.a(memcpy.o)
                0x00005b2e                __aeabi_memcpy4
                0x00005b2e                __aeabi_memcpy8
                0x00005b2e                __aeabi_memcpy
 .text.__aeabi_memset_lowlevel
                0x00005b5a       0x2a d:/nxp/mcuxpressoide_11.1.1_3241/ide/plugins/com.nxp.mcuxpresso.tools.win32_11.1.0.202001081728/tools/bin/../lib/gcc/arm-none-eabi/8.3.1/thumb/v6-m/nofp\libcr_eabihelpers.a(memcpy.o)
                0x00005b5a                __aeabi_lowlevel_memset
 .text.__sys_close
                0x00005b84        0xc d:/nxp/mcuxpressoide_11.1.1_3241/ide/plugins/com.nxp.mcuxpresso.tools.win32_11.1.0.202001081728/tools/bin/../lib/gcc/arm-none-eabi/8.3.1/../../../../arm-none-eabi/lib/thumb/v6-m/nofp\libcr_semihost_nf.a(__sys_close.o)
                0x00005b84                __sys_close
 .text.__sys_flen
                0x00005b90        0xc d:/nxp/mcuxpressoide_11.1.1_3241/ide/plugins/com.nxp.mcuxpresso.tools.win32_11.1.0.202001081728/tools/bin/../lib/gcc/arm-none-eabi/8.3.1/../../../../arm-none-eabi/lib/thumb/v6-m/nofp\libcr_semihost_nf.a(__sys_flen.o)
                0x00005b90                __sys_flen
 .text.__sys_istty
                0x00005b9c        0xc d:/nxp/mcuxpressoide_11.1.1_3241/ide/plugins/com.nxp.mcuxpresso.tools.win32_11.1.0.202001081728/tools/bin/../lib/gcc/arm-none-eabi/8.3.1/../../../../arm-none-eabi/lib/thumb/v6-m/nofp\libcr_semihost_nf.a(__sys_istty.o)
                0x00005b9c                __sys_istty
 .text.__sys_remove
                0x00005ba8        0xc d:/nxp/mcuxpressoide_11.1.1_3241/ide/plugins/com.nxp.mcuxpresso.tools.win32_11.1.0.202001081728/tools/bin/../lib/gcc/arm-none-eabi/8.3.1/../../../../arm-none-eabi/lib/thumb/v6-m/nofp\libcr_semihost_nf.a(__sys_remove.o)
                0x00005ba8                __sys_remove
 .text.__sys_seek
                0x00005bb4        0xc d:/nxp/mcuxpressoide_11.1.1_3241/ide/plugins/com.nxp.mcuxpresso.tools.win32_11.1.0.202001081728/tools/bin/../lib/gcc/arm-none-eabi/8.3.1/../../../../arm-none-eabi/lib/thumb/v6-m/nofp\libcr_semihost_nf.a(__sys_seek.o)
                0x00005bb4                __sys_seek
 .text.__sys_tmpnam
                0x00005bc0        0xc d:/nxp/mcuxpressoide_11.1.1_3241/ide/plugins/com.nxp.mcuxpresso.tools.win32_11.1.0.202001081728/tools/bin/../lib/gcc/arm-none-eabi/8.3.1/../../../../arm-none-eabi/lib/thumb/v6-m/nofp\libcr_semihost_nf.a(__sys_tmpnam.o)
                0x00005bc0                __sys_tmpnam
 .text.__sys_write
                0x00005bcc        0xc d:/nxp/mcuxpressoide_11.1.1_3241/ide/plugins/com.nxp.mcuxpresso.tools.win32_11.1.0.202001081728/tools/bin/../lib/gcc/arm-none-eabi/8.3.1/../../../../arm-none-eabi/lib/thumb/v6-m/nofp\libcr_semihost_nf.a(__sys_write.o)
                0x00005bcc                __sys_write
 *(SORT_BY_ALIGNMENT(.rodata) SORT_BY_ALIGNMENT(.rodata.*) SORT_BY_ALIGNMENT(.constdata) SORT_BY_ALIGNMENT(.constdata.*))
 .rodata.main.str1.4
                0x00005bd8       0x30 ./source/Invernadero.o
 .rodata.GestionarMenu.str1.4
                0x00005c08       0x81 ./source/Invernadero.o
                                 0x89 (size before relaxing)
 *fill*         0x00005c89        0x3 ff
 .rodata.MenuIngresoNumerico.str1.4
                0x00005c8c        0x6 ./source/Invernadero.o
 *fill*         0x00005c92        0x2 ff
 .rodata        0x00005c94        0x3 ./source/Invernadero.o
 *fill*         0x00005c97        0x1 ff
 .rodata.ProcesarAlertas.str1.4
                0x00005c98       0x34 ./source/Invernadero.o
 .rodata.ActualizarPantallaPrincipal.str1.4
                0x00005ccc       0x6e ./source/Invernadero.o
 *fill*         0x00005d3a        0x2 ff
 .rodata.GuardarConfiguracionFlash.str1.4
                0x00005d3c       0x18 ./source/Invernadero.o
 .rodata.CargarConfiguracionFlash.str1.4
                0x00005d54       0x40 ./source/Invernadero.o
 .rodata.font5x7
                0x00005d94      0x379 ./drivers/fsl_SSD1306_I2C.o
 *fill*         0x0000610d        0x3 ff
 .rodata.ADC_GetInstance.str1.4
                0x00006110       0x32 ./drivers/fsl_adc.o
 *fill*         0x00006142        0x2 ff
 .rodata.ADC_Init.str1.4
                0x00006144       0x1f ./drivers/fsl_adc.o
 *fill*         0x00006163        0x1 ff
 .rodata.ADC_DoSelfCalibration.str1.4
                0x00006164       0x21 ./drivers/fsl_adc.o
 *fill*         0x00006185        0x3 ff
 .rodata.ADC_SetConvSeqAConfig.str1.4
                0x00006188       0x20 ./drivers/fsl_adc.o
 .rodata.ADC_GetChannelConversionResult.str1.4
                0x000061a8       0x49 ./drivers/fsl_adc.o
 *fill*         0x000061f1        0x3 ff
 .rodata.CLOCK_GetFreq
                0x000061f4       0x24 ./drivers/fsl_clock.o
 .rodata.SDK_DelayAtLeastUs.str1.4
                0x00006218       0x4c ./drivers/fsl_common.o
 .rodata.s_gpioClockName
                0x00006264        0x4 ./drivers/fsl_gpio.o
 .rodata.s_gpioResets
                0x00006268        0x8 ./drivers/fsl_gpio.o
 .rodata.GPIO_PortInit.str1.4
                0x00006270       0x34 ./drivers/fsl_gpio.o
 .rodata.s_i2cBases
                0x000062a4       0x10 ./drivers/fsl_i2c.o
 .rodata.s_i2cClocks
                0x000062b4        0x8 ./drivers/fsl_i2c.o
 .rodata.s_i2cResets
                0x000062bc       0x10 ./drivers/fsl_i2c.o
 .rodata.I2C_GetInstance.str1.4
                0x000062cc       0x33 ./drivers/fsl_i2c.o
 *fill*         0x000062ff        0x1 ff
 .rodata.I2C_MasterWriteBlocking.str1.4
                0x00006300       0x20 ./drivers/fsl_i2c.o
 .rodata.I2C_MasterReadBlocking.str1.4
                0x00006320       0x20 ./drivers/fsl_i2c.o
 .rodata.I2C_MasterTransferBlocking.str1.4
                0x00006340       0x16 ./drivers/fsl_i2c.o
 *fill*         0x00006356        0x2 ff
 .rodata.RESET_SetPeripheralReset.str1.4
                0x00006358       0x20 ./drivers/fsl_reset.o
 .rodata.RESET_ClearPeripheralReset.str1.4
                0x00006378       0x20 ./drivers/fsl_reset.o
 .rodata.SCTIMER_SetupOutputSetAction.str1.4
                0x00006398       0x4b ./drivers/fsl_sctimer.o
 *fill*         0x000063e3        0x1 ff
 .rodata.SCTIMER_SetupOutputClearAction.str1.4
                0x000063e4       0x4b ./drivers/fsl_sctimer.o
 *fill*         0x0000642f        0x1 ff
 .rodata.SCTIMER_GetInstance.str1.4
                0x00006430       0x2d ./drivers/fsl_sctimer.o
 *fill*         0x0000645d        0x3 ff
 .rodata.SCTIMER_Init.str1.4
                0x00006460       0x24 ./drivers/fsl_sctimer.o
 .rodata.SCTIMER_GetDefaultConfig.str1.4
                0x00006484       0x24 ./drivers/fsl_sctimer.o
 .rodata.SCTIMER_SetupPwm.str1.4
                0x000064a8       0xd7 ./drivers/fsl_sctimer.o
 *fill*         0x0000657f        0x1 ff
 .rodata.SCTIMER_UpdatePwmDutycycle.str1.4
                0x00006580       0x80 ./drivers/fsl_sctimer.o
 .rodata.SPI0_DriverIRQHandler.str1.4
                0x00006600       0x20 ./drivers/fsl_spi.o
 .rodata.SPI1_DriverIRQHandler.str1.4
                0x00006620       0x20 ./drivers/fsl_spi.o
 .rodata.SWM_SetMovablePinSelect.str1.4
                0x00006640       0x4e ./drivers/fsl_swm.o
 *fill*         0x0000668e        0x2 ff
 .rodata.SWM_SetFixedPinSelect.str1.4
                0x00006690       0x80 ./drivers/fsl_swm.o
                                 0x7f (size before relaxing)
 .rodata.filas  0x00006710        0x4 ./drivers/teclado.o
 .rodata.columnas
                0x00006714        0x4 ./drivers/teclado.o
 .rodata.mapa_teclado
                0x00006718       0x10 ./drivers/teclado.o
 .rodata        0x00006728        0x2 ./drivers/teclado.o
 *fill*         0x0000672a        0x2 ff
 .rodata.__num_Ciob_streams
                0x0000672c        0x4 d:/nxp/mcuxpressoide_11.1.1_3241/ide/plugins/com.nxp.mcuxpresso.tools.win32_11.1.0.202001081728/tools/bin/../lib/gcc/arm-none-eabi/8.3.1/../../../../arm-none-eabi/lib/thumb/v6-m/nofp\libcr_semihost_nf.a(__ciob.o)
                0x0000672c                __num_Ciob_streams
 .rodata.__assertion_failed.str1.1
                0x00006730       0x15 d:/nxp/mcuxpressoide_11.1.1_3241/ide/plugins/com.nxp.mcuxpresso.tools.win32_11.1.0.202001081728/tools/bin/../lib/gcc/arm-none-eabi/8.3.1/../../../../arm-none-eabi/lib/thumb/v6-m/nofp\libcr_semihost_nf.a(_cr_assert.o)
 .rodata._Csys_alloc.str1.1
                0x00006745       0x18 d:/nxp/mcuxpressoide_11.1.1_3241/ide/plugins/com.nxp.mcuxpresso.tools.win32_11.1.0.202001081728/tools/bin/../lib/gcc/arm-none-eabi/8.3.1/../../../../arm-none-eabi/lib/thumb/v6-m/nofp\libcr_c.a(alloc.o)
 .rodata._initio.str1.1
                0x0000675d        0x4 d:/nxp/mcuxpressoide_11.1.1_3241/ide/plugins/com.nxp.mcuxpresso.tools.win32_11.1.0.202001081728/tools/bin/../lib/gcc/arm-none-eabi/8.3.1/../../../../arm-none-eabi/lib/thumb/v6-m/nofp\libcr_c.a(initio.o)
 .rodata.__vfprintf.str1.1
                0x00006761       0x35 d:/nxp/mcuxpressoide_11.1.1_3241/ide/plugins/com.nxp.mcuxpresso.tools.win32_11.1.0.202001081728/tools/bin/../lib/gcc/arm-none-eabi/8.3.1/../../../../arm-none-eabi/lib/thumb/v6-m/nofp\libcr_c.a(printf.o)
                                 0x38 (size before relaxing)
 .rodata.__ctype
                0x00006796      0x180 d:/nxp/mcuxpressoide_11.1.1_3241/ide/plugins/com.nxp.mcuxpresso.tools.win32_11.1.0.202001081728/tools/bin/../lib/gcc/arm-none-eabi/8.3.1/../../../../arm-none-eabi/lib/thumb/v6-m/nofp\libcr_c.a(ctype.o)
                0x00006796                __ctype
                0x00006918                . = ALIGN (0x4)
 *fill*         0x00006916        0x2 ff

.glue_7         0x00006918        0x0
 .glue_7        0x00006918        0x0 linker stubs

.glue_7t        0x00006918        0x0
 .glue_7t       0x00006918        0x0 linker stubs

.vfp11_veneer   0x00006918        0x0
 .vfp11_veneer  0x00006918        0x0 linker stubs

.v4_bx          0x00006918        0x0
 .v4_bx         0x00006918        0x0 linker stubs

.iplt           0x00006918        0x0
 .iplt          0x00006918        0x0 ./startup/startup_lpc845.o

.rel.dyn        0x00006918        0x0
 .rel.iplt      0x00006918        0x0 ./startup/startup_lpc845.o

.ARM.extab
 *(SORT_BY_ALIGNMENT(.ARM.extab*) SORT_BY_ALIGNMENT(.gnu.linkonce.armextab.*))

.ARM.exidx      0x00006918        0x0
                0x00006918                __exidx_start = .
 *(SORT_BY_ALIGNMENT(.ARM.exidx*) SORT_BY_ALIGNMENT(.gnu.linkonce.armexidx.*))
                0x00006918                __exidx_end = .
                0x00006918                _etext = .

.mtb_buffer_RAM2
 *(SORT_BY_ALIGNMENT(.mtb.$RAM2*))
 *(SORT_BY_ALIGNMENT(.mtb.$IAP_SRAM*))

.data_RAM2      0x10003fe0        0x0 load address 0x00006918
 FILL mask 0xff
                [!provide]                PROVIDE (__start_data_RAM2 = .)
                [!provide]                PROVIDE (__start_data_IAP_SRAM = .)
 *(SORT_BY_ALIGNMENT(.ramfunc.$RAM2))
 *(SORT_BY_ALIGNMENT(.ramfunc.$IAP_SRAM))
 *(SORT_BY_ALIGNMENT(.data.$RAM2))
 *(SORT_BY_ALIGNMENT(.data.$IAP_SRAM))
 *(SORT_BY_ALIGNMENT(.data.$RAM2.*))
 *(SORT_BY_ALIGNMENT(.data.$IAP_SRAM.*))
                0x10003fe0                . = ALIGN (0x4)
                [!provide]                PROVIDE (__end_data_RAM2 = .)
                [!provide]                PROVIDE (__end_data_IAP_SRAM = .)

.mtb_buffer_default
                0x10000000       0x80
 *(SORT_BY_ALIGNMENT(.mtb*))
 .mtb.$RAM1     0x10000000       0x80 ./source/mtb.o
                0x10000000                __mtb_buffer__

.uninit_RESERVED
                0x10000080        0x0
                0x10000080                _start_uninit_RESERVED = .
 *(SORT_BY_ALIGNMENT(.bss.$RESERVED*))
                0x10000080                . = ALIGN (0x4)
                0x10000080                _end_uninit_RESERVED = .

.data           0x10000080       0x10 load address 0x00006918
 FILL mask 0xff
                0x10000080                _data = .
                [!provide]                PROVIDE (__start_data_RAM = .)
                [!provide]                PROVIDE (__start_data_SRAM = .)
 *(SORT_BY_ALIGNMENT(vtable))
 *(SORT_BY_ALIGNMENT(.ramfunc*))
 *(SORT_BY_ALIGNMENT(CodeQuickAccess))
 *(SORT_BY_ALIGNMENT(DataQuickAccess))
 *(SORT_BY_ALIGNMENT(RamFunction))
 *(SORT_BY_ALIGNMENT(.data*))
 .data.limite_luz
                0x10000080        0x4 ./source/Invernadero.o
                0x10000080                limite_luz
 .data.limite_hum
                0x10000084        0x4 ./source/Invernadero.o
                0x10000084                limite_hum
 .data.limite_temp
                0x10000088        0x4 ./source/Invernadero.o
                0x10000088                limite_temp
 .data.SystemCoreClock
                0x1000008c        0x4 ./device/system_LPC845.o
                0x1000008c                SystemCoreClock
                0x10000090                . = ALIGN (0x4)
                0x10000090                _edata = .
                [!provide]                PROVIDE (__end_data_RAM = .)
                [!provide]                PROVIDE (__end_data_SRAM = .)

.igot.plt       0x10000090        0x0 load address 0x00006928
 .igot.plt      0x10000090        0x0 ./startup/startup_lpc845.o

.bss_RAM2       0x10003fe0        0x0
                [!provide]                PROVIDE (__start_bss_RAM2 = .)
                [!provide]                PROVIDE (__start_bss_IAP_SRAM = .)
 *(SORT_BY_ALIGNMENT(.bss.$RAM2))
 *(SORT_BY_ALIGNMENT(.bss.$IAP_SRAM))
 *(SORT_BY_ALIGNMENT(.bss.$RAM2.*))
 *(SORT_BY_ALIGNMENT(.bss.$IAP_SRAM.*))
                0x10003fe0                . = ALIGN ((. != 0x0)?0x4:0x1)
                [!provide]                PROVIDE (__end_bss_RAM2 = .)
                [!provide]                PROVIDE (__end_bss_IAP_SRAM = .)

.bss            0x10000090      0x564
                0x10000090                _bss = .
                [!provide]                PROVIDE (__start_bss_RAM = .)
                [!provide]                PROVIDE (__start_bss_SRAM = .)
 *(SORT_BY_ALIGNMENT(.bss*))
 .bss.val_luz_raw
                0x10000090        0x4 ./source/Invernadero.o
                0x10000090                val_luz_raw
 .bss.val_hum_raw
                0x10000094        0x4 ./source/Invernadero.o
                0x10000094                val_hum_raw
 .bss.val_agua_raw
                0x10000098        0x4 ./source/Invernadero.o
                0x10000098                val_agua_raw
 .bss.val_temp_raw
                0x1000009c        0x4 ./source/Invernadero.o
                0x1000009c                val_temp_raw
 .bss.luz_lumens
                0x100000a0        0x4 ./source/Invernadero.o
                0x100000a0                luz_lumens
 .bss.hum_porcentaje
                0x100000a4        0x4 ./source/Invernadero.o
                0x100000a4                hum_porcentaje
 .bss.temperatura_c
                0x100000a8        0x4 ./source/Invernadero.o
                0x100000a8                temperatura_c
 .bss.event_servo
                0x100000ac        0x4 ./source/Invernadero.o
                0x100000ac                event_servo
 .bss.last_sensor
                0x100000b0        0x4 ./source/Invernadero.o
                0x100000b0                last_sensor
 .bss.OLED_Buffer
                0x100000b4      0x400 ./drivers/fsl_SSD1306_I2C.o
 .bss.g_delay_ms_ticks
                0x100004b4        0x4 ./drivers/fsl_Systick_Delay.o
                0x100004b4                g_delay_ms_ticks
 .bss.g_Ext_Clk_Freq
                0x100004b8        0x4 ./drivers/fsl_clock.o
                0x100004b8                g_Ext_Clk_Freq
 .bss.g_Wdt_Osc_Freq
                0x100004bc        0x4 ./drivers/fsl_clock.o
                0x100004bc                g_Wdt_Osc_Freq
 .bss.s_i2cHandle
                0x100004c0       0x10 ./drivers/fsl_i2c.o
                0x100004c0                s_i2cHandle
 .bss.s_i2cMasterIsr
                0x100004d0        0x4 ./drivers/fsl_i2c.o
                0x100004d0                s_i2cMasterIsr
 .bss.s_i2cSlaveIsr
                0x100004d4        0x4 ./drivers/fsl_i2c.o
 .bss.s_eventCallback
                0x100004d8       0x20 ./drivers/fsl_sctimer.o
 .bss.s_currentEvent
                0x100004f8        0x4 ./drivers/fsl_sctimer.o
 .bss.s_currentState
                0x100004fc        0x4 ./drivers/fsl_sctimer.o
 .bss.s_currentMatch
                0x10000500        0x4 ./drivers/fsl_sctimer.o
 .bss.s_sctimerIsr
                0x10000504        0x4 ./drivers/fsl_sctimer.o
 .bss.s_spiHandle
                0x10000508        0x8 ./drivers/fsl_spi.o
 .bss.s_spiMasterIsr
                0x10000510        0x4 ./drivers/fsl_spi.o
 .bss.s_spiSlaveIsr
                0x10000514        0x4 ./drivers/fsl_spi.o
 .bss.s_usartHandle
                0x10000518       0x14 ./drivers/fsl_usart.o
 .bss.s_usartIsr
                0x1000052c        0x4 ./drivers/fsl_usart.o
 .bss.__Ciob    0x10000530       0xb4 d:/nxp/mcuxpressoide_11.1.1_3241/ide/plugins/com.nxp.mcuxpresso.tools.win32_11.1.0.202001081728/tools/bin/../lib/gcc/arm-none-eabi/8.3.1/../../../../arm-none-eabi/lib/thumb/v6-m/nofp\libcr_semihost_nf.a(__ciob.o)
                0x10000530                __Ciob
 .bss.errno     0x100005e4        0x4 d:/nxp/mcuxpressoide_11.1.1_3241/ide/plugins/com.nxp.mcuxpresso.tools.win32_11.1.0.202001081728/tools/bin/../lib/gcc/arm-none-eabi/8.3.1/../../../../arm-none-eabi/lib/thumb/v6-m/nofp\libcr_c.a(errno.o)
                0x100005e4                errno
 .bss.__end_of_heap
                0x100005e8        0x4 d:/nxp/mcuxpressoide_11.1.1_3241/ide/plugins/com.nxp.mcuxpresso.tools.win32_11.1.0.202001081728/tools/bin/../lib/gcc/arm-none-eabi/8.3.1/../../../../arm-none-eabi/lib/thumb/v6-m/nofp\libcr_c.a(__init_alloc.o)
                0x100005e8                __end_of_heap
 .bss.__heaps   0x100005ec        0x4 d:/nxp/mcuxpressoide_11.1.1_3241/ide/plugins/com.nxp.mcuxpresso.tools.win32_11.1.0.202001081728/tools/bin/../lib/gcc/arm-none-eabi/8.3.1/../../../../arm-none-eabi/lib/thumb/v6-m/nofp\libcr_c.a(__init_alloc.o)
                0x100005ec                __heaps
 .bss.blink_state
                0x100005f0        0x1 ./source/Invernadero.o
                0x100005f0                blink_state
 .bss.alerta_agua
                0x100005f1        0x1 ./source/Invernadero.o
                0x100005f1                alerta_agua
 .bss.v         0x100005f2        0x1 ./source/Invernadero.o
                0x100005f2                v
 *(SORT_BY_ALIGNMENT(COMMON))
                0x100005f4                . = ALIGN (0x4)
 *fill*         0x100005f3        0x1 
                0x100005f4                _ebss = .
                [!provide]                PROVIDE (__end_bss_RAM = .)
                [!provide]                PROVIDE (__end_bss_SRAM = .)
                [!provide]                PROVIDE (end = .)

.noinit_RAM2    0x10003fe0        0x0
                [!provide]                PROVIDE (__start_noinit_RAM2 = .)
                [!provide]                PROVIDE (__start_noinit_IAP_SRAM = .)
 *(SORT_BY_ALIGNMENT(.noinit.$RAM2))
 *(SORT_BY_ALIGNMENT(.noinit.$IAP_SRAM))
 *(SORT_BY_ALIGNMENT(.noinit.$RAM2.*))
 *(SORT_BY_ALIGNMENT(.noinit.$IAP_SRAM.*))
                0x10003fe0                . = ALIGN (0x4)
                [!provide]                PROVIDE (__end_noinit_RAM2 = .)
                [!provide]                PROVIDE (__end_noinit_IAP_SRAM = .)

.noinit         0x100005f4        0x0
                0x100005f4                _noinit = .
                [!provide]                PROVIDE (__start_noinit_RAM = .)
                [!provide]                PROVIDE (__start_noinit_SRAM = .)
 *(SORT_BY_ALIGNMENT(.noinit*))
                0x100005f4                . = ALIGN (0x4)
                0x100005f4                _end_noinit = .
                [!provide]                PROVIDE (__end_noinit_RAM = .)
                [!provide]                PROVIDE (__end_noinit_SRAM = .)
                0x000003f8                _HeapSize = 0x3f8

.heap           0x100005f4      0x3f8
                0x100005f4                _pvHeapStart = .
                0x100009ec                . = (. + _HeapSize)
 *fill*         0x100005f4      0x3f8 
                0x100009ec                . = ALIGN (0x4)
                0x100009ec                _pvHeapLimit = .
                0x000003f8                _StackSize = 0x3f8

.heap2stackfill
                0x100009ec      0x3f8
                0x10000de4                . = (. + _StackSize)
 *fill*         0x100009ec      0x3f8 

.stack          0x10003be8        0x0
                0x10003be8                _vStackBase = .
                0x10003be8                . = ALIGN (0x4)
                0x10003fe0                _vStackTop = (. + _StackSize)
                0xefffacf3                PROVIDE (__valid_user_code_checksum = (0x0 - (((_vStackTop + (ResetISR + 0x1)) + (DEFINED (NMI_Handler)?NMI_Handler:M0_NMI_Handler + 0x1)) + (DEFINED (HardFault_Handler)?HardFault_Handler:M0_HardFault_Handler + 0x1))))
                0x00000000                _image_start = LOADADDR (.text)
                0x00006928                _image_end = (LOADADDR (.data) + SIZEOF (.data))
                0x00006928                _image_size = (_image_end - _image_start)
OUTPUT(Invernadero.axf elf32-littlearm)

.debug_info     0x00000000    0x12728
 .debug_info    0x00000000      0x47e ./startup/startup_lpc845.o
 .debug_info    0x0000047e     0x2a0e ./source/Invernadero.o
 .debug_info    0x00002e8c       0x53 ./source/mtb.o
 .debug_info    0x00002edf       0x3c ./source/semihost_hardfault.o
 .debug_info    0x00002f1b      0xf61 ./drivers/fsl_SSD1306_I2C.o
 .debug_info    0x00003e7c      0xc42 ./drivers/fsl_Systick_Delay.o
 .debug_info    0x00004abe      0xfe2 ./drivers/fsl_adc.o
 .debug_info    0x00005aa0     0x1188 ./drivers/fsl_clock.o
 .debug_info    0x00006c28      0x2a0 ./drivers/fsl_common.o
 .debug_info    0x00006ec8      0xd4f ./drivers/fsl_gpio.o
 .debug_info    0x00007c17     0x25bb ./drivers/fsl_i2c.o
 .debug_info    0x0000a1d2      0x9cd ./drivers/fsl_iap.o
 .debug_info    0x0000ab9f      0x780 ./drivers/fsl_reset.o
 .debug_info    0x0000b31f     0x1830 ./drivers/fsl_sctimer.o
 .debug_info    0x0000cb4f     0x1c79 ./drivers/fsl_spi.o
 .debug_info    0x0000e7c8      0x772 ./drivers/fsl_swm.o
 .debug_info    0x0000ef3a     0x1b24 ./drivers/fsl_usart.o
 .debug_info    0x00010a5e      0xc32 ./drivers/teclado.o
 .debug_info    0x00011690      0x6e8 ./device/system_LPC845.o
 .debug_info    0x00011d78      0x9b0 ./board/board.o

.debug_abbrev   0x00000000     0x2a54
 .debug_abbrev  0x00000000      0x17a ./startup/startup_lpc845.o
 .debug_abbrev  0x0000017a      0x396 ./source/Invernadero.o
 .debug_abbrev  0x00000510       0x46 ./source/mtb.o
 .debug_abbrev  0x00000556       0x31 ./source/semihost_hardfault.o
 .debug_abbrev  0x00000587      0x2b4 ./drivers/fsl_SSD1306_I2C.o
 .debug_abbrev  0x0000083b      0x23c ./drivers/fsl_Systick_Delay.o
 .debug_abbrev  0x00000a77      0x242 ./drivers/fsl_adc.o
 .debug_abbrev  0x00000cb9      0x2ec ./drivers/fsl_clock.o
 .debug_abbrev  0x00000fa5      0x153 ./drivers/fsl_common.o
 .debug_abbrev  0x000010f8      0x1f7 ./drivers/fsl_gpio.o
 .debug_abbrev  0x000012ef      0x3bb ./drivers/fsl_i2c.o
 .debug_abbrev  0x000016aa      0x1d6 ./drivers/fsl_iap.o
 .debug_abbrev  0x00001880      0x197 ./drivers/fsl_reset.o
 .debug_abbrev  0x00001a17      0x345 ./drivers/fsl_sctimer.o
 .debug_abbrev  0x00001d5c      0x348 ./drivers/fsl_spi.o
 .debug_abbrev  0x000020a4      0x1a0 ./drivers/fsl_swm.o
 .debug_abbrev  0x00002244      0x321 ./drivers/fsl_usart.o
 .debug_abbrev  0x00002565      0x217 ./drivers/teclado.o
 .debug_abbrev  0x0000277c      0x156 ./device/system_LPC845.o
 .debug_abbrev  0x000028d2      0x182 ./board/board.o

.debug_aranges  0x00000000      0xb60
 .debug_aranges
                0x00000000      0x160 ./startup/startup_lpc845.o
 .debug_aranges
                0x00000160       0xc0 ./source/Invernadero.o
 .debug_aranges
                0x00000220       0x18 ./source/mtb.o
 .debug_aranges
                0x00000238       0x20 ./source/semihost_hardfault.o
 .debug_aranges
                0x00000258       0x80 ./drivers/fsl_SSD1306_I2C.o
 .debug_aranges
                0x000002d8       0x50 ./drivers/fsl_Systick_Delay.o
 .debug_aranges
                0x00000328       0x78 ./drivers/fsl_adc.o
 .debug_aranges
                0x000003a0      0x100 ./drivers/fsl_clock.o
 .debug_aranges
                0x000004a0       0x38 ./drivers/fsl_common.o
 .debug_aranges
                0x000004d8       0x30 ./drivers/fsl_gpio.o
 .debug_aranges
                0x00000508      0x1c0 ./drivers/fsl_i2c.o
 .debug_aranges
                0x000006c8       0x90 ./drivers/fsl_iap.o
 .debug_aranges
                0x00000758       0x30 ./drivers/fsl_reset.o
 .debug_aranges
                0x00000788       0xc8 ./drivers/fsl_sctimer.o
 .debug_aranges
                0x00000850      0x138 ./drivers/fsl_spi.o
 .debug_aranges
                0x00000988       0x28 ./drivers/fsl_swm.o
 .debug_aranges
                0x000009b0      0x128 ./drivers/fsl_usart.o
 .debug_aranges
                0x00000ad8       0x38 ./drivers/teclado.o
 .debug_aranges
                0x00000b10       0x30 ./device/system_LPC845.o
 .debug_aranges
                0x00000b40       0x20 ./board/board.o

.debug_ranges   0x00000000      0xa60
 .debug_ranges  0x00000000      0x150 ./startup/startup_lpc845.o
 .debug_ranges  0x00000150       0xb0 ./source/Invernadero.o
 .debug_ranges  0x00000200       0x10 ./source/semihost_hardfault.o
 .debug_ranges  0x00000210       0x70 ./drivers/fsl_SSD1306_I2C.o
 .debug_ranges  0x00000280       0x40 ./drivers/fsl_Systick_Delay.o
 .debug_ranges  0x000002c0       0x68 ./drivers/fsl_adc.o
 .debug_ranges  0x00000328       0xf0 ./drivers/fsl_clock.o
 .debug_ranges  0x00000418       0x28 ./drivers/fsl_common.o
 .debug_ranges  0x00000440       0x20 ./drivers/fsl_gpio.o
 .debug_ranges  0x00000460      0x1f8 ./drivers/fsl_i2c.o
 .debug_ranges  0x00000658       0x80 ./drivers/fsl_iap.o
 .debug_ranges  0x000006d8       0x20 ./drivers/fsl_reset.o
 .debug_ranges  0x000006f8       0xb8 ./drivers/fsl_sctimer.o
 .debug_ranges  0x000007b0      0x128 ./drivers/fsl_spi.o
 .debug_ranges  0x000008d8       0x18 ./drivers/fsl_swm.o
 .debug_ranges  0x000008f0      0x118 ./drivers/fsl_usart.o
 .debug_ranges  0x00000a08       0x28 ./drivers/teclado.o
 .debug_ranges  0x00000a30       0x20 ./device/system_LPC845.o
 .debug_ranges  0x00000a50       0x10 ./board/board.o

.debug_macro    0x00000000     0x1ae2
 .debug_macro   0x00000000       0x29 ./startup/startup_lpc845.o
 .debug_macro   0x00000029      0x270 ./source/Invernadero.o
 .debug_macro   0x00000299       0xd8 ./source/Invernadero.o
 .debug_macro   0x00000371       0x22 ./source/Invernadero.o
 .debug_macro   0x00000393       0x28 ./source/Invernadero.o
 .debug_macro   0x000003bb       0x10 ./source/Invernadero.o
 .debug_macro   0x000003cb       0xf4 ./source/Invernadero.o
 .debug_macro   0x000004bf       0x9a ./source/Invernadero.o
 .debug_macro   0x00000559       0x46 ./source/Invernadero.o
 .debug_macro   0x0000059f       0x10 ./source/Invernadero.o
 .debug_macro   0x000005af       0x4c ./source/Invernadero.o
 .debug_macro   0x000005fb       0x10 ./source/Invernadero.o
 .debug_macro   0x0000060b      0x112 ./source/Invernadero.o
 .debug_macro   0x0000071d       0x10 ./source/Invernadero.o
 .debug_macro   0x0000072d       0x10 ./source/Invernadero.o
 .debug_macro   0x0000073d       0x16 ./source/Invernadero.o
 .debug_macro   0x00000753       0x10 ./source/Invernadero.o
 .debug_macro   0x00000763       0x10 ./source/Invernadero.o
 .debug_macro   0x00000773       0x2f ./source/mtb.o
 .debug_macro   0x000007a2       0x82 ./source/mtb.o
 .debug_macro   0x00000824       0x10 ./source/mtb.o
 .debug_macro   0x00000834       0x11 ./source/semihost_hardfault.o
 .debug_macro   0x00000845      0x15f ./drivers/fsl_SSD1306_I2C.o
 .debug_macro   0x000009a4       0x1c ./drivers/fsl_SSD1306_I2C.o
 .debug_macro   0x000009c0      0x116 ./drivers/fsl_Systick_Delay.o
 .debug_macro   0x00000ad6      0x122 ./drivers/fsl_adc.o
 .debug_macro   0x00000bf8      0x130 ./drivers/fsl_clock.o
 .debug_macro   0x00000d28      0x112 ./drivers/fsl_common.o
 .debug_macro   0x00000e3a      0x11c ./drivers/fsl_gpio.o
 .debug_macro   0x00000f56      0x12e ./drivers/fsl_i2c.o
 .debug_macro   0x00001084       0x16 ./drivers/fsl_i2c.o
 .debug_macro   0x0000109a       0x1c ./drivers/fsl_i2c.o
 .debug_macro   0x000010b6      0x122 ./drivers/fsl_iap.o
 .debug_macro   0x000011d8      0x10c ./drivers/fsl_reset.o
 .debug_macro   0x000012e4      0x11c ./drivers/fsl_sctimer.o
 .debug_macro   0x00001400      0x11b ./drivers/fsl_spi.o
 .debug_macro   0x0000151b       0x16 ./drivers/fsl_spi.o
 .debug_macro   0x00001531      0x126 ./drivers/fsl_swm.o
 .debug_macro   0x00001657      0x11b ./drivers/fsl_usart.o
 .debug_macro   0x00001772       0x16 ./drivers/fsl_usart.o
 .debug_macro   0x00001788      0x12b ./drivers/teclado.o
 .debug_macro   0x000018b3       0x97 ./device/system_LPC845.o
 .debug_macro   0x0000194a      0x14e ./board/board.o
 .debug_macro   0x00001a98       0x2e ./board/board.o
 .debug_macro   0x00001ac6       0x1c ./board/board.o

.debug_line     0x00000000     0x7e46
 .debug_line    0x00000000      0x1e5 ./startup/startup_lpc845.o
 .debug_line    0x000001e5      0xaf7 ./source/Invernadero.o
 .debug_line    0x00000cdc       0xd1 ./source/mtb.o
 .debug_line    0x00000dad       0x5a ./source/semihost_hardfault.o
 .debug_line    0x00000e07      0x770 ./drivers/fsl_SSD1306_I2C.o
 .debug_line    0x00001577      0x447 ./drivers/fsl_Systick_Delay.o
 .debug_line    0x000019be      0x616 ./drivers/fsl_adc.o
 .debug_line    0x00001fd4      0x9f3 ./drivers/fsl_clock.o
 .debug_line    0x000029c7      0x3ba ./drivers/fsl_common.o
 .debug_line    0x00002d81      0x372 ./drivers/fsl_gpio.o
 .debug_line    0x000030f3     0x128a ./drivers/fsl_i2c.o
 .debug_line    0x0000437d      0x589 ./drivers/fsl_iap.o
 .debug_line    0x00004906      0x35b ./drivers/fsl_reset.o
 .debug_line    0x00004c61      0x96b ./drivers/fsl_sctimer.o
 .debug_line    0x000055cc      0xcbf ./drivers/fsl_spi.o
 .debug_line    0x0000628b      0x3bb ./drivers/fsl_swm.o
 .debug_line    0x00006646      0xc6c ./drivers/fsl_usart.o
 .debug_line    0x000072b2      0x411 ./drivers/teclado.o
 .debug_line    0x000076c3      0x3cc ./device/system_LPC845.o
 .debug_line    0x00007a8f      0x3b7 ./board/board.o

.debug_str      0x00000000    0x3e7bb
 .debug_str     0x00000000     0x319b ./startup/startup_lpc845.o
                               0x31d4 (size before relaxing)
 .debug_str     0x0000319b    0x36f60 ./source/Invernadero.o
                              0x39e2b (size before relaxing)
 .debug_str     0x0003a0fb      0x532 ./source/mtb.o
                               0x32ce (size before relaxing)
 .debug_str     0x0003a62d       0x1f ./source/semihost_hardfault.o
                               0x2dbb (size before relaxing)
 .debug_str     0x0003a64c      0x24c ./drivers/fsl_SSD1306_I2C.o
                              0x36159 (size before relaxing)
 .debug_str     0x0003a898      0x120 ./drivers/fsl_Systick_Delay.o
                              0x3586e (size before relaxing)
 .debug_str     0x0003a9b8      0x17a ./drivers/fsl_adc.o
                              0x35cc7 (size before relaxing)
 .debug_str     0x0003ab32      0x77c ./drivers/fsl_clock.o
                              0x35df1 (size before relaxing)
 .debug_str     0x0003b2ae      0x134 ./drivers/fsl_common.o
                              0x34b5e (size before relaxing)
 .debug_str     0x0003b3e2      0x346 ./drivers/fsl_gpio.o
                              0x35ae4 (size before relaxing)
 .debug_str     0x0003b728      0xccb ./drivers/fsl_i2c.o
                              0x36db9 (size before relaxing)
 .debug_str     0x0003c3f3      0x34c ./drivers/fsl_iap.o
                              0x356ad (size before relaxing)
 .debug_str     0x0003c73f       0xae ./drivers/fsl_reset.o
                              0x3508e (size before relaxing)
 .debug_str     0x0003c7ed      0x700 ./drivers/fsl_sctimer.o
                              0x36793 (size before relaxing)
 .debug_str     0x0003ceed      0xb1f ./drivers/fsl_spi.o
                              0x368a1 (size before relaxing)
 .debug_str     0x0003da0c       0x62 ./drivers/fsl_swm.o
                              0x35657 (size before relaxing)
 .debug_str     0x0003da6e      0xc6a ./drivers/fsl_usart.o
                              0x369fa (size before relaxing)
 .debug_str     0x0003e6d8       0x56 ./drivers/teclado.o
                              0x35660 (size before relaxing)
 .debug_str     0x0003e72e       0x5a ./device/system_LPC845.o
                              0x33910 (size before relaxing)
 .debug_str     0x0003e788       0x33 ./board/board.o
                              0x364d6 (size before relaxing)

.comment        0x00000000       0x76
 .comment       0x00000000       0x76 ./startup/startup_lpc845.o
                                 0x77 (size before relaxing)
 .comment       0x00000076       0x77 ./source/Invernadero.o
 .comment       0x00000076       0x77 ./source/mtb.o
 .comment       0x00000076       0x77 ./source/semihost_hardfault.o
 .comment       0x00000076       0x77 ./drivers/fsl_SSD1306_I2C.o
 .comment       0x00000076       0x77 ./drivers/fsl_Systick_Delay.o
 .comment       0x00000076       0x77 ./drivers/fsl_adc.o
 .comment       0x00000076       0x77 ./drivers/fsl_clock.o
 .comment       0x00000076       0x77 ./drivers/fsl_common.o
 .comment       0x00000076       0x77 ./drivers/fsl_gpio.o
 .comment       0x00000076       0x77 ./drivers/fsl_i2c.o
 .comment       0x00000076       0x77 ./drivers/fsl_iap.o
 .comment       0x00000076       0x77 ./drivers/fsl_reset.o
 .comment       0x00000076       0x77 ./drivers/fsl_sctimer.o
 .comment       0x00000076       0x77 ./drivers/fsl_spi.o
 .comment       0x00000076       0x77 ./drivers/fsl_swm.o
 .comment       0x00000076       0x77 ./drivers/fsl_usart.o
 .comment       0x00000076       0x77 ./drivers/teclado.o
 .comment       0x00000076       0x77 ./device/system_LPC845.o
 .comment       0x00000076       0x77 ./board/board.o
 .comment       0x00000076       0x77 d:/nxp/mcuxpressoide_11.1.1_3241/ide/plugins/com.nxp.mcuxpresso.tools.win32_11.1.0.202001081728/tools/bin/../lib/gcc/arm-none-eabi/8.3.1/../../../../arm-none-eabi/lib/thumb/v6-m/nofp\libcr_semihost_nf.a(_cr__main.o)
 .comment       0x00000076       0x77 d:/nxp/mcuxpressoide_11.1.1_3241/ide/plugins/com.nxp.mcuxpresso.tools.win32_11.1.0.202001081728/tools/bin/../lib/gcc/arm-none-eabi/8.3.1/../../../../arm-none-eabi/lib/thumb/v6-m/nofp\libcr_semihost_nf.a(_cr_assert.o)
 .comment       0x00000076       0x77 d:/nxp/mcuxpressoide_11.1.1_3241/ide/plugins/com.nxp.mcuxpresso.tools.win32_11.1.0.202001081728/tools/bin/../lib/gcc/arm-none-eabi/8.3.1/../../../../arm-none-eabi/lib/thumb/v6-m/nofp\libcr_semihost_nf.a(__ciob.o)
 .comment       0x00000076       0x77 d:/nxp/mcuxpressoide_11.1.1_3241/ide/plugins/com.nxp.mcuxpresso.tools.win32_11.1.0.202001081728/tools/bin/../lib/gcc/arm-none-eabi/8.3.1/../../../../arm-none-eabi/lib/thumb/v6-m/nofp\libcr_c.a(logf.o)
 .comment       0x00000076       0x77 d:/nxp/mcuxpressoide_11.1.1_3241/ide/plugins/com.nxp.mcuxpresso.tools.win32_11.1.0.202001081728/tools/bin/../lib/gcc/arm-none-eabi/8.3.1/../../../../arm-none-eabi/lib/thumb/v6-m/nofp\libcr_c.a(memcpy.o)
 .comment       0x00000076       0x77 d:/nxp/mcuxpressoide_11.1.1_3241/ide/plugins/com.nxp.mcuxpresso.tools.win32_11.1.0.202001081728/tools/bin/../lib/gcc/arm-none-eabi/8.3.1/../../../../arm-none-eabi/lib/thumb/v6-m/nofp\libcr_c.a(memset.o)
 .comment       0x00000076       0x77 d:/nxp/mcuxpressoide_11.1.1_3241/ide/plugins/com.nxp.mcuxpresso.tools.win32_11.1.0.202001081728/tools/bin/../lib/gcc/arm-none-eabi/8.3.1/../../../../arm-none-eabi/lib/thumb/v6-m/nofp\libcr_c.a(_deferredlazyseek.o)
 .comment       0x00000076       0x77 d:/nxp/mcuxpressoide_11.1.1_3241/ide/plugins/com.nxp.mcuxpresso.tools.win32_11.1.0.202001081728/tools/bin/../lib/gcc/arm-none-eabi/8.3.1/../../../../arm-none-eabi/lib/thumb/v6-m/nofp\libcr_c.a(_fflush.o)
 .comment       0x00000076       0x77 d:/nxp/mcuxpressoide_11.1.1_3241/ide/plugins/com.nxp.mcuxpresso.tools.win32_11.1.0.202001081728/tools/bin/../lib/gcc/arm-none-eabi/8.3.1/../../../../arm-none-eabi/lib/thumb/v6-m/nofp\libcr_c.a(_writebuf.o)
 .comment       0x00000076       0x77 d:/nxp/mcuxpressoide_11.1.1_3241/ide/plugins/com.nxp.mcuxpresso.tools.win32_11.1.0.202001081728/tools/bin/../lib/gcc/arm-none-eabi/8.3.1/../../../../arm-none-eabi/lib/thumb/v6-m/nofp\libcr_c.a(alloc.o)
 .comment       0x00000076       0x77 d:/nxp/mcuxpressoide_11.1.1_3241/ide/plugins/com.nxp.mcuxpresso.tools.win32_11.1.0.202001081728/tools/bin/../lib/gcc/arm-none-eabi/8.3.1/../../../../arm-none-eabi/lib/thumb/v6-m/nofp\libcr_c.a(errno.o)
 .comment       0x00000076       0x77 d:/nxp/mcuxpressoide_11.1.1_3241/ide/plugins/com.nxp.mcuxpresso.tools.win32_11.1.0.202001081728/tools/bin/../lib/gcc/arm-none-eabi/8.3.1/../../../../arm-none-eabi/lib/thumb/v6-m/nofp\libcr_c.a(fputs.o)
 .comment       0x00000076       0x77 d:/nxp/mcuxpressoide_11.1.1_3241/ide/plugins/com.nxp.mcuxpresso.tools.win32_11.1.0.202001081728/tools/bin/../lib/gcc/arm-none-eabi/8.3.1/../../../../arm-none-eabi/lib/thumb/v6-m/nofp\libcr_c.a(fseek.o)
 .comment       0x00000076       0x77 d:/nxp/mcuxpressoide_11.1.1_3241/ide/plugins/com.nxp.mcuxpresso.tools.win32_11.1.0.202001081728/tools/bin/../lib/gcc/arm-none-eabi/8.3.1/../../../../arm-none-eabi/lib/thumb/v6-m/nofp\libcr_c.a(ftell.o)
 .comment       0x00000076       0x77 d:/nxp/mcuxpressoide_11.1.1_3241/ide/plugins/com.nxp.mcuxpresso.tools.win32_11.1.0.202001081728/tools/bin/../lib/gcc/arm-none-eabi/8.3.1/../../../../arm-none-eabi/lib/thumb/v6-m/nofp\libcr_c.a(initio.o)
 .comment       0x00000076       0x77 d:/nxp/mcuxpressoide_11.1.1_3241/ide/plugins/com.nxp.mcuxpresso.tools.win32_11.1.0.202001081728/tools/bin/../lib/gcc/arm-none-eabi/8.3.1/../../../../arm-none-eabi/lib/thumb/v6-m/nofp\libcr_c.a(printf.o)
 .comment       0x00000076       0x77 d:/nxp/mcuxpressoide_11.1.1_3241/ide/plugins/com.nxp.mcuxpresso.tools.win32_11.1.0.202001081728/tools/bin/../lib/gcc/arm-none-eabi/8.3.1/../../../../arm-none-eabi/lib/thumb/v6-m/nofp\libcr_c.a(scanf.o)
 .comment       0x00000076       0x77 d:/nxp/mcuxpressoide_11.1.1_3241/ide/plugins/com.nxp.mcuxpresso.tools.win32_11.1.0.202001081728/tools/bin/../lib/gcc/arm-none-eabi/8.3.1/../../../../arm-none-eabi/lib/thumb/v6-m/nofp\libcr_c.a(setvbuf.o)
 .comment       0x00000076       0x77 d:/nxp/mcuxpressoide_11.1.1_3241/ide/plugins/com.nxp.mcuxpresso.tools.win32_11.1.0.202001081728/tools/bin/../lib/gcc/arm-none-eabi/8.3.1/../../../../arm-none-eabi/lib/thumb/v6-m/nofp\libcr_c.a(stdlib.o)
 .comment       0x00000076       0x77 d:/nxp/mcuxpressoide_11.1.1_3241/ide/plugins/com.nxp.mcuxpresso.tools.win32_11.1.0.202001081728/tools/bin/../lib/gcc/arm-none-eabi/8.3.1/../../../../arm-none-eabi/lib/thumb/v6-m/nofp\libcr_c.a(strlen.o)
 .comment       0x00000076       0x77 d:/nxp/mcuxpressoide_11.1.1_3241/ide/plugins/com.nxp.mcuxpresso.tools.win32_11.1.0.202001081728/tools/bin/../lib/gcc/arm-none-eabi/8.3.1/../../../../arm-none-eabi/lib/thumb/v6-m/nofp\libcr_c.a(frexpf.o)
 .comment       0x00000076       0x77 d:/nxp/mcuxpressoide_11.1.1_3241/ide/plugins/com.nxp.mcuxpresso.tools.win32_11.1.0.202001081728/tools/bin/../lib/gcc/arm-none-eabi/8.3.1/../../../../arm-none-eabi/lib/thumb/v6-m/nofp\libcr_c.a(__init_alloc.o)
 .comment       0x00000076       0x77 d:/nxp/mcuxpressoide_11.1.1_3241/ide/plugins/com.nxp.mcuxpresso.tools.win32_11.1.0.202001081728/tools/bin/../lib/gcc/arm-none-eabi/8.3.1/../../../../arm-none-eabi/lib/thumb/v6-m/nofp\libcr_c.a(_cr_sbrk.o)
 .comment       0x00000076       0x77 d:/nxp/mcuxpressoide_11.1.1_3241/ide/plugins/com.nxp.mcuxpresso.tools.win32_11.1.0.202001081728/tools/bin/../lib/gcc/arm-none-eabi/8.3.1/../../../../arm-none-eabi/lib/thumb/v6-m/nofp\libcr_c.a(_fdopen.o)
 .comment       0x00000076       0x77 d:/nxp/mcuxpressoide_11.1.1_3241/ide/plugins/com.nxp.mcuxpresso.tools.win32_11.1.0.202001081728/tools/bin/../lib/gcc/arm-none-eabi/8.3.1/../../../../arm-none-eabi/lib/thumb/v6-m/nofp\libcr_c.a(ctype.o)
 .comment       0x00000076       0x77 d:/nxp/mcuxpressoide_11.1.1_3241/ide/plugins/com.nxp.mcuxpresso.tools.win32_11.1.0.202001081728/tools/bin/../lib/gcc/arm-none-eabi/8.3.1/../../../../arm-none-eabi/lib/thumb/v6-m/nofp\libcr_c.a(fclose.o)
 .comment       0x00000076       0x77 d:/nxp/mcuxpressoide_11.1.1_3241/ide/plugins/com.nxp.mcuxpresso.tools.win32_11.1.0.202001081728/tools/bin/../lib/gcc/arm-none-eabi/8.3.1/../../../../arm-none-eabi/lib/thumb/v6-m/nofp\libcr_c.a(fflush.o)
 .comment       0x00000076       0x77 d:/nxp/mcuxpressoide_11.1.1_3241/ide/plugins/com.nxp.mcuxpresso.tools.win32_11.1.0.202001081728/tools/bin/../lib/gcc/arm-none-eabi/8.3.1/../../../../arm-none-eabi/lib/thumb/v6-m/nofp\libcr_c.a(remove.o)
 .comment       0x00000076       0x77 d:/nxp/mcuxpressoide_11.1.1_3241/ide/plugins/com.nxp.mcuxpresso.tools.win32_11.1.0.202001081728/tools/bin/../lib/gcc/arm-none-eabi/8.3.1/../../../../arm-none-eabi/lib/thumb/v6-m/nofp\libcr_c.a(_cr_check_heap.o)
 .comment       0x00000076       0x77 d:/nxp/mcuxpressoide_11.1.1_3241/ide/plugins/com.nxp.mcuxpresso.tools.win32_11.1.0.202001081728/tools/bin/../lib/gcc/arm-none-eabi/8.3.1/../../../../arm-none-eabi/lib/thumb/v6-m/nofp\libcr_c.a(_do_fflush.o)
 .comment       0x00000076       0x77 d:/nxp/mcuxpressoide_11.1.1_3241/ide/plugins/com.nxp.mcuxpresso.tools.win32_11.1.0.202001081728/tools/bin/../lib/gcc/arm-none-eabi/8.3.1/thumb/v6-m/nofp\libcr_eabihelpers.a(float.o)

.ARM.attributes
                0x00000000       0x2a
 .ARM.attributes
                0x00000000       0x2c ./startup/startup_lpc845.o
 .ARM.attributes
                0x0000002c       0x2c ./source/Invernadero.o
 .ARM.attributes
                0x00000058       0x32 ./source/mtb.o
 .ARM.attributes
                0x0000008a       0x2c ./source/semihost_hardfault.o
 .ARM.attributes
                0x000000b6       0x2c ./drivers/fsl_SSD1306_I2C.o
 .ARM.attributes
                0x000000e2       0x2c ./drivers/fsl_Systick_Delay.o
 .ARM.attributes
                0x0000010e       0x2c ./drivers/fsl_adc.o
 .ARM.attributes
                0x0000013a       0x2c ./drivers/fsl_clock.o
 .ARM.attributes
                0x00000166       0x2c ./drivers/fsl_common.o
 .ARM.attributes
                0x00000192       0x2c ./drivers/fsl_gpio.o
 .ARM.attributes
                0x000001be       0x2c ./drivers/fsl_i2c.o
 .ARM.attributes
                0x000001ea       0x2c ./drivers/fsl_iap.o
 .ARM.attributes
                0x00000216       0x2c ./drivers/fsl_reset.o
 .ARM.attributes
                0x00000242       0x2c ./drivers/fsl_sctimer.o
 .ARM.attributes
                0x0000026e       0x2c ./drivers/fsl_spi.o
 .ARM.attributes
                0x0000029a       0x2c ./drivers/fsl_swm.o
 .ARM.attributes
                0x000002c6       0x2c ./drivers/fsl_usart.o
 .ARM.attributes
                0x000002f2       0x2c ./drivers/teclado.o
 .ARM.attributes
                0x0000031e       0x2c ./device/system_LPC845.o
 .ARM.attributes
                0x0000034a       0x2c ./board/board.o
 .ARM.attributes
                0x00000376       0x2c d:/nxp/mcuxpressoide_11.1.1_3241/ide/plugins/com.nxp.mcuxpresso.tools.win32_11.1.0.202001081728/tools/bin/../lib/gcc/arm-none-eabi/8.3.1/../../../../arm-none-eabi/lib/thumb/v6-m/nofp\libcr_semihost_nf.a(_cr__main.o)
 .ARM.attributes
                0x000003a2       0x2c d:/nxp/mcuxpressoide_11.1.1_3241/ide/plugins/com.nxp.mcuxpresso.tools.win32_11.1.0.202001081728/tools/bin/../lib/gcc/arm-none-eabi/8.3.1/../../../../arm-none-eabi/lib/thumb/v6-m/nofp\libcr_semihost_nf.a(_cr_assert.o)
 .ARM.attributes
                0x000003ce       0x31 d:/nxp/mcuxpressoide_11.1.1_3241/ide/plugins/com.nxp.mcuxpresso.tools.win32_11.1.0.202001081728/tools/bin/../lib/gcc/arm-none-eabi/8.3.1/../../../../arm-none-eabi/lib/thumb/v6-m/nofp\libcr_semihost_nf.a(__ciob.o)
 .ARM.attributes
                0x000003ff       0x1c d:/nxp/mcuxpressoide_11.1.1_3241/ide/plugins/com.nxp.mcuxpresso.tools.win32_11.1.0.202001081728/tools/bin/../lib/gcc/arm-none-eabi/8.3.1/../../../../arm-none-eabi/lib/thumb/v6-m/nofp\libcr_semihost_nf.a(__sys_appexit.o)
 .ARM.attributes
                0x0000041b       0x2c d:/nxp/mcuxpressoide_11.1.1_3241/ide/plugins/com.nxp.mcuxpresso.tools.win32_11.1.0.202001081728/tools/bin/../lib/gcc/arm-none-eabi/8.3.1/../../../../arm-none-eabi/lib/thumb/v6-m/nofp\libcr_c.a(logf.o)
 .ARM.attributes
                0x00000447       0x2c d:/nxp/mcuxpressoide_11.1.1_3241/ide/plugins/com.nxp.mcuxpresso.tools.win32_11.1.0.202001081728/tools/bin/../lib/gcc/arm-none-eabi/8.3.1/../../../../arm-none-eabi/lib/thumb/v6-m/nofp\libcr_c.a(memcpy.o)
 .ARM.attributes
                0x00000473       0x2c d:/nxp/mcuxpressoide_11.1.1_3241/ide/plugins/com.nxp.mcuxpresso.tools.win32_11.1.0.202001081728/tools/bin/../lib/gcc/arm-none-eabi/8.3.1/../../../../arm-none-eabi/lib/thumb/v6-m/nofp\libcr_c.a(memset.o)
 .ARM.attributes
                0x0000049f       0x2c d:/nxp/mcuxpressoide_11.1.1_3241/ide/plugins/com.nxp.mcuxpresso.tools.win32_11.1.0.202001081728/tools/bin/../lib/gcc/arm-none-eabi/8.3.1/../../../../arm-none-eabi/lib/thumb/v6-m/nofp\libcr_c.a(_deferredlazyseek.o)
 .ARM.attributes
                0x000004cb       0x2c d:/nxp/mcuxpressoide_11.1.1_3241/ide/plugins/com.nxp.mcuxpresso.tools.win32_11.1.0.202001081728/tools/bin/../lib/gcc/arm-none-eabi/8.3.1/../../../../arm-none-eabi/lib/thumb/v6-m/nofp\libcr_c.a(_fflush.o)
 .ARM.attributes
                0x000004f7       0x2c d:/nxp/mcuxpressoide_11.1.1_3241/ide/plugins/com.nxp.mcuxpresso.tools.win32_11.1.0.202001081728/tools/bin/../lib/gcc/arm-none-eabi/8.3.1/../../../../arm-none-eabi/lib/thumb/v6-m/nofp\libcr_c.a(_writebuf.o)
 .ARM.attributes
                0x00000523       0x2c d:/nxp/mcuxpressoide_11.1.1_3241/ide/plugins/com.nxp.mcuxpresso.tools.win32_11.1.0.202001081728/tools/bin/../lib/gcc/arm-none-eabi/8.3.1/../../../../arm-none-eabi/lib/thumb/v6-m/nofp\libcr_c.a(alloc.o)
 .ARM.attributes
                0x0000054f       0x31 d:/nxp/mcuxpressoide_11.1.1_3241/ide/plugins/com.nxp.mcuxpresso.tools.win32_11.1.0.202001081728/tools/bin/../lib/gcc/arm-none-eabi/8.3.1/../../../../arm-none-eabi/lib/thumb/v6-m/nofp\libcr_c.a(errno.o)
 .ARM.attributes
                0x00000580       0x2c d:/nxp/mcuxpressoide_11.1.1_3241/ide/plugins/com.nxp.mcuxpresso.tools.win32_11.1.0.202001081728/tools/bin/../lib/gcc/arm-none-eabi/8.3.1/../../../../arm-none-eabi/lib/thumb/v6-m/nofp\libcr_c.a(fputs.o)
 .ARM.attributes
                0x000005ac       0x2c d:/nxp/mcuxpressoide_11.1.1_3241/ide/plugins/com.nxp.mcuxpresso.tools.win32_11.1.0.202001081728/tools/bin/../lib/gcc/arm-none-eabi/8.3.1/../../../../arm-none-eabi/lib/thumb/v6-m/nofp\libcr_c.a(fseek.o)
 .ARM.attributes
                0x000005d8       0x2c d:/nxp/mcuxpressoide_11.1.1_3241/ide/plugins/com.nxp.mcuxpresso.tools.win32_11.1.0.202001081728/tools/bin/../lib/gcc/arm-none-eabi/8.3.1/../../../../arm-none-eabi/lib/thumb/v6-m/nofp\libcr_c.a(ftell.o)
 .ARM.attributes
                0x00000604       0x2c d:/nxp/mcuxpressoide_11.1.1_3241/ide/plugins/com.nxp.mcuxpresso.tools.win32_11.1.0.202001081728/tools/bin/../lib/gcc/arm-none-eabi/8.3.1/../../../../arm-none-eabi/lib/thumb/v6-m/nofp\libcr_c.a(initio.o)
 .ARM.attributes
                0x00000630       0x2c d:/nxp/mcuxpressoide_11.1.1_3241/ide/plugins/com.nxp.mcuxpresso.tools.win32_11.1.0.202001081728/tools/bin/../lib/gcc/arm-none-eabi/8.3.1/../../../../arm-none-eabi/lib/thumb/v6-m/nofp\libcr_c.a(printf.o)
 .ARM.attributes
                0x0000065c       0x2c d:/nxp/mcuxpressoide_11.1.1_3241/ide/plugins/com.nxp.mcuxpresso.tools.win32_11.1.0.202001081728/tools/bin/../lib/gcc/arm-none-eabi/8.3.1/../../../../arm-none-eabi/lib/thumb/v6-m/nofp\libcr_c.a(scanf.o)
 .ARM.attributes
                0x00000688       0x2c d:/nxp/mcuxpressoide_11.1.1_3241/ide/plugins/com.nxp.mcuxpresso.tools.win32_11.1.0.202001081728/tools/bin/../lib/gcc/arm-none-eabi/8.3.1/../../../../arm-none-eabi/lib/thumb/v6-m/nofp\libcr_c.a(setvbuf.o)
 .ARM.attributes
                0x000006b4       0x2c d:/nxp/mcuxpressoide_11.1.1_3241/ide/plugins/com.nxp.mcuxpresso.tools.win32_11.1.0.202001081728/tools/bin/../lib/gcc/arm-none-eabi/8.3.1/../../../../arm-none-eabi/lib/thumb/v6-m/nofp\libcr_c.a(stdlib.o)
 .ARM.attributes
                0x000006e0       0x2c d:/nxp/mcuxpressoide_11.1.1_3241/ide/plugins/com.nxp.mcuxpresso.tools.win32_11.1.0.202001081728/tools/bin/../lib/gcc/arm-none-eabi/8.3.1/../../../../arm-none-eabi/lib/thumb/v6-m/nofp\libcr_c.a(strlen.o)
 .ARM.attributes
                0x0000070c       0x2c d:/nxp/mcuxpressoide_11.1.1_3241/ide/plugins/com.nxp.mcuxpresso.tools.win32_11.1.0.202001081728/tools/bin/../lib/gcc/arm-none-eabi/8.3.1/../../../../arm-none-eabi/lib/thumb/v6-m/nofp\libcr_c.a(frexpf.o)
 .ARM.attributes
                0x00000738       0x2c d:/nxp/mcuxpressoide_11.1.1_3241/ide/plugins/com.nxp.mcuxpresso.tools.win32_11.1.0.202001081728/tools/bin/../lib/gcc/arm-none-eabi/8.3.1/../../../../arm-none-eabi/lib/thumb/v6-m/nofp\libcr_c.a(__init_alloc.o)
 .ARM.attributes
                0x00000764       0x2c d:/nxp/mcuxpressoide_11.1.1_3241/ide/plugins/com.nxp.mcuxpresso.tools.win32_11.1.0.202001081728/tools/bin/../lib/gcc/arm-none-eabi/8.3.1/../../../../arm-none-eabi/lib/thumb/v6-m/nofp\libcr_c.a(_cr_sbrk.o)
 .ARM.attributes
                0x00000790       0x2c d:/nxp/mcuxpressoide_11.1.1_3241/ide/plugins/com.nxp.mcuxpresso.tools.win32_11.1.0.202001081728/tools/bin/../lib/gcc/arm-none-eabi/8.3.1/../../../../arm-none-eabi/lib/thumb/v6-m/nofp\libcr_c.a(_fdopen.o)
 .ARM.attributes
                0x000007bc       0x2c d:/nxp/mcuxpressoide_11.1.1_3241/ide/plugins/com.nxp.mcuxpresso.tools.win32_11.1.0.202001081728/tools/bin/../lib/gcc/arm-none-eabi/8.3.1/../../../../arm-none-eabi/lib/thumb/v6-m/nofp\libcr_c.a(ctype.o)
 .ARM.attributes
                0x000007e8       0x2c d:/nxp/mcuxpressoide_11.1.1_3241/ide/plugins/com.nxp.mcuxpresso.tools.win32_11.1.0.202001081728/tools/bin/../lib/gcc/arm-none-eabi/8.3.1/../../../../arm-none-eabi/lib/thumb/v6-m/nofp\libcr_c.a(fclose.o)
 .ARM.attributes
                0x00000814       0x2c d:/nxp/mcuxpressoide_11.1.1_3241/ide/plugins/com.nxp.mcuxpresso.tools.win32_11.1.0.202001081728/tools/bin/../lib/gcc/arm-none-eabi/8.3.1/../../../../arm-none-eabi/lib/thumb/v6-m/nofp\libcr_c.a(fflush.o)
 .ARM.attributes
                0x00000840       0x2c d:/nxp/mcuxpressoide_11.1.1_3241/ide/plugins/com.nxp.mcuxpresso.tools.win32_11.1.0.202001081728/tools/bin/../lib/gcc/arm-none-eabi/8.3.1/../../../../arm-none-eabi/lib/thumb/v6-m/nofp\libcr_c.a(remove.o)
 .ARM.attributes
                0x0000086c       0x2c d:/nxp/mcuxpressoide_11.1.1_3241/ide/plugins/com.nxp.mcuxpresso.tools.win32_11.1.0.202001081728/tools/bin/../lib/gcc/arm-none-eabi/8.3.1/../../../../arm-none-eabi/lib/thumb/v6-m/nofp\libcr_c.a(_cr_check_heap.o)
 .ARM.attributes
                0x00000898       0x2c d:/nxp/mcuxpressoide_11.1.1_3241/ide/plugins/com.nxp.mcuxpresso.tools.win32_11.1.0.202001081728/tools/bin/../lib/gcc/arm-none-eabi/8.3.1/../../../../arm-none-eabi/lib/thumb/v6-m/nofp\libcr_c.a(_do_fflush.o)
 .ARM.attributes
                0x000008c4       0x1c d:/nxp/mcuxpressoide_11.1.1_3241/ide/plugins/com.nxp.mcuxpresso.tools.win32_11.1.0.202001081728/tools/bin/../lib/gcc/arm-none-eabi/8.3.1/thumb/v6-m/nofp\libcr_eabihelpers.a(division_32.o)
 .ARM.attributes
                0x000008e0       0x1c d:/nxp/mcuxpressoide_11.1.1_3241/ide/plugins/com.nxp.mcuxpresso.tools.win32_11.1.0.202001081728/tools/bin/../lib/gcc/arm-none-eabi/8.3.1/thumb/v6-m/nofp\libcr_eabihelpers.a(division_64.o)
 .ARM.attributes
                0x000008fc       0x1c d:/nxp/mcuxpressoide_11.1.1_3241/ide/plugins/com.nxp.mcuxpresso.tools.win32_11.1.0.202001081728/tools/bin/../lib/gcc/arm-none-eabi/8.3.1/thumb/v6-m/nofp\libcr_eabihelpers.a(division_idiv0.o)
 .ARM.attributes
                0x00000918       0x2c d:/nxp/mcuxpressoide_11.1.1_3241/ide/plugins/com.nxp.mcuxpresso.tools.win32_11.1.0.202001081728/tools/bin/../lib/gcc/arm-none-eabi/8.3.1/thumb/v6-m/nofp\libcr_eabihelpers.a(float.o)
 .ARM.attributes
                0x00000944       0x1c d:/nxp/mcuxpressoide_11.1.1_3241/ide/plugins/com.nxp.mcuxpresso.tools.win32_11.1.0.202001081728/tools/bin/../lib/gcc/arm-none-eabi/8.3.1/thumb/v6-m/nofp\libcr_eabihelpers.a(llong.o)
 .ARM.attributes
                0x00000960       0x1c d:/nxp/mcuxpressoide_11.1.1_3241/ide/plugins/com.nxp.mcuxpresso.tools.win32_11.1.0.202001081728/tools/bin/../lib/gcc/arm-none-eabi/8.3.1/thumb/v6-m/nofp\libcr_eabihelpers.a(memcpy.o)
 .ARM.attributes
                0x0000097c       0x1c d:/nxp/mcuxpressoide_11.1.1_3241/ide/plugins/com.nxp.mcuxpresso.tools.win32_11.1.0.202001081728/tools/bin/../lib/gcc/arm-none-eabi/8.3.1/../../../../arm-none-eabi/lib/thumb/v6-m/nofp\libcr_semihost_nf.a(__sys_close.o)
 .ARM.attributes
                0x00000998       0x1c d:/nxp/mcuxpressoide_11.1.1_3241/ide/plugins/com.nxp.mcuxpresso.tools.win32_11.1.0.202001081728/tools/bin/../lib/gcc/arm-none-eabi/8.3.1/../../../../arm-none-eabi/lib/thumb/v6-m/nofp\libcr_semihost_nf.a(__sys_flen.o)
 .ARM.attributes
                0x000009b4       0x1c d:/nxp/mcuxpressoide_11.1.1_3241/ide/plugins/com.nxp.mcuxpresso.tools.win32_11.1.0.202001081728/tools/bin/../lib/gcc/arm-none-eabi/8.3.1/../../../../arm-none-eabi/lib/thumb/v6-m/nofp\libcr_semihost_nf.a(__sys_istty.o)
 .ARM.attributes
                0x000009d0       0x1c d:/nxp/mcuxpressoide_11.1.1_3241/ide/plugins/com.nxp.mcuxpresso.tools.win32_11.1.0.202001081728/tools/bin/../lib/gcc/arm-none-eabi/8.3.1/../../../../arm-none-eabi/lib/thumb/v6-m/nofp\libcr_semihost_nf.a(__sys_remove.o)
 .ARM.attributes
                0x000009ec       0x1c d:/nxp/mcuxpressoide_11.1.1_3241/ide/plugins/com.nxp.mcuxpresso.tools.win32_11.1.0.202001081728/tools/bin/../lib/gcc/arm-none-eabi/8.3.1/../../../../arm-none-eabi/lib/thumb/v6-m/nofp\libcr_semihost_nf.a(__sys_seek.o)
 .ARM.attributes
                0x00000a08       0x1c d:/nxp/mcuxpressoide_11.1.1_3241/ide/plugins/com.nxp.mcuxpresso.tools.win32_11.1.0.202001081728/tools/bin/../lib/gcc/arm-none-eabi/8.3.1/../../../../arm-none-eabi/lib/thumb/v6-m/nofp\libcr_semihost_nf.a(__sys_tmpnam.o)
 .ARM.attributes
                0x00000a24       0x1c d:/nxp/mcuxpressoide_11.1.1_3241/ide/plugins/com.nxp.mcuxpresso.tools.win32_11.1.0.202001081728/tools/bin/../lib/gcc/arm-none-eabi/8.3.1/../../../../arm-none-eabi/lib/thumb/v6-m/nofp\libcr_semihost_nf.a(__sys_write.o)

.debug_frame    0x00000000     0x2578
 .debug_frame   0x00000000      0x3b0 ./startup/startup_lpc845.o
 .debug_frame   0x000003b0      0x2c0 ./source/Invernadero.o
 .debug_frame   0x00000670       0x20 ./source/semihost_hardfault.o
 .debug_frame   0x00000690      0x1a8 ./drivers/fsl_SSD1306_I2C.o
 .debug_frame   0x00000838       0xe8 ./drivers/fsl_Systick_Delay.o
 .debug_frame   0x00000920      0x190 ./drivers/fsl_adc.o
 .debug_frame   0x00000ab0      0x3ac ./drivers/fsl_clock.o