fsl_clock.h:441:20:CLOCK_EnableClock	16	static
fsl_clock.h:452:20:CLOCK_DisableClock	16	static
fsl_clock.h:463:20:CLOCK_Select	16	static
fsl_clock.h:474:20:CLOCK_SetClkDivider	16	static
fsl_gpio.h:153:20:GPIO_PinWrite	24	static
fsl_adc.h:453:20:ADC_EnableConvSeqA	16	static
fsl_adc.h:478:20:ADC_DoSoftwareTriggerConvSeqA	16	static
fsl_power.h:121:20:POWER_DisablePD	16	static
fsl_sctimer.h:482:20:SCTIMER_StartTimer	16	static
Invernadero.c:91:5:main	24	static
Invernadero.c:127:6:GestionarMenu	40	static
Invernadero.c:170:10:MenuIngresoNumerico	80	static
Invernadero.c:213:6:InicializarHardware	56	static
Invernadero.c:262:6:LeerSensores	24	static
Invernadero.c:281:7:CalcularTemperatura	24	static
Invernadero.c:288:6:MoverServo	24	static
Invernadero.c:294:6:ProcesarAlertas	64	static
Invernadero.c:324:6:ActualizarPantallaPrincipal	56	static
Invernadero.c:345:6:ADC_Configuration	48	static
Invernadero.c:366:6:GuardarConfiguracionFlash	96	static
Invernadero.c:390:6:CargarConfiguracionFlash	40	static
