fsl_gpio.h:199:20:GPIO_PortSet	24	static
fsl_gpio.h:220:20:GPIO_PortClear	24	static
fsl_SSD1306.c:50:13:OLED_Command	40	static
fsl_SSD1306.c:70:13:OLED_Data	40	static
fsl_SSD1306.c:88:13:OLED_Reset	8	static
fsl_SSD1306.c:99:13:OLED_Config_Display	8	static
fsl_SSD1306.c:150:12:OLED_Render_Char	40	static
fsl_SSD1306.c:199:6:OLED_Init	8	static
fsl_SSD1306.c:213:6:OLED_Refresh	8	static
fsl_SSD1306.c:224:6:OLED_Clear	8	static
fsl_SSD1306.c:232:6:OLED_Fill	16	static
fsl_SSD1306.c:239:6:OLED_Display_Mode	16	static
fsl_SSD1306.c:251:6:OLED_Set_Pixel	24	static
fsl_SSD1306.c:272:6:OLED_Set_Text	40	static
fsl_SSD1306.c:307:6:OLED_Copy_Image	24	static
