core_cm0plus.h:733:22:__NVIC_EnableIRQ	16	static
fsl_clock.h:463:20:CLOCK_EnableClock	16	static
fsl_clock.h:473:20:CLOCK_DisableClock	16	static
fsl_common.h:405:28:EnableIRQ	16	static
fsl_spi.h:371:20:SPI_Enable	16	static
fsl_spi.h:396:24:SPI_GetStatusFlags	16	static
fsl_spi.h:428:20:SPI_EnableInterrupts	16	static
fsl_spi.h:442:20:SPI_DisableInterrupts	16	static
fsl_spi.h:460:20:SPI_IsMaster	16	static
fsl_spi.h:479:20:SPI_WriteData	16	static
fsl_spi.h:490:20:SPI_WriteConfigFlags	16	static
fsl_spi.h:509:24:SPI_ReadData	16	static
fsl_spi.c:86:13:SPI_SendTransfer	24	static
fsl_spi.c:132:13:SPI_ReceiveTransfer	24	static
fsl_spi.c:159:10:SPI_GetInstance	24	static
fsl_spi.c:177:6:SPI_SetDummyData	24	static
fsl_spi.c:184:6:SPI_SetTransferDelay	16	static
fsl_spi.c:192:6:SPI_MasterGetDefaultConfig	16	static
fsl_spi.c:210:10:SPI_MasterInit	40	static
fsl_spi.c:254:6:SPI_SlaveGetDefaultConfig	16	static
fsl_spi.c:265:10:SPI_SlaveInit	24	static
fsl_spi.c:297:6:SPI_Deinit	24	static
fsl_spi.c:308:10:SPI_MasterSetBaudRate	32	static
fsl_spi.c:326:6:SPI_WriteDataWithConfigFlags	32	static
fsl_spi.c:339:10:SPI_MasterTransferCreateHandle	32	static
fsl_spi.c:363:10:SPI_SlaveTransferCreateHandle	24	static
fsl_spi.c:373:10:SPI_MasterTransferBlocking	40	static
fsl_spi.c:463:10:SPI_MasterTransferNonBlocking	32	static
fsl_spi.c:534:10:SPI_SlaveTransferNonBlocking	32	static
fsl_spi.c:548:10:SPI_MasterTransferGetCount	24	static
fsl_spi.c:568:6:SPI_MasterTransferAbort	16	static
fsl_spi.c:579:6:SPI_MasterTransferHandleIRQ	24	static
fsl_spi.c:616:6:SPI_SlaveTransferHandleIRQ	24	static
fsl_spi.c:655:13:SPI_CommonIRQHandler	16	static
fsl_spi.c:668:6:SPI0_DriverIRQHandler	8	static
fsl_spi.c:676:6:SPI1_DriverIRQHandler	8	static
