fsl_clock.h:441:20:CLOCK_EnableClock	16	static
fsl_gpio.h:153:20:GPIO_PinWrite	24	static
fsl_mrt.h:113:20:MRT_GetDefaultConfig	16	static
fsl_mrt.h:129:20:MRT_SetupChannelMode	24	static
fsl_mrt.h:209:24:MRT_GetStatusFlags	16	static
fsl_mrt.h:223:20:MRT_ClearStatusFlags	24	static
fsl_mrt.h:290:20:MRT_StartTimer	24	static
dht_lpc.c:28:6:dht_timer_init	16	static
dht_lpc.c:37:13:dht_delay_ms	16	static
dht_lpc.c:42:13:dht_delay_us	24	static
dht_lpc.c:61:13:_dht_set_pin_dir	32	static
dht_lpc.c:72:13:_dht_write_pin	24	static
dht_lpc.c:78:20:_dht_read_pin_fast	8	static
dht_lpc.c:89:17:_dht_expect_pulse	24	static
dht_lpc.c:105:6:dht_init	24	static
dht_lpc.c:121:5:dht_read	384	static
dht_lpc.c:195:7:dht_get_humidity	24	static
dht_lpc.c:206:7:dht_get_temperature	24	static
