00:13:50 **** Build of configuration Debug for project Invernadero ****
make -r -j4 all 
Building file: ../source/Invernadero.c
Invoking: MCU C Compiler
arm-none-eabi-gcc -DCPU_LPC845M301JBD48 -DCPU_LPC845M301JBD48_cm0plus -DFSL_RTOS_BM -DSDK_OS_BAREMETAL -DSDK_DEBUGCONSOLE=0 -DCR_INTEGER_PRINTF -DPRINTF_FLOAT_ENABLE=0 -D__MCUXPRESSO -D__USE_CMSIS -DDEBUG -D__REDLIB__ -I"D:\nxp\MCUXpressoIDE_11.1.1_3241\workspace\Invernadero\board" -I"D:\nxp\MCUXpressoIDE_11.1.1_3241\workspace\Invernadero\source" -I"D:\nxp\MCUXpressoIDE_11.1.1_3241\workspace\Invernadero" -I"D:\nxp\MCUXpressoIDE_11.1.1_3241\workspace\Invernadero\drivers" -I"D:\nxp\MCUXpressoIDE_11.1.1_3241\workspace\Invernadero\device" -I"D:\nxp\MCUXpressoIDE_11.1.1_3241\workspace\Invernadero\CMSIS" -I"D:\nxp\MCUXpressoIDE_11.1.1_3241\workspace\Invernadero\component\uart" -I"D:\nxp\MCUXpressoIDE_11.1.1_3241\workspace\Invernadero\utilities" -O0 -fno-common -g3 -Wall -c -ffunction-sections -fdata-sections -ffreestanding -fno-builtin -fmerge-constants -fmacro-prefix-map="../source/"=. -mcpu=cortex-m0plus -mthumb -D__REDLIB__ -fstack-usage -specs=redlib.specs -MMD -MP -MF"source/Invernadero.d" -MT"source/Invernadero.o" -MT"source/Invernadero.d" -o "source/Invernadero.o" "../source/Invernadero.c"
Finished building: ../source/Invernadero.c
 
Building target: Invernadero.axf
Invoking: MCU Linker
arm-none-eabi-gcc -nostdlib -Xlinker -Map="Invernadero.map" -Xlinker --gc-sections -Xlinker -print-memory-usage -Xlinker --sort-section=alignment -Xlinker --cref -mcpu=cortex-m0plus -mthumb -T Invernadero_Debug.ld -o "Invernadero.axf"  ./utilities/fsl_debug_console.o  ./startup/startup_lpc845.o  ./source/Invernadero.o ./source/mtb.o ./source/semihost_hardfault.o  ./drivers/dht_lpc.o ./drivers/fsl_SSD1306_I2C.o ./drivers/fsl_Systick_Delay.o ./drivers/fsl_adc.o ./drivers/fsl_clock.o ./drivers/fsl_common.o ./drivers/fsl_dac.o ./drivers/fsl_gpio.o ./drivers/fsl_i2c.o ./drivers/fsl_iap.o ./drivers/fsl_mrt.o ./drivers/fsl_power.o ./drivers/fsl_reset.o ./drivers/fsl_sctimer.o ./drivers/fsl_spi.o ./drivers/fsl_swm.o ./drivers/fsl_usart.o ./drivers/teclado.o  ./device/system_LPC845.o  ./component/uart/miniusart_adapter.o  ./board/board.o ./board/clock_config.o ./board/peripherals.o ./board/pin_mux.o   
Memory region         Used Size  Region Size  %age Used
   PROGRAM_FLASH:       11472 B        64 KB     17.50%
            SRAM:        2436 B      16352 B     14.90%
        IAP_SRAM:          0 GB         32 B      0.00%
Finished building target: Invernadero.axf
 
make --no-print-directory post-build
Performing post-build steps
arm-none-eabi-size "Invernadero.axf"; # arm-none-eabi-objcopy -v -O binary "Invernadero.axf" "Invernadero.bin" ; # checksum -p LPC845 -d "Invernadero.bin";
   text	   data	    bss	    dec	    hex	filename
  11468	      4	   2432	  13904	   3650	Invernadero.axf
 
00:14:30 **** Incremental Build of configuration Debug for project Invernadero ****
make -r -j4 all 
make: Nothing to be done for 'all'.
00:17:08 **** Incremental Build of configuration Debug for project Invernadero ****
make -r -j4 all 
Building file: ../source/Invernadero.c
Invoking: MCU C Compiler
arm-none-eabi-gcc -DCPU_LPC845M301JBD48 -DCPU_LPC845M301JBD48_cm0plus -DFSL_RTOS_BM -DSDK_OS_BAREMETAL -DSDK_DEBUGCONSOLE=0 -DCR_INTEGER_PRINTF -DPRINTF_FLOAT_ENABLE=0 -D__MCUXPRESSO -D__USE_CMSIS -DDEBUG -D__REDLIB__ -I"D:\nxp\MCUXpressoIDE_11.1.1_3241\workspace\Invernadero\board" -I"D:\nxp\MCUXpressoIDE_11.1.1_3241\workspace\Invernadero\source" -I"D:\nxp\MCUXpressoIDE_11.1.1_3241\workspace\Invernadero" -I"D:\nxp\MCUXpressoIDE_11.1.1_3241\workspace\Invernadero\drivers" -I"D:\nxp\MCUXpressoIDE_11.1.1_3241\workspace\Invernadero\device" -I"D:\nxp\MCUXpressoIDE_11.1.1_3241\workspace\Invernadero\CMSIS" -I"D:\nxp\MCUXpressoIDE_11.1.1_3241\workspace\Invernadero\component\uart" -I"D:\nxp\MCUXpressoIDE_11.1.1_3241\workspace\Invernadero\utilities" -O0 -fno-common -g3 -Wall -c -ffunction-sections -fdata-sections -ffreestanding -fno-builtin -fmerge-constants -fmacro-prefix-map="../source/"=. -mcpu=cortex-m0plus -mthumb -D__REDLIB__ -fstack-usage -specs=redlib.specs -MMD -MP -MF"source/Invernadero.d" -MT"source/Invernadero.o" -MT"source/Invernadero.d" -o "source/Invernadero.o" "../source/Invernadero.c"
Finished building: ../source/Invernadero.c
 
Building target: Invernadero.axf
Invoking: MCU Linker
arm-none-eabi-gcc -nostdlib -Xlinker -Map="Invernadero.map" -Xlinker --gc-sections -Xlinker -print-memory-usage -Xlinker --sort-section=alignment -Xlinker --cref -mcpu=cortex-m0plus -mthumb -T Invernadero_Debug.ld -o "Invernadero.axf"  ./utilities/fsl_debug_console.o  ./startup/startup_lpc845.o  ./source/Invernadero.o ./source/mtb.o ./source/semihost_hardfault.o  ./drivers/dht_lpc.o ./drivers/fsl_SSD1306_I2C.o ./drivers/fsl_Systick_Delay.o ./drivers/fsl_adc.o ./drivers/fsl_clock.o ./drivers/fsl_common.o ./drivers/fsl_dac.o ./drivers/fsl_gpio.o ./drivers/fsl_i2c.o ./drivers/fsl_iap.o ./drivers/fsl_mrt.o ./drivers/fsl_power.o ./drivers/fsl_reset.o ./drivers/fsl_sctimer.o ./drivers/fsl_spi.o ./drivers/fsl_swm.o ./drivers/fsl_usart.o ./drivers/teclado.o  ./device/system_LPC845.o  ./component/uart/miniusart_adapter.o  ./board/board.o ./board/clock_config.o ./board/peripherals.o ./board/pin_mux.o   
Memory region         Used Size  Region Size  %age Used
   PROGRAM_FLASH:       12624 B        64 KB     19.26%
            SRAM:        2436 B      16352 B     14.90%
        IAP_SRAM:          0 GB         32 B      0.00%
Finished building target: Invernadero.axf
 
make --no-print-directory post-build
Performing post-build steps
arm-none-eabi-size "Invernadero.axf"; # arm-none-eabi-objcopy -v -O binary "Invernadero.axf" "Invernadero.bin" ; # checksum -p LPC845 -d "Invernadero.bin";
   text	   data	    bss	    dec	    hex	filename
  12620	      4	   2432	  15056	   3ad0	Invernadero.axf
 
00:18:00 **** Incremental Build of configuration Debug for project Invernadero ****
make -r -j4 all 
make: Nothing to be done for 'all'.
00:32:47 **** Incremental Build of configuration Debug for project Invernadero ****
make -r -j4 all 
Building file: ../source/Invernadero.c
Invoking: MCU C Compiler
arm-none-eabi-gcc -DCPU_LPC845M301JBD48 -DCPU_LPC845M301JBD48_cm0plus -DFSL_RTOS_BM -DSDK_OS_BAREMETAL -DSDK_DEBUGCONSOLE=0 -DCR_INTEGER_PRINTF -DPRINTF_FLOAT_ENABLE=0 -D__MCUXPRESSO -D__USE_CMSIS -DDEBUG -D__REDLIB__ -I"D:\nxp\MCUXpressoIDE_11.1.1_3241\workspace\Invernadero\board" -I"D:\nxp\MCUXpressoIDE_11.1.1_3241\workspace\Invernadero\source" -I"D:\nxp\MCUXpressoIDE_11.1.1_3241\workspace\Invernadero" -I"D:\nxp\MCUXpressoIDE_11.1.1_3241\workspace\Invernadero\drivers" -I"D:\nxp\MCUXpressoIDE_11.1.1_3241\workspace\Invernadero\device" -I"D:\nxp\MCUXpressoIDE_11.1.1_3241\workspace\Invernadero\CMSIS" -I"D:\nxp\MCUXpressoIDE_11.1.1_3241\workspace\Invernadero\component\uart" -I"D:\nxp\MCUXpressoIDE_11.1.1_3241\workspace\Invernadero\utilities" -O0 -fno-common -g3 -Wall -c -ffunction-sections -fdata-sections -ffreestanding -fno-builtin -fmerge-constants -fmacro-prefix-map="../source/"=. -mcpu=cortex-m0plus -mthumb -D__REDLIB__ -fstack-usage -specs=redlib.specs -MMD -MP -MF"source/Invernadero.d" -MT"source/Invernadero.o" -MT"source/Invernadero.d" -o "source/Invernadero.o" "../source/Invernadero.c"
Finished building: ../source/Invernadero.c
 
Building target: Invernadero.axf
Invoking: MCU Linker
arm-none-eabi-gcc -nostdlib -Xlinker -Map="Invernadero.map" -Xlinker --gc-sections -Xlinker -print-memory-usage -Xlinker --sort-section=alignment -Xlinker --cref -mcpu=cortex-m0plus -mthumb -T Invernadero_Debug.ld -o "Invernadero.axf"  ./utilities/fsl_debug_console.o  ./startup/startup_lpc845.o  ./source/Invernadero.o ./source/mtb.o ./source/semihost_hardfault.o  ./drivers/dht_lpc.o ./drivers/fsl_SSD1306_I2C.o ./drivers/fsl_Systick_Delay.o ./drivers/fsl_adc.o ./drivers/fsl_clock.o ./drivers/fsl_common.o ./drivers/fsl_dac.o ./drivers/fsl_gpio.o ./drivers/fsl_i2c.o ./drivers/fsl_iap.o ./drivers/fsl_mrt.o ./drivers/fsl_power.o ./drivers/fsl_reset.o ./drivers/fsl_sctimer.o ./drivers/fsl_spi.o ./drivers/fsl_swm.o ./drivers/fsl_usart.o ./drivers/teclado.o  ./device/system_LPC845.o  ./component/uart/miniusart_adapter.o  ./board/board.o ./board/clock_config.o ./board/peripherals.o ./board/pin_mux.o   
Memory region         Used Size  Region Size  %age Used
   PROGRAM_FLASH:       12616 B        64 KB     19.25%
            SRAM:        2436 B      16352 B     14.90%
        IAP_SRAM:          0 GB         32 B      0.00%
Finished building target: Invernadero.axf
 
make --no-print-directory post-build
Performing post-build steps
arm-none-eabi-size "Invernadero.axf"; # arm-none-eabi-objcopy -v -O binary "Invernadero.axf" "Invernadero.bin" ; # checksum -p LPC845 -d "Invernadero.bin";
   text	   data	    bss	    dec	    hex	filename
  12612	      4	   2432	  15048	   3ac8	Invernadero.axf
 
02:17:23 **** Incremental Build of configuration Debug for project Invernadero ****
make -r -j4 all 
Building file: ../source/Invernadero.c
Invoking: MCU C Compiler
arm-none-eabi-gcc -DCPU_LPC845M301JBD48 -DCPU_LPC845M301JBD48_cm0plus -DFSL_RTOS_BM -DSDK_OS_BAREMETAL -DSDK_DEBUGCONSOLE=0 -DCR_INTEGER_PRINTF -DPRINTF_FLOAT_ENABLE=0 -D__MCUXPRESSO -D__USE_CMSIS -DDEBUG -D__REDLIB__ -I"D:\nxp\MCUXpressoIDE_11.1.1_3241\workspace\Invernadero\board" -I"D:\nxp\MCUXpressoIDE_11.1.1_3241\workspace\Invernadero\source" -I"D:\nxp\MCUXpressoIDE_11.1.1_3241\workspace\Invernadero" -I"D:\nxp\MCUXpressoIDE_11.1.1_3241\workspace\Invernadero\drivers" -I"D:\nxp\MCUXpressoIDE_11.1.1_3241\workspace\Invernadero\device" -I"D:\nxp\MCUXpressoIDE_11.1.1_3241\workspace\Invernadero\CMSIS" -I"D:\nxp\MCUXpressoIDE_11.1.1_3241\workspace\Invernadero\component\uart" -I"D:\nxp\MCUXpressoIDE_11.1.1_3241\workspace\Invernadero\utilities" -O0 -fno-common -g3 -Wall -c -ffunction-sections -fdata-sections -ffreestanding -fno-builtin -fmerge-constants -fmacro-prefix-map="../source/"=. -mcpu=cortex-m0plus -mthumb -D__REDLIB__ -fstack-usage -specs=redlib.specs -MMD -MP -MF"source/Invernadero.d" -MT"source/Invernadero.o" -MT"source/Invernadero.d" -o "source/Invernadero.o" "../source/Invernadero.c"
Finished building: ../source/Invernadero.c
 
Building target: Invernadero.axf
Invoking: MCU Linker
arm-none-eabi-gcc -nostdlib -Xlinker -Map="Invernadero.map" -Xlinker --gc-sections -Xlinker -print-memory-usage -Xlinker --sort-section=alignment -Xlinker --cref -mcpu=cortex-m0plus -mthumb -T Invernadero_Debug.ld -o "Invernadero.axf"  ./utilities/fsl_debug_console.o  ./startup/startup_lpc845.o  ./source/Invernadero.o ./source/mtb.o ./source/semihost_hardfault.o  ./drivers/dht_lpc.o ./drivers/fsl_SSD1306_I2C.o ./drivers/fsl_Systick_Delay.o ./drivers/fsl_adc.o ./drivers/fsl_clock.o ./drivers/fsl_common.o ./drivers/fsl_dac.o ./drivers/fsl_gpio.o ./drivers/fsl_i2c.o ./drivers/fsl_iap.o ./drivers/fsl_mrt.o ./drivers/fsl_power.o ./drivers/fsl_reset.o ./drivers/fsl_sctimer.o ./drivers/fsl_spi.o ./drivers/fsl_swm.o ./drivers/fsl_usart.o ./drivers/teclado.o  ./device/system_LPC845.o  ./component/uart/miniusart_adapter.o  ./board/board.o ./board/clock_config.o ./board/peripherals.o ./board/pin_mux.o   
Memory region         Used Size  Region Size  %age Used
   PROGRAM_FLASH:       26920 B        64 KB     41.08%
            SRAM:        3556 B      16352 B     21.75%
        IAP_SRAM:          0 GB         32 B      0.00%
Finished building target: Invernadero.axf
 
make --no-print-directory post-build
Performing post-build steps
arm-none-eabi-size "Invernadero.axf"; # arm-none-eabi-objcopy -v -O binary "Invernadero.axf" "Invernadero.bin" ; # checksum -p LPC845 -d "Invernadero.bin";
   text	   data	    bss	    dec	    hex	filename
  26904	     16	   3540	  30460	   76fc	Invernadero.axf
 
