21:10:17 **** Incremental Build of configuration Debug for project LPC845_BoB_OLED ****
make -r -j2 all 
Building target: LPC845_BoB_OLED.axf
Invoking: MCU Linker
arm-none-eabi-gcc -nostdlib -Xlinker -Map="LPC845_BoB_OLED.map" -Xlinker --gc-sections -Xlinker -print-memory-usage -Xlinker --sort-section=alignment -mcpu=cortex-m0plus -mthumb -T LPC845_BoB_OLED_Debug.ld -o "LPC845_BoB_OLED.axf"  ./utilities/fsl_assert.o ./utilities/fsl_debug_console.o  ./startup/aeabi_romdiv_patch.o ./startup/startup_lpc845.o  ./source/LPC845_SSD1306_OLED.o ./source/mtb.o ./source/semihost_hardfault.o  ./drivers/fsl_SSD1306_I2C.o ./drivers/fsl_Systick_Delay.o ./drivers/fsl_clock.o ./drivers/fsl_common.o ./drivers/fsl_gpio.o ./drivers/fsl_i2c.o ./drivers/fsl_power.o ./drivers/fsl_reset.o ./drivers/fsl_spi.o ./drivers/fsl_swm.o ./drivers/fsl_usart.o  ./board/board.o ./board/clock_config.o ./board/peripherals.o ./board/pin_mux.o  ./CMSIS/system_LPC845.o   
Memory region         Used Size  Region Size  %age Used
   PROGRAM_FLASH:       12628 B        64 KB     19.27%
            SRAM:        3480 B      16352 B     21.28%
        IAP_SRAM:          0 GB         32 B      0.00%
Finished building target: LPC845_BoB_OLED.axf
 
make --no-print-directory post-build
Performing post-build steps
arm-none-eabi-size "LPC845_BoB_OLED.axf"; # arm-none-eabi-objcopy -v -O binary "LPC845_BoB_OLED.axf" "LPC845_BoB_OLED.bin" ; # checksum -p LPC845 -d "LPC845_BoB_OLED.bin";
   text	   data	    bss	    dec	    hex	filename
  12616	     12	   3468	  16096	   3ee0	LPC845_BoB_OLED.axf
 
21:10:35 **** Incremental Build of configuration Debug for project LPC845_BoB_OLED ****
make -r -j2 all 
make: Nothing to be done for 'all'.
21:11:01 **** Incremental Build of configuration Debug for project LPC845_BoB_OLED ****
make -r -j2 all 
make: Nothing to be done for 'all'.
21:15:31 **** Incremental Build of configuration Debug for project LPC845_BoB_OLED ****
make -r -j2 all 
make: Nothing to be done for 'all'.
21:21:43 **** Incremental Build of configuration Debug for project LPC845_BoB_OLED ****
make -r -j2 all 
make: Nothing to be done for 'all'.
21:43:36 **** Incremental Build of configuration Debug for project LPC845_BoB_OLED ****
make -r -j2 all 
make: Nothing to be done for 'all'.
21:45:40 **** Incremental Build of configuration Debug for project LPC845_BoB_OLED ****
make -r -j2 all 
Building file: ../source/LPC845_SSD1306_OLED.c
Invoking: MCU C Compiler
arm-none-eabi-gcc -DSDK_OS_BAREMETAL -DFSL_RTOS_BM -DSDK_DEBUGCONSOLE=1 -DCR_INTEGER_PRINTF -DPRINTF_FLOAT_ENABLE=0 -DCPU_LPC845M301JBD48_cm0plus -DCPU_LPC845M301JBD48 -D__MCUXPRESSO -D__USE_CMSIS -DDEBUG -D__REDLIB__ -I../board -I../source -I../ -I../drivers -I../CMSIS -I../utilities -I../startup -O0 -fno-common -g3 -Wall -c -ffunction-sections -fdata-sections -ffreestanding -fno-builtin -fmerge-constants -fmacro-prefix-map="../source/"=. -mcpu=cortex-m0plus -mthumb -D__REDLIB__ -fstack-usage -specs=redlib.specs -MMD -MP -MF"source/LPC845_SSD1306_OLED.d" -MT"source/LPC845_SSD1306_OLED.o" -MT"source/LPC845_SSD1306_OLED.d" -o "source/LPC845_SSD1306_OLED.o" "../source/LPC845_SSD1306_OLED.c"
Finished building: ../source/LPC845_SSD1306_OLED.c
 
Building target: LPC845_BoB_OLED.axf
Invoking: MCU Linker
arm-none-eabi-gcc -nostdlib -Xlinker -Map="LPC845_BoB_OLED.map" -Xlinker --gc-sections -Xlinker -print-memory-usage -Xlinker --sort-section=alignment -mcpu=cortex-m0plus -mthumb -T LPC845_BoB_OLED_Debug.ld -o "LPC845_BoB_OLED.axf"  ./utilities/fsl_assert.o ./utilities/fsl_debug_console.o  ./startup/aeabi_romdiv_patch.o ./startup/startup_lpc845.o  ./source/LPC845_SSD1306_OLED.o ./source/mtb.o ./source/semihost_hardfault.o  ./drivers/fsl_SSD1306_I2C.o ./drivers/fsl_Systick_Delay.o ./drivers/fsl_clock.o ./drivers/fsl_common.o ./drivers/fsl_gpio.o ./drivers/fsl_i2c.o ./drivers/fsl_power.o ./drivers/fsl_reset.o ./drivers/fsl_spi.o ./drivers/fsl_swm.o ./drivers/fsl_usart.o  ./board/board.o ./board/clock_config.o ./board/peripherals.o ./board/pin_mux.o  ./CMSIS/system_LPC845.o   
Memory region         Used Size  Region Size  %age Used
   PROGRAM_FLASH:       12624 B        64 KB     19.26%
            SRAM:        3480 B      16352 B     21.28%
        IAP_SRAM:          0 GB         32 B      0.00%
Finished building target: LPC845_BoB_OLED.axf
 
make --no-print-directory post-build
Performing post-build steps
arm-none-eabi-size "LPC845_BoB_OLED.axf"; # arm-none-eabi-objcopy -v -O binary "LPC845_BoB_OLED.axf" "LPC845_BoB_OLED.bin" ; # checksum -p LPC845 -d "LPC845_BoB_OLED.bin";
   text	   data	    bss	    dec	    hex	filename
  12612	     12	   3468	  16092	   3edc	LPC845_BoB_OLED.axf
 
21:49:15 **** Incremental Build of configuration Debug for project LPC845_BoB_OLED ****
make -r -j2 all 
Building file: ../source/LPC845_SSD1306_OLED.c
Invoking: MCU C Compiler
arm-none-eabi-gcc -DSDK_OS_BAREMETAL -DFSL_RTOS_BM -DSDK_DEBUGCONSOLE=1 -DCR_INTEGER_PRINTF -DPRINTF_FLOAT_ENABLE=0 -DCPU_LPC845M301JBD48_cm0plus -DCPU_LPC845M301JBD48 -D__MCUXPRESSO -D__USE_CMSIS -DDEBUG -D__REDLIB__ -I../board -I../source -I../ -I../drivers -I../CMSIS -I../utilities -I../startup -O0 -fno-common -g3 -Wall -c -ffunction-sections -fdata-sections -ffreestanding -fno-builtin -fmerge-constants -fmacro-prefix-map="../source/"=. -mcpu=cortex-m0plus -mthumb -D__REDLIB__ -fstack-usage -specs=redlib.specs -MMD -MP -MF"source/LPC845_SSD1306_OLED.d" -MT"source/LPC845_SSD1306_OLED.o" -MT"source/LPC845_SSD1306_OLED.d" -o "source/LPC845_SSD1306_OLED.o" "../source/LPC845_SSD1306_OLED.c"
Finished building: ../source/LPC845_SSD1306_OLED.c
 
Building target: LPC845_BoB_OLED.axf
Invoking: MCU Linker
arm-none-eabi-gcc -nostdlib -Xlinker -Map="LPC845_BoB_OLED.map" -Xlinker --gc-sections -Xlinker -print-memory-usage -Xlinker --sort-section=alignment -mcpu=cortex-m0plus -mthumb -T LPC845_BoB_OLED_Debug.ld -o "LPC845_BoB_OLED.axf"  ./utilities/fsl_assert.o ./utilities/fsl_debug_console.o  ./startup/aeabi_romdiv_patch.o ./startup/startup_lpc845.o  ./source/LPC845_SSD1306_OLED.o ./source/mtb.o ./source/semihost_hardfault.o  ./drivers/fsl_SSD1306_I2C.o ./drivers/fsl_Systick_Delay.o ./drivers/fsl_clock.o ./drivers/fsl_common.o ./drivers/fsl_gpio.o ./drivers/fsl_i2c.o ./drivers/fsl_power.o ./drivers/fsl_reset.o ./drivers/fsl_spi.o ./drivers/fsl_swm.o ./drivers/fsl_usart.o  ./board/board.o ./board/clock_config.o ./board/peripherals.o ./board/pin_mux.o  ./CMSIS/system_LPC845.o   
Memory region         Used Size  Region Size  %age Used
   PROGRAM_FLASH:       12624 B        64 KB     19.26%
            SRAM:        3480 B      16352 B     21.28%
        IAP_SRAM:          0 GB         32 B      0.00%
Finished building target: LPC845_BoB_OLED.axf
 
make --no-print-directory post-build
Performing post-build steps
arm-none-eabi-size "LPC845_BoB_OLED.axf"; # arm-none-eabi-objcopy -v -O binary "LPC845_BoB_OLED.axf" "LPC845_BoB_OLED.bin" ; # checksum -p LPC845 -d "LPC845_BoB_OLED.bin";
   text	   data	    bss	    dec	    hex	filename
  12612	     12	   3468	  16092	   3edc	LPC845_BoB_OLED.axf
 
21:53:59 **** Incremental Build of configuration Debug for project LPC845_BoB_OLED ****
make -r -j2 all 
Building file: ../source/LPC845_SSD1306_OLED.c
Invoking: MCU C Compiler
arm-none-eabi-gcc -DSDK_OS_BAREMETAL -DFSL_RTOS_BM -DSDK_DEBUGCONSOLE=1 -DCR_INTEGER_PRINTF -DPRINTF_FLOAT_ENABLE=0 -DCPU_LPC845M301JBD48_cm0plus -DCPU_LPC845M301JBD48 -D__MCUXPRESSO -D__USE_CMSIS -DDEBUG -D__REDLIB__ -I../board -I../source -I../ -I../drivers -I../CMSIS -I../utilities -I../startup -O0 -fno-common -g3 -Wall -c -ffunction-sections -fdata-sections -ffreestanding -fno-builtin -fmerge-constants -fmacro-prefix-map="../source/"=. -mcpu=cortex-m0plus -mthumb -D__REDLIB__ -fstack-usage -specs=redlib.specs -MMD -MP -MF"source/LPC845_SSD1306_OLED.d" -MT"source/LPC845_SSD1306_OLED.o" -MT"source/LPC845_SSD1306_OLED.d" -o "source/LPC845_SSD1306_OLED.o" "../source/LPC845_SSD1306_OLED.c"
Finished building: ../source/LPC845_SSD1306_OLED.c
 
Building target: LPC845_BoB_OLED.axf
Invoking: MCU Linker
arm-none-eabi-gcc -nostdlib -Xlinker -Map="LPC845_BoB_OLED.map" -Xlinker --gc-sections -Xlinker -print-memory-usage -Xlinker --sort-section=alignment -mcpu=cortex-m0plus -mthumb -T LPC845_BoB_OLED_Debug.ld -o "LPC845_BoB_OLED.axf"  ./utilities/fsl_assert.o ./utilities/fsl_debug_console.o  ./startup/aeabi_romdiv_patch.o ./startup/startup_lpc845.o  ./source/LPC845_SSD1306_OLED.o ./source/mtb.o ./source/semihost_hardfault.o  ./drivers/fsl_SSD1306_I2C.o ./drivers/fsl_Systick_Delay.o ./drivers/fsl_clock.o ./drivers/fsl_common.o ./drivers/fsl_gpio.o ./drivers/fsl_i2c.o ./drivers/fsl_power.o ./drivers/fsl_reset.o ./drivers/fsl_spi.o ./drivers/fsl_swm.o ./drivers/fsl_usart.o  ./board/board.o ./board/clock_config.o ./board/peripherals.o ./board/pin_mux.o  ./CMSIS/system_LPC845.o   
Memory region         Used Size  Region Size  %age Used
   PROGRAM_FLASH:       11872 B        64 KB     18.12%
            SRAM:        3480 B      16352 B     21.28%
        IAP_SRAM:          0 GB         32 B      0.00%
Finished building target: LPC845_BoB_OLED.axf
 
make --no-print-directory post-build
Performing post-build steps
arm-none-eabi-size "LPC845_BoB_OLED.axf"; # arm-none-eabi-objcopy -v -O binary "LPC845_BoB_OLED.axf" "LPC845_BoB_OLED.bin" ; # checksum -p LPC845 -d "LPC845_BoB_OLED.bin";
   text	   data	    bss	    dec	    hex	filename
  11860	     12	   3468	  15340	   3bec	LPC845_BoB_OLED.axf
 
21:56:53 **** Incremental Build of configuration Debug for project LPC845_BoB_OLED ****
make -r -j2 all 
Building file: ../source/LPC845_SSD1306_OLED.c
Invoking: MCU C Compiler
arm-none-eabi-gcc -DSDK_OS_BAREMETAL -DFSL_RTOS_BM -DSDK_DEBUGCONSOLE=1 -DCR_INTEGER_PRINTF -DPRINTF_FLOAT_ENABLE=0 -DCPU_LPC845M301JBD48_cm0plus -DCPU_LPC845M301JBD48 -D__MCUXPRESSO -D__USE_CMSIS -DDEBUG -D__REDLIB__ -I../board -I../source -I../ -I../drivers -I../CMSIS -I../utilities -I../startup -O0 -fno-common -g3 -Wall -c -ffunction-sections -fdata-sections -ffreestanding -fno-builtin -fmerge-constants -fmacro-prefix-map="../source/"=. -mcpu=cortex-m0plus -mthumb -D__REDLIB__ -fstack-usage -specs=redlib.specs -MMD -MP -MF"source/LPC845_SSD1306_OLED.d" -MT"source/LPC845_SSD1306_OLED.o" -MT"source/LPC845_SSD1306_OLED.d" -o "source/LPC845_SSD1306_OLED.o" "../source/LPC845_SSD1306_OLED.c"
Finished building: ../source/LPC845_SSD1306_OLED.c
 
Building target: LPC845_BoB_OLED.axf
Invoking: MCU Linker
arm-none-eabi-gcc -nostdlib -Xlinker -Map="LPC845_BoB_OLED.map" -Xlinker --gc-sections -Xlinker -print-memory-usage -Xlinker --sort-section=alignment -mcpu=cortex-m0plus -mthumb -T LPC845_BoB_OLED_Debug.ld -o "LPC845_BoB_OLED.axf"  ./utilities/fsl_assert.o ./utilities/fsl_debug_console.o  ./startup/aeabi_romdiv_patch.o ./startup/startup_lpc845.o  ./source/LPC845_SSD1306_OLED.o ./source/mtb.o ./source/semihost_hardfault.o  ./drivers/fsl_SSD1306_I2C.o ./drivers/fsl_Systick_Delay.o ./drivers/fsl_clock.o ./drivers/fsl_common.o ./drivers/fsl_gpio.o ./drivers/fsl_i2c.o ./drivers/fsl_power.o ./drivers/fsl_reset.o ./drivers/fsl_spi.o ./drivers/fsl_swm.o ./drivers/fsl_usart.o  ./board/board.o ./board/clock_config.o ./board/peripherals.o ./board/pin_mux.o  ./CMSIS/system_LPC845.o   
Memory region         Used Size  Region Size  %age Used
   PROGRAM_FLASH:       11872 B        64 KB     18.12%
            SRAM:        3480 B      16352 B     21.28%
        IAP_SRAM:          0 GB         32 B      0.00%
Finished building target: LPC845_BoB_OLED.axf
 
make --no-print-directory post-build
Performing post-build steps
arm-none-eabi-size "LPC845_BoB_OLED.axf"; # arm-none-eabi-objcopy -v -O binary "LPC845_BoB_OLED.axf" "LPC845_BoB_OLED.bin" ; # checksum -p LPC845 -d "LPC845_BoB_OLED.bin";
   text	   data	    bss	    dec	    hex	filename
  11860	     12	   3468	  15340	   3bec	LPC845_BoB_OLED.axf
 
21:57:56 **** Incremental Build of configuration Debug for project LPC845_BoB_OLED ****
make -r -j2 all 
Building file: ../source/LPC845_SSD1306_OLED.c
Invoking: MCU C Compiler
arm-none-eabi-gcc -DSDK_OS_BAREMETAL -DFSL_RTOS_BM -DSDK_DEBUGCONSOLE=1 -DCR_INTEGER_PRINTF -DPRINTF_FLOAT_ENABLE=0 -DCPU_LPC845M301JBD48_cm0plus -DCPU_LPC845M301JBD48 -D__MCUXPRESSO -D__USE_CMSIS -DDEBUG -D__REDLIB__ -I../board -I../source -I../ -I../drivers -I../CMSIS -I../utilities -I../startup -O0 -fno-common -g3 -Wall -c -ffunction-sections -fdata-sections -ffreestanding -fno-builtin -fmerge-constants -fmacro-prefix-map="../source/"=. -mcpu=cortex-m0plus -mthumb -D__REDLIB__ -fstack-usage -specs=redlib.specs -MMD -MP -MF"source/LPC845_SSD1306_OLED.d" -MT"source/LPC845_SSD1306_OLED.o" -MT"source/LPC845_SSD1306_OLED.d" -o "source/LPC845_SSD1306_OLED.o" "../source/LPC845_SSD1306_OLED.c"
Finished building: ../source/LPC845_SSD1306_OLED.c
 
Building target: LPC845_BoB_OLED.axf
Invoking: MCU Linker
arm-none-eabi-gcc -nostdlib -Xlinker -Map="LPC845_BoB_OLED.map" -Xlinker --gc-sections -Xlinker -print-memory-usage -Xlinker --sort-section=alignment -mcpu=cortex-m0plus -mthumb -T LPC845_BoB_OLED_Debug.ld -o "LPC845_BoB_OLED.axf"  ./utilities/fsl_assert.o ./utilities/fsl_debug_console.o  ./startup/aeabi_romdiv_patch.o ./startup/startup_lpc845.o  ./source/LPC845_SSD1306_OLED.o ./source/mtb.o ./source/semihost_hardfault.o  ./drivers/fsl_SSD1306_I2C.o ./drivers/fsl_Systick_Delay.o ./drivers/fsl_clock.o ./drivers/fsl_common.o ./drivers/fsl_gpio.o ./drivers/fsl_i2c.o ./drivers/fsl_power.o ./drivers/fsl_reset.o ./drivers/fsl_spi.o ./drivers/fsl_swm.o ./drivers/fsl_usart.o  ./board/board.o ./board/clock_config.o ./board/peripherals.o ./board/pin_mux.o  ./CMSIS/system_LPC845.o   
Memory region         Used Size  Region Size  %age Used
   PROGRAM_FLASH:       12624 B        64 KB     19.26%
            SRAM:        3480 B      16352 B     21.28%
        IAP_SRAM:          0 GB         32 B      0.00%
Finished building target: LPC845_BoB_OLED.axf
 
make --no-print-directory post-build
Performing post-build steps
arm-none-eabi-size "LPC845_BoB_OLED.axf"; # arm-none-eabi-objcopy -v -O binary "LPC845_BoB_OLED.axf" "LPC845_BoB_OLED.bin" ; # checksum -p LPC845 -d "LPC845_BoB_OLED.bin";
   text	   data	    bss	    dec	    hex	filename
  12612	     12	   3468	  16092	   3edc	LPC845_BoB_OLED.axf
 
22:09:41 **** Incremental Build of configuration Debug for project LPC845_BoB_OLED ****
make -r -j2 all 
Building file: ../source/LPC845_SSD1306_OLED.c
Invoking: MCU C Compiler
arm-none-eabi-gcc -DSDK_OS_BAREMETAL -DFSL_RTOS_BM -DSDK_DEBUGCONSOLE=1 -DCR_INTEGER_PRINTF -DPRINTF_FLOAT_ENABLE=0 -DCPU_LPC845M301JBD48_cm0plus -DCPU_LPC845M301JBD48 -D__MCUXPRESSO -D__USE_CMSIS -DDEBUG -D__REDLIB__ -I../board -I../source -I../ -I../drivers -I../CMSIS -I../utilities -I../startup -O0 -fno-common -g3 -Wall -c -ffunction-sections -fdata-sections -ffreestanding -fno-builtin -fmerge-constants -fmacro-prefix-map="../source/"=. -mcpu=cortex-m0plus -mthumb -D__REDLIB__ -fstack-usage -specs=redlib.specs -MMD -MP -MF"source/LPC845_SSD1306_OLED.d" -MT"source/LPC845_SSD1306_OLED.o" -MT"source/LPC845_SSD1306_OLED.d" -o "source/LPC845_SSD1306_OLED.o" "../source/LPC845_SSD1306_OLED.c"
Finished building: ../source/LPC845_SSD1306_OLED.c
 
Building target: LPC845_BoB_OLED.axf
Invoking: MCU Linker
arm-none-eabi-gcc -nostdlib -Xlinker -Map="LPC845_BoB_OLED.map" -Xlinker --gc-sections -Xlinker -print-memory-usage -Xlinker --sort-section=alignment -mcpu=cortex-m0plus -mthumb -T LPC845_BoB_OLED_Debug.ld -o "LPC845_BoB_OLED.axf"  ./utilities/fsl_assert.o ./utilities/fsl_debug_console.o  ./startup/aeabi_romdiv_patch.o ./startup/startup_lpc845.o  ./source/LPC845_SSD1306_OLED.o ./source/mtb.o ./source/semihost_hardfault.o  ./drivers/fsl_SSD1306_I2C.o ./drivers/fsl_Systick_Delay.o ./drivers/fsl_clock.o ./drivers/fsl_common.o ./drivers/fsl_gpio.o ./drivers/fsl_i2c.o ./drivers/fsl_power.o ./drivers/fsl_reset.o ./drivers/fsl_spi.o ./drivers/fsl_swm.o ./drivers/fsl_usart.o  ./board/board.o ./board/clock_config.o ./board/peripherals.o ./board/pin_mux.o  ./CMSIS/system_LPC845.o   
Memory region         Used Size  Region Size  %age Used
   PROGRAM_FLASH:       12624 B        64 KB     19.26%
            SRAM:        3480 B      16352 B     21.28%
        IAP_SRAM:          0 GB         32 B      0.00%
Finished building target: LPC845_BoB_OLED.axf
 
make --no-print-directory post-build
Performing post-build steps
arm-none-eabi-size "LPC845_BoB_OLED.axf"; # arm-none-eabi-objcopy -v -O binary "LPC845_BoB_OLED.axf" "LPC845_BoB_OLED.bin" ; # checksum -p LPC845 -d "LPC845_BoB_OLED.bin";
   text	   data	    bss	    dec	    hex	filename
  12612	     12	   3468	  16092	   3edc	LPC845_BoB_OLED.axf
 
22:12:42 **** Incremental Build of configuration Debug for project LPC845_BoB_OLED ****
make -r -j2 all 
Building file: ../drivers/fsl_SSD1306_I2C.c
Invoking: MCU C Compiler
arm-none-eabi-gcc -DSDK_OS_BAREMETAL -DFSL_RTOS_BM -DSDK_DEBUGCONSOLE=1 -DCR_INTEGER_PRINTF -DPRINTF_FLOAT_ENABLE=0 -DCPU_LPC845M301JBD48_cm0plus -DCPU_LPC845M301JBD48 -D__MCUXPRESSO -D__USE_CMSIS -DDEBUG -D__REDLIB__ -I../board -I../source -I../ -I../drivers -I../CMSIS -I../utilities -I../startup -O0 -fno-common -g3 -Wall -c -ffunction-sections -fdata-sections -ffreestanding -fno-builtin -fmerge-constants -fmacro-prefix-map="../drivers/"=. -mcpu=cortex-m0plus -mthumb -D__REDLIB__ -fstack-usage -specs=redlib.specs -MMD -MP -MF"drivers/fsl_SSD1306_I2C.d" -MT"drivers/fsl_SSD1306_I2C.o" -MT"drivers/fsl_SSD1306_I2C.d" -o "drivers/fsl_SSD1306_I2C.o" "../drivers/fsl_SSD1306_I2C.c"
Finished building: ../drivers/fsl_SSD1306_I2C.c
 
Building target: LPC845_BoB_OLED.axf
Invoking: MCU Linker
arm-none-eabi-gcc -nostdlib -Xlinker -Map="LPC845_BoB_OLED.map" -Xlinker --gc-sections -Xlinker -print-memory-usage -Xlinker --sort-section=alignment -mcpu=cortex-m0plus -mthumb -T LPC845_BoB_OLED_Debug.ld -o "LPC845_BoB_OLED.axf"  ./utilities/fsl_assert.o ./utilities/fsl_debug_console.o  ./startup/aeabi_romdiv_patch.o ./startup/startup_lpc845.o  ./source/LPC845_SSD1306_OLED.o ./source/mtb.o ./source/semihost_hardfault.o  ./drivers/fsl_SSD1306_I2C.o ./drivers/fsl_Systick_Delay.o ./drivers/fsl_clock.o ./drivers/fsl_common.o ./drivers/fsl_gpio.o ./drivers/fsl_i2c.o ./drivers/fsl_power.o ./drivers/fsl_reset.o ./drivers/fsl_spi.o ./drivers/fsl_swm.o ./drivers/fsl_usart.o  ./board/board.o ./board/clock_config.o ./board/peripherals.o ./board/pin_mux.o  ./CMSIS/system_LPC845.o   
Memory region         Used Size  Region Size  %age Used
   PROGRAM_FLASH:       12616 B        64 KB     19.25%
            SRAM:        3480 B      16352 B     21.28%
        IAP_SRAM:          0 GB         32 B      0.00%
Finished building target: LPC845_BoB_OLED.axf
 
make --no-print-directory post-build
Performing post-build steps
arm-none-eabi-size "LPC845_BoB_OLED.axf"; # arm-none-eabi-objcopy -v -O binary "LPC845_BoB_OLED.axf" "LPC845_BoB_OLED.bin" ; # checksum -p LPC845 -d "LPC845_BoB_OLED.bin";
   text	   data	    bss	    dec	    hex	filename
  12604	     12	   3468	  16084	   3ed4	LPC845_BoB_OLED.axf
 
22:13:22 **** Incremental Build of configuration Debug for project LPC845_BoB_OLED ****
make -r -j2 all 
Building file: ../source/LPC845_SSD1306_OLED.c
Invoking: MCU C Compiler
arm-none-eabi-gcc -DSDK_OS_BAREMETAL -DFSL_RTOS_BM -DSDK_DEBUGCONSOLE=1 -DCR_INTEGER_PRINTF -DPRINTF_FLOAT_ENABLE=0 -DCPU_LPC845M301JBD48_cm0plus -DCPU_LPC845M301JBD48 -D__MCUXPRESSO -D__USE_CMSIS -DDEBUG -D__REDLIB__ -I../board -I../source -I../ -I../drivers -I../CMSIS -I../utilities -I../startup -O0 -fno-common -g3 -Wall -c -ffunction-sections -fdata-sections -ffreestanding -fno-builtin -fmerge-constants -fmacro-prefix-map="../source/"=. -mcpu=cortex-m0plus -mthumb -D__REDLIB__ -fstack-usage -specs=redlib.specs -MMD -MP -MF"source/LPC845_SSD1306_OLED.d" -MT"source/LPC845_SSD1306_OLED.o" -MT"source/LPC845_SSD1306_OLED.d" -o "source/LPC845_SSD1306_OLED.o" "../source/LPC845_SSD1306_OLED.c"
Finished building: ../source/LPC845_SSD1306_OLED.c
 
Building target: LPC845_BoB_OLED.axf
Invoking: MCU Linker
arm-none-eabi-gcc -nostdlib -Xlinker -Map="LPC845_BoB_OLED.map" -Xlinker --gc-sections -Xlinker -print-memory-usage -Xlinker --sort-section=alignment -mcpu=cortex-m0plus -mthumb -T LPC845_BoB_OLED_Debug.ld -o "LPC845_BoB_OLED.axf"  ./utilities/fsl_assert.o ./utilities/fsl_debug_console.o  ./startup/aeabi_romdiv_patch.o ./startup/startup_lpc845.o  ./source/LPC845_SSD1306_OLED.o ./source/mtb.o ./source/semihost_hardfault.o  ./drivers/fsl_SSD1306_I2C.o ./drivers/fsl_Systick_Delay.o ./drivers/fsl_clock.o ./drivers/fsl_common.o ./drivers/fsl_gpio.o ./drivers/fsl_i2c.o ./drivers/fsl_power.o ./drivers/fsl_reset.o ./drivers/fsl_spi.o ./drivers/fsl_swm.o ./drivers/fsl_usart.o  ./board/board.o ./board/clock_config.o ./board/peripherals.o ./board/pin_mux.o  ./CMSIS/system_LPC845.o   
Memory region         Used Size  Region Size  %age Used
   PROGRAM_FLASH:       12616 B        64 KB     19.25%
            SRAM:        3480 B      16352 B     21.28%
        IAP_SRAM:          0 GB         32 B      0.00%
Finished building target: LPC845_BoB_OLED.axf
 
make --no-print-directory post-build
Performing post-build steps
arm-none-eabi-size "LPC845_BoB_OLED.axf"; # arm-none-eabi-objcopy -v -O binary "LPC845_BoB_OLED.axf" "LPC845_BoB_OLED.bin" ; # checksum -p LPC845 -d "LPC845_BoB_OLED.bin";
   text	   data	    bss	    dec	    hex	filename
  12604	     12	   3468	  16084	   3ed4	LPC845_BoB_OLED.axf
 
22:15:00 **** Incremental Build of configuration Debug for project LPC845_BoB_OLED ****
make -r -j2 all 
Building file: ../drivers/fsl_SSD1306_I2C.c
Invoking: MCU C Compiler
arm-none-eabi-gcc -DSDK_OS_BAREMETAL -DFSL_RTOS_BM -DSDK_DEBUGCONSOLE=1 -DCR_INTEGER_PRINTF -DPRINTF_FLOAT_ENABLE=0 -DCPU_LPC845M301JBD48_cm0plus -DCPU_LPC845M301JBD48 -D__MCUXPRESSO -D__USE_CMSIS -DDEBUG -D__REDLIB__ -I../board -I../source -I../ -I../drivers -I../CMSIS -I../utilities -I../startup -O0 -fno-common -g3 -Wall -c -ffunction-sections -fdata-sections -ffreestanding -fno-builtin -fmerge-constants -fmacro-prefix-map="../drivers/"=. -mcpu=cortex-m0plus -mthumb -D__REDLIB__ -fstack-usage -specs=redlib.specs -MMD -MP -MF"drivers/fsl_SSD1306_I2C.d" -MT"drivers/fsl_SSD1306_I2C.o" -MT"drivers/fsl_SSD1306_I2C.d" -o "drivers/fsl_SSD1306_I2C.o" "../drivers/fsl_SSD1306_I2C.c"
Finished building: ../drivers/fsl_SSD1306_I2C.c
 
Building target: LPC845_BoB_OLED.axf
Invoking: MCU Linker
arm-none-eabi-gcc -nostdlib -Xlinker -Map="LPC845_BoB_OLED.map" -Xlinker --gc-sections -Xlinker -print-memory-usage -Xlinker --sort-section=alignment -mcpu=cortex-m0plus -mthumb -T LPC845_BoB_OLED_Debug.ld -o "LPC845_BoB_OLED.axf"  ./utilities/fsl_assert.o ./utilities/fsl_debug_console.o  ./startup/aeabi_romdiv_patch.o ./startup/startup_lpc845.o  ./source/LPC845_SSD1306_OLED.o ./source/mtb.o ./source/semihost_hardfault.o  ./drivers/fsl_SSD1306_I2C.o ./drivers/fsl_Systick_Delay.o ./drivers/fsl_clock.o ./drivers/fsl_common.o ./drivers/fsl_gpio.o ./drivers/fsl_i2c.o ./drivers/fsl_power.o ./drivers/fsl_reset.o ./drivers/fsl_spi.o ./drivers/fsl_swm.o ./drivers/fsl_usart.o  ./board/board.o ./board/clock_config.o ./board/peripherals.o ./board/pin_mux.o  ./CMSIS/system_LPC845.o   
Memory region         Used Size  Region Size  %age Used
   PROGRAM_FLASH:       12624 B        64 KB     19.26%
            SRAM:        3480 B      16352 B     21.28%
        IAP_SRAM:          0 GB         32 B      0.00%
Finished building target: LPC845_BoB_OLED.axf
 
make --no-print-directory post-build
Performing post-build steps
arm-none-eabi-size "LPC845_BoB_OLED.axf"; # arm-none-eabi-objcopy -v -O binary "LPC845_BoB_OLED.axf" "LPC845_BoB_OLED.bin" ; # checksum -p LPC845 -d "LPC845_BoB_OLED.bin";
   text	   data	    bss	    dec	    hex	filename
  12612	     12	   3468	  16092	   3edc	LPC845_BoB_OLED.axf
 
22:16:32 **** Incremental Build of configuration Debug for project LPC845_BoB_OLED ****
make -r -j2 all 
Building file: ../source/LPC845_SSD1306_OLED.c
Invoking: MCU C Compiler
arm-none-eabi-gcc -DSDK_OS_BAREMETAL -DFSL_RTOS_BM -DSDK_DEBUGCONSOLE=1 -DCR_INTEGER_PRINTF -DPRINTF_FLOAT_ENABLE=0 -DCPU_LPC845M301JBD48_cm0plus -DCPU_LPC845M301JBD48 -D__MCUXPRESSO -D__USE_CMSIS -DDEBUG -D__REDLIB__ -I../board -I../source -I../ -I../drivers -I../CMSIS -I../utilities -I../startup -O0 -fno-common -g3 -Wall -c -ffunction-sections -fdata-sections -ffreestanding -fno-builtin -fmerge-constants -fmacro-prefix-map="../source/"=. -mcpu=cortex-m0plus -mthumb -D__REDLIB__ -fstack-usage -specs=redlib.specs -MMD -MP -MF"source/LPC845_SSD1306_OLED.d" -MT"source/LPC845_SSD1306_OLED.o" -MT"source/LPC845_SSD1306_OLED.d" -o "source/LPC845_SSD1306_OLED.o" "../source/LPC845_SSD1306_OLED.c"
Finished building: ../source/LPC845_SSD1306_OLED.c
 
Building target: LPC845_BoB_OLED.axf
Invoking: MCU Linker
arm-none-eabi-gcc -nostdlib -Xlinker -Map="LPC845_BoB_OLED.map" -Xlinker --gc-sections -Xlinker -print-memory-usage -Xlinker --sort-section=alignment -mcpu=cortex-m0plus -mthumb -T LPC845_BoB_OLED_Debug.ld -o "LPC845_BoB_OLED.axf"  ./utilities/fsl_assert.o ./utilities/fsl_debug_console.o  ./startup/aeabi_romdiv_patch.o ./startup/startup_lpc845.o  ./source/LPC845_SSD1306_OLED.o ./source/mtb.o ./source/semihost_hardfault.o  ./drivers/fsl_SSD1306_I2C.o ./drivers/fsl_Systick_Delay.o ./drivers/fsl_clock.o ./drivers/fsl_common.o ./drivers/fsl_gpio.o ./drivers/fsl_i2c.o ./drivers/fsl_power.o ./drivers/fsl_reset.o ./drivers/fsl_spi.o ./drivers/fsl_swm.o ./drivers/fsl_usart.o  ./board/board.o ./board/clock_config.o ./board/peripherals.o ./board/pin_mux.o  ./CMSIS/system_LPC845.o   
Memory region         Used Size  Region Size  %age Used
   PROGRAM_FLASH:       12624 B        64 KB     19.26%
            SRAM:        3480 B      16352 B     21.28%
        IAP_SRAM:          0 GB         32 B      0.00%
Finished building target: LPC845_BoB_OLED.axf
 
make --no-print-directory post-build
Performing post-build steps
arm-none-eabi-size "LPC845_BoB_OLED.axf"; # arm-none-eabi-objcopy -v -O binary "LPC845_BoB_OLED.axf" "LPC845_BoB_OLED.bin" ; # checksum -p LPC845 -d "LPC845_BoB_OLED.bin";
   text	   data	    bss	    dec	    hex	filename
  12612	     12	   3468	  16092	   3edc	LPC845_BoB_OLED.axf
 
22:17:41 **** Incremental Build of configuration Debug for project LPC845_BoB_OLED ****
make -r -j2 all 
Building file: ../drivers/fsl_SSD1306_I2C.c
Invoking: MCU C Compiler
arm-none-eabi-gcc -DSDK_OS_BAREMETAL -DFSL_RTOS_BM -DSDK_DEBUGCONSOLE=1 -DCR_INTEGER_PRINTF -DPRINTF_FLOAT_ENABLE=0 -DCPU_LPC845M301JBD48_cm0plus -DCPU_LPC845M301JBD48 -D__MCUXPRESSO -D__USE_CMSIS -DDEBUG -D__REDLIB__ -I../board -I../source -I../ -I../drivers -I../CMSIS -I../utilities -I../startup -O0 -fno-common -g3 -Wall -c -ffunction-sections -fdata-sections -ffreestanding -fno-builtin -fmerge-constants -fmacro-prefix-map="../drivers/"=. -mcpu=cortex-m0plus -mthumb -D__REDLIB__ -fstack-usage -specs=redlib.specs -MMD -MP -MF"drivers/fsl_SSD1306_I2C.d" -MT"drivers/fsl_SSD1306_I2C.o" -MT"drivers/fsl_SSD1306_I2C.d" -o "drivers/fsl_SSD1306_I2C.o" "../drivers/fsl_SSD1306_I2C.c"
Finished building: ../drivers/fsl_SSD1306_I2C.c
 
Building target: LPC845_BoB_OLED.axf
Invoking: MCU Linker
arm-none-eabi-gcc -nostdlib -Xlinker -Map="LPC845_BoB_OLED.map" -Xlinker --gc-sections -Xlinker -print-memory-usage -Xlinker --sort-section=alignment -mcpu=cortex-m0plus -mthumb -T LPC845_BoB_OLED_Debug.ld -o "LPC845_BoB_OLED.axf"  ./utilities/fsl_assert.o ./utilities/fsl_debug_console.o  ./startup/aeabi_romdiv_patch.o ./startup/startup_lpc845.o  ./source/LPC845_SSD1306_OLED.o ./source/mtb.o ./source/semihost_hardfault.o  ./drivers/fsl_SSD1306_I2C.o ./drivers/fsl_Systick_Delay.o ./drivers/fsl_clock.o ./drivers/fsl_common.o ./drivers/fsl_gpio.o ./drivers/fsl_i2c.o ./drivers/fsl_power.o ./drivers/fsl_reset.o ./drivers/fsl_spi.o ./drivers/fsl_swm.o ./drivers/fsl_usart.o  ./board/board.o ./board/clock_config.o ./board/peripherals.o ./board/pin_mux.o  ./CMSIS/system_LPC845.o   
Memory region         Used Size  Region Size  %age Used
   PROGRAM_FLASH:       12624 B        64 KB     19.26%
            SRAM:        3480 B      16352 B     21.28%
        IAP_SRAM:          0 GB         32 B      0.00%
Finished building target: LPC845_BoB_OLED.axf
 
make --no-print-directory post-build
Performing post-build steps
arm-none-eabi-size "LPC845_BoB_OLED.axf"; # arm-none-eabi-objcopy -v -O binary "LPC845_BoB_OLED.axf" "LPC845_BoB_OLED.bin" ; # checksum -p LPC845 -d "LPC845_BoB_OLED.bin";
   text	   data	    bss	    dec	    hex	filename
  12612	     12	   3468	  16092	   3edc	LPC845_BoB_OLED.axf
 
22:20:00 **** Incremental Build of configuration Debug for project LPC845_BoB_OLED ****
make -r -j2 all 
Building file: ../source/LPC845_SSD1306_OLED.c
Invoking: MCU C Compiler
arm-none-eabi-gcc -DSDK_OS_BAREMETAL -DFSL_RTOS_BM -DSDK_DEBUGCONSOLE=1 -DCR_INTEGER_PRINTF -DPRINTF_FLOAT_ENABLE=0 -DCPU_LPC845M301JBD48_cm0plus -DCPU_LPC845M301JBD48 -D__MCUXPRESSO -D__USE_CMSIS -DDEBUG -D__REDLIB__ -I../board -I../source -I../ -I../drivers -I../CMSIS -I../utilities -I../startup -O0 -fno-common -g3 -Wall -c -ffunction-sections -fdata-sections -ffreestanding -fno-builtin -fmerge-constants -fmacro-prefix-map="../source/"=. -mcpu=cortex-m0plus -mthumb -D__REDLIB__ -fstack-usage -specs=redlib.specs -MMD -MP -MF"source/LPC845_SSD1306_OLED.d" -MT"source/LPC845_SSD1306_OLED.o" -MT"source/LPC845_SSD1306_OLED.d" -o "source/LPC845_SSD1306_OLED.o" "../source/LPC845_SSD1306_OLED.c"
Finished building: ../source/LPC845_SSD1306_OLED.c
 
Building target: LPC845_BoB_OLED.axf
Invoking: MCU Linker
arm-none-eabi-gcc -nostdlib -Xlinker -Map="LPC845_BoB_OLED.map" -Xlinker --gc-sections -Xlinker -print-memory-usage -Xlinker --sort-section=alignment -mcpu=cortex-m0plus -mthumb -T LPC845_BoB_OLED_Debug.ld -o "LPC845_BoB_OLED.axf"  ./utilities/fsl_assert.o ./utilities/fsl_debug_console.o  ./startup/aeabi_romdiv_patch.o ./startup/startup_lpc845.o  ./source/LPC845_SSD1306_OLED.o ./source/mtb.o ./source/semihost_hardfault.o  ./drivers/fsl_SSD1306_I2C.o ./drivers/fsl_Systick_Delay.o ./drivers/fsl_clock.o ./drivers/fsl_common.o ./drivers/fsl_gpio.o ./drivers/fsl_i2c.o ./drivers/fsl_power.o ./drivers/fsl_reset.o ./drivers/fsl_spi.o ./drivers/fsl_swm.o ./drivers/fsl_usart.o  ./board/board.o ./board/clock_config.o ./board/peripherals.o ./board/pin_mux.o  ./CMSIS/system_LPC845.o   
Memory region         Used Size  Region Size  %age Used
   PROGRAM_FLASH:       12624 B        64 KB     19.26%
            SRAM:        3480 B      16352 B     21.28%
        IAP_SRAM:          0 GB         32 B      0.00%
Finished building target: LPC845_BoB_OLED.axf
 
make --no-print-directory post-build
Performing post-build steps
arm-none-eabi-size "LPC845_BoB_OLED.axf"; # arm-none-eabi-objcopy -v -O binary "LPC845_BoB_OLED.axf" "LPC845_BoB_OLED.bin" ; # checksum -p LPC845 -d "LPC845_BoB_OLED.bin";
   text	   data	    bss	    dec	    hex	filename
  12612	     12	   3468	  16092	   3edc	LPC845_BoB_OLED.axf
 
22:20:49 **** Incremental Build of configuration Debug for project LPC845_BoB_OLED ****
make -r -j2 all 
Building file: ../source/LPC845_SSD1306_OLED.c
Invoking: MCU C Compiler
arm-none-eabi-gcc -DSDK_OS_BAREMETAL -DFSL_RTOS_BM -DSDK_DEBUGCONSOLE=1 -DCR_INTEGER_PRINTF -DPRINTF_FLOAT_ENABLE=0 -DCPU_LPC845M301JBD48_cm0plus -DCPU_LPC845M301JBD48 -D__MCUXPRESSO -D__USE_CMSIS -DDEBUG -D__REDLIB__ -I../board -I../source -I../ -I../drivers -I../CMSIS -I../utilities -I../startup -O0 -fno-common -g3 -Wall -c -ffunction-sections -fdata-sections -ffreestanding -fno-builtin -fmerge-constants -fmacro-prefix-map="../source/"=. -mcpu=cortex-m0plus -mthumb -D__REDLIB__ -fstack-usage -specs=redlib.specs -MMD -MP -MF"source/LPC845_SSD1306_OLED.d" -MT"source/LPC845_SSD1306_OLED.o" -MT"source/LPC845_SSD1306_OLED.d" -o "source/LPC845_SSD1306_OLED.o" "../source/LPC845_SSD1306_OLED.c"
Finished building: ../source/LPC845_SSD1306_OLED.c
 
Building target: LPC845_BoB_OLED.axf
Invoking: MCU Linker
arm-none-eabi-gcc -nostdlib -Xlinker -Map="LPC845_BoB_OLED.map" -Xlinker --gc-sections -Xlinker -print-memory-usage -Xlinker --sort-section=alignment -mcpu=cortex-m0plus -mthumb -T LPC845_BoB_OLED_Debug.ld -o "LPC845_BoB_OLED.axf"  ./utilities/fsl_assert.o ./utilities/fsl_debug_console.o  ./startup/aeabi_romdiv_patch.o ./startup/startup_lpc845.o  ./source/LPC845_SSD1306_OLED.o ./source/mtb.o ./source/semihost_hardfault.o  ./drivers/fsl_SSD1306_I2C.o ./drivers/fsl_Systick_Delay.o ./drivers/fsl_clock.o ./drivers/fsl_common.o ./drivers/fsl_gpio.o ./drivers/fsl_i2c.o ./drivers/fsl_power.o ./drivers/fsl_reset.o ./drivers/fsl_spi.o ./drivers/fsl_swm.o ./drivers/fsl_usart.o  ./board/board.o ./board/clock_config.o ./board/peripherals.o ./board/pin_mux.o  ./CMSIS/system_LPC845.o   
Memory region         Used Size  Region Size  %age Used
   PROGRAM_FLASH:       12624 B        64 KB     19.26%
            SRAM:        3480 B      16352 B     21.28%
        IAP_SRAM:          0 GB         32 B      0.00%
Finished building target: LPC845_BoB_OLED.axf
 
make --no-print-directory post-build
Performing post-build steps
arm-none-eabi-size "LPC845_BoB_OLED.axf"; # arm-none-eabi-objcopy -v -O binary "LPC845_BoB_OLED.axf" "LPC845_BoB_OLED.bin" ; # checksum -p LPC845 -d "LPC845_BoB_OLED.bin";
   text	   data	    bss	    dec	    hex	filename
  12612	     12	   3468	  16092	   3edc	LPC845_BoB_OLED.axf
 
22:22:51 **** Incremental Build of configuration Debug for project LPC845_BoB_OLED ****
make -r -j2 all 
Building file: ../source/LPC845_SSD1306_OLED.c
Invoking: MCU C Compiler
arm-none-eabi-gcc -DSDK_OS_BAREMETAL -DFSL_RTOS_BM -DSDK_DEBUGCONSOLE=1 -DCR_INTEGER_PRINTF -DPRINTF_FLOAT_ENABLE=0 -DCPU_LPC845M301JBD48_cm0plus -DCPU_LPC845M301JBD48 -D__MCUXPRESSO -D__USE_CMSIS -DDEBUG -D__REDLIB__ -I../board -I../source -I../ -I../drivers -I../CMSIS -I../utilities -I../startup -O0 -fno-common -g3 -Wall -c -ffunction-sections -fdata-sections -ffreestanding -fno-builtin -fmerge-constants -fmacro-prefix-map="../source/"=. -mcpu=cortex-m0plus -mthumb -D__REDLIB__ -fstack-usage -specs=redlib.specs -MMD -MP -MF"source/LPC845_SSD1306_OLED.d" -MT"source/LPC845_SSD1306_OLED.o" -MT"source/LPC845_SSD1306_OLED.d" -o "source/LPC845_SSD1306_OLED.o" "../source/LPC845_SSD1306_OLED.c"
Finished building: ../source/LPC845_SSD1306_OLED.c
 
Building target: LPC845_BoB_OLED.axf
Invoking: MCU Linker
arm-none-eabi-gcc -nostdlib -Xlinker -Map="LPC845_BoB_OLED.map" -Xlinker --gc-sections -Xlinker -print-memory-usage -Xlinker --sort-section=alignment -mcpu=cortex-m0plus -mthumb -T LPC845_BoB_OLED_Debug.ld -o "LPC845_BoB_OLED.axf"  ./utilities/fsl_assert.o ./utilities/fsl_debug_console.o  ./startup/aeabi_romdiv_patch.o ./startup/startup_lpc845.o  ./source/LPC845_SSD1306_OLED.o ./source/mtb.o ./source/semihost_hardfault.o  ./drivers/fsl_SSD1306_I2C.o ./drivers/fsl_Systick_Delay.o ./drivers/fsl_clock.o ./drivers/fsl_common.o ./drivers/fsl_gpio.o ./drivers/fsl_i2c.o ./drivers/fsl_power.o ./drivers/fsl_reset.o ./drivers/fsl_spi.o ./drivers/fsl_swm.o ./drivers/fsl_usart.o  ./board/board.o ./board/clock_config.o ./board/peripherals.o ./board/pin_mux.o  ./CMSIS/system_LPC845.o   
Memory region         Used Size  Region Size  %age Used
   PROGRAM_FLASH:       12624 B        64 KB     19.26%
            SRAM:        3480 B      16352 B     21.28%
        IAP_SRAM:          0 GB         32 B      0.00%
Finished building target: LPC845_BoB_OLED.axf
 
make --no-print-directory post-build
Performing post-build steps
arm-none-eabi-size "LPC845_BoB_OLED.axf"; # arm-none-eabi-objcopy -v -O binary "LPC845_BoB_OLED.axf" "LPC845_BoB_OLED.bin" ; # checksum -p LPC845 -d "LPC845_BoB_OLED.bin";
   text	   data	    bss	    dec	    hex	filename
  12612	     12	   3468	  16092	   3edc	LPC845_BoB_OLED.axf
 
22:25:35 **** Incremental Build of configuration Debug for project LPC845_BoB_OLED ****
make -r -j2 all 
Building file: ../source/LPC845_SSD1306_OLED.c
Invoking: MCU C Compiler
arm-none-eabi-gcc -DSDK_OS_BAREMETAL -DFSL_RTOS_BM -DSDK_DEBUGCONSOLE=1 -DCR_INTEGER_PRINTF -DPRINTF_FLOAT_ENABLE=0 -DCPU_LPC845M301JBD48_cm0plus -DCPU_LPC845M301JBD48 -D__MCUXPRESSO -D__USE_CMSIS -DDEBUG -D__REDLIB__ -I../board -I../source -I../ -I../drivers -I../CMSIS -I../utilities -I../startup -O0 -fno-common -g3 -Wall -c -ffunction-sections -fdata-sections -ffreestanding -fno-builtin -fmerge-constants -fmacro-prefix-map="../source/"=. -mcpu=cortex-m0plus -mthumb -D__REDLIB__ -fstack-usage -specs=redlib.specs -MMD -MP -MF"source/LPC845_SSD1306_OLED.d" -MT"source/LPC845_SSD1306_OLED.o" -MT"source/LPC845_SSD1306_OLED.d" -o "source/LPC845_SSD1306_OLED.o" "../source/LPC845_SSD1306_OLED.c"
Finished building: ../source/LPC845_SSD1306_OLED.c
 
Building target: LPC845_BoB_OLED.axf
Invoking: MCU Linker
arm-none-eabi-gcc -nostdlib -Xlinker -Map="LPC845_BoB_OLED.map" -Xlinker --gc-sections -Xlinker -print-memory-usage -Xlinker --sort-section=alignment -mcpu=cortex-m0plus -mthumb -T LPC845_BoB_OLED_Debug.ld -o "LPC845_BoB_OLED.axf"  ./utilities/fsl_assert.o ./utilities/fsl_debug_console.o  ./startup/aeabi_romdiv_patch.o ./startup/startup_lpc845.o  ./source/LPC845_SSD1306_OLED.o ./source/mtb.o ./source/semihost_hardfault.o  ./drivers/fsl_SSD1306_I2C.o ./drivers/fsl_Systick_Delay.o ./drivers/fsl_clock.o ./drivers/fsl_common.o ./drivers/fsl_gpio.o ./drivers/fsl_i2c.o ./drivers/fsl_power.o ./drivers/fsl_reset.o ./drivers/fsl_spi.o ./drivers/fsl_swm.o ./drivers/fsl_usart.o  ./board/board.o ./board/clock_config.o ./board/peripherals.o ./board/pin_mux.o  ./CMSIS/system_LPC845.o   
Memory region         Used Size  Region Size  %age Used
   PROGRAM_FLASH:       12628 B        64 KB     19.27%
            SRAM:        3480 B      16352 B     21.28%
        IAP_SRAM:          0 GB         32 B      0.00%
Finished building target: LPC845_BoB_OLED.axf
 
make --no-print-directory post-build
Performing post-build steps
arm-none-eabi-size "LPC845_BoB_OLED.axf"; # arm-none-eabi-objcopy -v -O binary "LPC845_BoB_OLED.axf" "LPC845_BoB_OLED.bin" ; # checksum -p LPC845 -d "LPC845_BoB_OLED.bin";
   text	   data	    bss	    dec	    hex	filename
  12616	     12	   3468	  16096	   3ee0	LPC845_BoB_OLED.axf
 
22:26:52 **** Incremental Build of configuration Debug for project LPC845_BoB_OLED ****
make -r -j2 all 
Building file: ../source/LPC845_SSD1306_OLED.c
Invoking: MCU C Compiler
arm-none-eabi-gcc -DSDK_OS_BAREMETAL -DFSL_RTOS_BM -DSDK_DEBUGCONSOLE=1 -DCR_INTEGER_PRINTF -DPRINTF_FLOAT_ENABLE=0 -DCPU_LPC845M301JBD48_cm0plus -DCPU_LPC845M301JBD48 -D__MCUXPRESSO -D__USE_CMSIS -DDEBUG -D__REDLIB__ -I../board -I../source -I../ -I../drivers -I../CMSIS -I../utilities -I../startup -O0 -fno-common -g3 -Wall -c -ffunction-sections -fdata-sections -ffreestanding -fno-builtin -fmerge-constants -fmacro-prefix-map="../source/"=. -mcpu=cortex-m0plus -mthumb -D__REDLIB__ -fstack-usage -specs=redlib.specs -MMD -MP -MF"source/LPC845_SSD1306_OLED.d" -MT"source/LPC845_SSD1306_OLED.o" -MT"source/LPC845_SSD1306_OLED.d" -o "source/LPC845_SSD1306_OLED.o" "../source/LPC845_SSD1306_OLED.c"
Finished building: ../source/LPC845_SSD1306_OLED.c
 
Building target: LPC845_BoB_OLED.axf
Invoking: MCU Linker
arm-none-eabi-gcc -nostdlib -Xlinker -Map="LPC845_BoB_OLED.map" -Xlinker --gc-sections -Xlinker -print-memory-usage -Xlinker --sort-section=alignment -mcpu=cortex-m0plus -mthumb -T LPC845_BoB_OLED_Debug.ld -o "LPC845_BoB_OLED.axf"  ./utilities/fsl_assert.o ./utilities/fsl_debug_console.o  ./startup/aeabi_romdiv_patch.o ./startup/startup_lpc845.o  ./source/LPC845_SSD1306_OLED.o ./source/mtb.o ./source/semihost_hardfault.o  ./drivers/fsl_SSD1306_I2C.o ./drivers/fsl_Systick_Delay.o ./drivers/fsl_clock.o ./drivers/fsl_common.o ./drivers/fsl_gpio.o ./drivers/fsl_i2c.o ./drivers/fsl_power.o ./drivers/fsl_reset.o ./drivers/fsl_spi.o ./drivers/fsl_swm.o ./drivers/fsl_usart.o  ./board/board.o ./board/clock_config.o ./board/peripherals.o ./board/pin_mux.o  ./CMSIS/system_LPC845.o   
Memory region         Used Size  Region Size  %age Used
   PROGRAM_FLASH:       12628 B        64 KB     19.27%
            SRAM:        3480 B      16352 B     21.28%
        IAP_SRAM:          0 GB         32 B      0.00%
Finished building target: LPC845_BoB_OLED.axf
 
make --no-print-directory post-build
Performing post-build steps
arm-none-eabi-size "LPC845_BoB_OLED.axf"; # arm-none-eabi-objcopy -v -O binary "LPC845_BoB_OLED.axf" "LPC845_BoB_OLED.bin" ; # checksum -p LPC845 -d "LPC845_BoB_OLED.bin";
   text	   data	    bss	    dec	    hex	filename
  12616	     12	   3468	  16096	   3ee0	LPC845_BoB_OLED.axf
 
22:30:51 **** Incremental Build of configuration Debug for project LPC845_BoB_OLED ****
make -r -j2 all 
Building file: ../source/LPC845_SSD1306_OLED.c
Invoking: MCU C Compiler
arm-none-eabi-gcc -DSDK_OS_BAREMETAL -DFSL_RTOS_BM -DSDK_DEBUGCONSOLE=1 -DCR_INTEGER_PRINTF -DPRINTF_FLOAT_ENABLE=0 -DCPU_LPC845M301JBD48_cm0plus -DCPU_LPC845M301JBD48 -D__MCUXPRESSO -D__USE_CMSIS -DDEBUG -D__REDLIB__ -I../board -I../source -I../ -I../drivers -I../CMSIS -I../utilities -I../startup -O0 -fno-common -g3 -Wall -c -ffunction-sections -fdata-sections -ffreestanding -fno-builtin -fmerge-constants -fmacro-prefix-map="../source/"=. -mcpu=cortex-m0plus -mthumb -D__REDLIB__ -fstack-usage -specs=redlib.specs -MMD -MP -MF"source/LPC845_SSD1306_OLED.d" -MT"source/LPC845_SSD1306_OLED.o" -MT"source/LPC845_SSD1306_OLED.d" -o "source/LPC845_SSD1306_OLED.o" "../source/LPC845_SSD1306_OLED.c"
../source/LPC845_SSD1306_OLED.c: In function 'main':
../source/LPC845_SSD1306_OLED.c:55:5: warning: implicit declaration of function 'OLED_Reset'; did you mean 'OLED_Refresh'? [-Wimplicit-function-declaration]
     OLED_Reset();
     ^~~~~~~~~~
     OLED_Refresh
Finished building: ../source/LPC845_SSD1306_OLED.c
 
Building target: LPC845_BoB_OLED.axf
Invoking: MCU Linker
arm-none-eabi-gcc -nostdlib -Xlinker -Map="LPC845_BoB_OLED.map" -Xlinker --gc-sections -Xlinker -print-memory-usage -Xlinker --sort-section=alignment -mcpu=cortex-m0plus -mthumb -T LPC845_BoB_OLED_Debug.ld -o "LPC845_BoB_OLED.axf"  ./utilities/fsl_assert.o ./utilities/fsl_debug_console.o  ./startup/aeabi_romdiv_patch.o ./startup/startup_lpc845.o  ./source/LPC845_SSD1306_OLED.o ./source/mtb.o ./source/semihost_hardfault.o  ./drivers/fsl_SSD1306_I2C.o ./drivers/fsl_Systick_Delay.o ./drivers/fsl_clock.o ./drivers/fsl_common.o ./drivers/fsl_gpio.o ./drivers/fsl_i2c.o ./drivers/fsl_power.o ./drivers/fsl_reset.o ./drivers/fsl_spi.o ./drivers/fsl_swm.o ./drivers/fsl_usart.o  ./board/board.o ./board/clock_config.o ./board/peripherals.o ./board/pin_mux.o  ./CMSIS/system_LPC845.o   
Memory region         Used Size  Region Size  %age Used
   PROGRAM_FLASH:       12628 B        64 KB     19.27%
            SRAM:        3480 B      16352 B     21.28%
        IAP_SRAM:          0 GB         32 B      0.00%
c:/nxp/mcuxpressoide_11.1.1_3241/ide/plugins/com.nxp.mcuxpresso.tools.win32_11.1.0.202001081728/tools/bin/../lib/gcc/arm-none-eabi/8.3.1/../../../../arm-none-eabi/bin/ld.exe: ./source/LPC845_SSD1306_OLED.o: in function `main':
C:\Users\PC-INC\Documents\MCUXpressoIDE_11.1.1_3241\LPC845BRK_Examples.zip_expanded\LPC845_BoB_OLED\Debug/../source/LPC845_SSD1306_OLED.c:55: undefined reference to `OLED_Reset'
collect2.exe: error: ld returned 1 exit status
make: *** [makefile:37: LPC845_BoB_OLED.axf] Error 1
"make -r -j2 all" terminated with exit code 2. Build might be incomplete.
22:31:40 **** Incremental Build of configuration Debug for project LPC845_BoB_OLED ****
make -r -j2 all 
Building file: ../source/LPC845_SSD1306_OLED.c
Invoking: MCU C Compiler
arm-none-eabi-gcc -DSDK_OS_BAREMETAL -DFSL_RTOS_BM -DSDK_DEBUGCONSOLE=1 -DCR_INTEGER_PRINTF -DPRINTF_FLOAT_ENABLE=0 -DCPU_LPC845M301JBD48_cm0plus -DCPU_LPC845M301JBD48 -D__MCUXPRESSO -D__USE_CMSIS -DDEBUG -D__REDLIB__ -I../board -I../source -I../ -I../drivers -I../CMSIS -I../utilities -I../startup -O0 -fno-common -g3 -Wall -c -ffunction-sections -fdata-sections -ffreestanding -fno-builtin -fmerge-constants -fmacro-prefix-map="../source/"=. -mcpu=cortex-m0plus -mthumb -D__REDLIB__ -fstack-usage -specs=redlib.specs -MMD -MP -MF"source/LPC845_SSD1306_OLED.d" -MT"source/LPC845_SSD1306_OLED.o" -MT"source/LPC845_SSD1306_OLED.d" -o "source/LPC845_SSD1306_OLED.o" "../source/LPC845_SSD1306_OLED.c"
Finished building: ../source/LPC845_SSD1306_OLED.c
 
Building target: LPC845_BoB_OLED.axf
Invoking: MCU Linker
arm-none-eabi-gcc -nostdlib -Xlinker -Map="LPC845_BoB_OLED.map" -Xlinker --gc-sections -Xlinker -print-memory-usage -Xlinker --sort-section=alignment -mcpu=cortex-m0plus -mthumb -T LPC845_BoB_OLED_Debug.ld -o "LPC845_BoB_OLED.axf"  ./utilities/fsl_assert.o ./utilities/fsl_debug_console.o  ./startup/aeabi_romdiv_patch.o ./startup/startup_lpc845.o  ./source/LPC845_SSD1306_OLED.o ./source/mtb.o ./source/semihost_hardfault.o  ./drivers/fsl_SSD1306_I2C.o ./drivers/fsl_Systick_Delay.o ./drivers/fsl_clock.o ./drivers/fsl_common.o ./drivers/fsl_gpio.o ./drivers/fsl_i2c.o ./drivers/fsl_power.o ./drivers/fsl_reset.o ./drivers/fsl_spi.o ./drivers/fsl_swm.o ./drivers/fsl_usart.o  ./board/board.o ./board/clock_config.o ./board/peripherals.o ./board/pin_mux.o  ./CMSIS/system_LPC845.o   
Memory region         Used Size  Region Size  %age Used
   PROGRAM_FLASH:       12628 B        64 KB     19.27%
            SRAM:        3480 B      16352 B     21.28%
        IAP_SRAM:          0 GB         32 B      0.00%
Finished building target: LPC845_BoB_OLED.axf
 
make --no-print-directory post-build
Performing post-build steps
arm-none-eabi-size "LPC845_BoB_OLED.axf"; # arm-none-eabi-objcopy -v -O binary "LPC845_BoB_OLED.axf" "LPC845_BoB_OLED.bin" ; # checksum -p LPC845 -d "LPC845_BoB_OLED.bin";
   text	   data	    bss	    dec	    hex	filename
  12616	     12	   3468	  16096	   3ee0	LPC845_BoB_OLED.axf
 
22:33:26 **** Incremental Build of configuration Debug for project LPC845_BoB_OLED ****
make -r -j2 all 
Building file: ../drivers/fsl_SSD1306_I2C.c
Invoking: MCU C Compiler
arm-none-eabi-gcc -DSDK_OS_BAREMETAL -DFSL_RTOS_BM -DSDK_DEBUGCONSOLE=1 -DCR_INTEGER_PRINTF -DPRINTF_FLOAT_ENABLE=0 -DCPU_LPC845M301JBD48_cm0plus -DCPU_LPC845M301JBD48 -D__MCUXPRESSO -D__USE_CMSIS -DDEBUG -D__REDLIB__ -I../board -I../source -I../ -I../drivers -I../CMSIS -I../utilities -I../startup -O0 -fno-common -g3 -Wall -c -ffunction-sections -fdata-sections -ffreestanding -fno-builtin -fmerge-constants -fmacro-prefix-map="../drivers/"=. -mcpu=cortex-m0plus -mthumb -D__REDLIB__ -fstack-usage -specs=redlib.specs -MMD -MP -MF"drivers/fsl_SSD1306_I2C.d" -MT"drivers/fsl_SSD1306_I2C.o" -MT"drivers/fsl_SSD1306_I2C.d" -o "drivers/fsl_SSD1306_I2C.o" "../drivers/fsl_SSD1306_I2C.c"
Finished building: ../drivers/fsl_SSD1306_I2C.c
 
Building target: LPC845_BoB_OLED.axf
Invoking: MCU Linker
arm-none-eabi-gcc -nostdlib -Xlinker -Map="LPC845_BoB_OLED.map" -Xlinker --gc-sections -Xlinker -print-memory-usage -Xlinker --sort-section=alignment -mcpu=cortex-m0plus -mthumb -T LPC845_BoB_OLED_Debug.ld -o "LPC845_BoB_OLED.axf"  ./utilities/fsl_assert.o ./utilities/fsl_debug_console.o  ./startup/aeabi_romdiv_patch.o ./startup/startup_lpc845.o  ./source/LPC845_SSD1306_OLED.o ./source/mtb.o ./source/semihost_hardfault.o  ./drivers/fsl_SSD1306_I2C.o ./drivers/fsl_Systick_Delay.o ./drivers/fsl_clock.o ./drivers/fsl_common.o ./drivers/fsl_gpio.o ./drivers/fsl_i2c.o ./drivers/fsl_power.o ./drivers/fsl_reset.o ./drivers/fsl_spi.o ./drivers/fsl_swm.o ./drivers/fsl_usart.o  ./board/board.o ./board/clock_config.o ./board/peripherals.o ./board/pin_mux.o  ./CMSIS/system_LPC845.o   
Memory region         Used Size  Region Size  %age Used
   PROGRAM_FLASH:       12628 B        64 KB     19.27%
            SRAM:        3480 B      16352 B     21.28%
        IAP_SRAM:          0 GB         32 B      0.00%
Finished building target: LPC845_BoB_OLED.axf
 
make --no-print-directory post-build
Performing post-build steps
arm-none-eabi-size "LPC845_BoB_OLED.axf"; # arm-none-eabi-objcopy -v -O binary "LPC845_BoB_OLED.axf" "LPC845_BoB_OLED.bin" ; # checksum -p LPC845 -d "LPC845_BoB_OLED.bin";
   text	   data	    bss	    dec	    hex	filename
  12616	     12	   3468	  16096	   3ee0	LPC845_BoB_OLED.axf
 
22:34:10 **** Incremental Build of configuration Debug for project LPC845_BoB_OLED ****
make -r -j2 all 
Building file: ../drivers/fsl_SSD1306_I2C.c
Invoking: MCU C Compiler
arm-none-eabi-gcc -DSDK_OS_BAREMETAL -DFSL_RTOS_BM -DSDK_DEBUGCONSOLE=1 -DCR_INTEGER_PRINTF -DPRINTF_FLOAT_ENABLE=0 -DCPU_LPC845M301JBD48_cm0plus -DCPU_LPC845M301JBD48 -D__MCUXPRESSO -D__USE_CMSIS -DDEBUG -D__REDLIB__ -I../board -I../source -I../ -I../drivers -I../CMSIS -I../utilities -I../startup -O0 -fno-common -g3 -Wall -c -ffunction-sections -fdata-sections -ffreestanding -fno-builtin -fmerge-constants -fmacro-prefix-map="../drivers/"=. -mcpu=cortex-m0plus -mthumb -D__REDLIB__ -fstack-usage -specs=redlib.specs -MMD -MP -MF"drivers/fsl_SSD1306_I2C.d" -MT"drivers/fsl_SSD1306_I2C.o" -MT"drivers/fsl_SSD1306_I2C.d" -o "drivers/fsl_SSD1306_I2C.o" "../drivers/fsl_SSD1306_I2C.c"
Finished building: ../drivers/fsl_SSD1306_I2C.c
 
Building target: LPC845_BoB_OLED.axf
Invoking: MCU Linker
arm-none-eabi-gcc -nostdlib -Xlinker -Map="LPC845_BoB_OLED.map" -Xlinker --gc-sections -Xlinker -print-memory-usage -Xlinker --sort-section=alignment -mcpu=cortex-m0plus -mthumb -T LPC845_BoB_OLED_Debug.ld -o "LPC845_BoB_OLED.axf"  ./utilities/fsl_assert.o ./utilities/fsl_debug_console.o  ./startup/aeabi_romdiv_patch.o ./startup/startup_lpc845.o  ./source/LPC845_SSD1306_OLED.o ./source/mtb.o ./source/semihost_hardfault.o  ./drivers/fsl_SSD1306_I2C.o ./drivers/fsl_Systick_Delay.o ./drivers/fsl_clock.o ./drivers/fsl_common.o ./drivers/fsl_gpio.o ./drivers/fsl_i2c.o ./drivers/fsl_power.o ./drivers/fsl_reset.o ./drivers/fsl_spi.o ./drivers/fsl_swm.o ./drivers/fsl_usart.o  ./board/board.o ./board/clock_config.o ./board/peripherals.o ./board/pin_mux.o  ./CMSIS/system_LPC845.o   
Memory region         Used Size  Region Size  %age Used
   PROGRAM_FLASH:       12624 B        64 KB     19.26%
            SRAM:        3480 B      16352 B     21.28%
        IAP_SRAM:          0 GB         32 B      0.00%
Finished building target: LPC845_BoB_OLED.axf
 
make --no-print-directory post-build
Performing post-build steps
arm-none-eabi-size "LPC845_BoB_OLED.axf"; # arm-none-eabi-objcopy -v -O binary "LPC845_BoB_OLED.axf" "LPC845_BoB_OLED.bin" ; # checksum -p LPC845 -d "LPC845_BoB_OLED.bin";
   text	   data	    bss	    dec	    hex	filename
  12612	     12	   3468	  16092	   3edc	LPC845_BoB_OLED.axf
 
22:38:39 **** Incremental Build of configuration Debug for project LPC845_BoB_OLED ****
make -r -j2 all 
Building file: ../source/LPC845_SSD1306_OLED.c
Building file: ../drivers/fsl_SSD1306_I2C.c
Invoking: MCU C Compiler
Invoking: MCU C Compiler
arm-none-eabi-gcc -DSDK_OS_BAREMETAL -DFSL_RTOS_BM -DSDK_DEBUGCONSOLE=1 -DCR_INTEGER_PRINTF -DPRINTF_FLOAT_ENABLE=0 -DCPU_LPC845M301JBD48_cm0plus -DCPU_LPC845M301JBD48 -D__MCUXPRESSO -D__USE_CMSIS -DDEBUG -D__REDLIB__ -I../board -I../source -I../ -I../drivers -I../CMSIS -I../utilities -I../startup -O0 -fno-common -g3 -Wall -c -ffunction-sections -fdata-sections -ffreestanding -fno-builtin -fmerge-constants -fmacro-prefix-map="../source/"=. -mcpu=cortex-m0plus -mthumb -D__REDLIB__ -fstack-usage -specs=redlib.specs -MMD -MP -MF"source/LPC845_SSD1306_OLED.d" -MT"source/LPC845_SSD1306_OLED.o" -MT"source/LPC845_SSD1306_OLED.d" -o "source/LPC845_SSD1306_OLED.o" "../source/LPC845_SSD1306_OLED.c"
arm-none-eabi-gcc -DSDK_OS_BAREMETAL -DFSL_RTOS_BM -DSDK_DEBUGCONSOLE=1 -DCR_INTEGER_PRINTF -DPRINTF_FLOAT_ENABLE=0 -DCPU_LPC845M301JBD48_cm0plus -DCPU_LPC845M301JBD48 -D__MCUXPRESSO -D__USE_CMSIS -DDEBUG -D__REDLIB__ -I../board -I../source -I../ -I../drivers -I../CMSIS -I../utilities -I../startup -O0 -fno-common -g3 -Wall -c -ffunction-sections -fdata-sections -ffreestanding -fno-builtin -fmerge-constants -fmacro-prefix-map="../drivers/"=. -mcpu=cortex-m0plus -mthumb -D__REDLIB__ -fstack-usage -specs=redlib.specs -MMD -MP -MF"drivers/fsl_SSD1306_I2C.d" -MT"drivers/fsl_SSD1306_I2C.o" -MT"drivers/fsl_SSD1306_I2C.d" -o "drivers/fsl_SSD1306_I2C.o" "../drivers/fsl_SSD1306_I2C.c"
Finished building: ../source/LPC845_SSD1306_OLED.c
Finished building: ../drivers/fsl_SSD1306_I2C.c
 
 
Building target: LPC845_BoB_OLED.axf
Invoking: MCU Linker
arm-none-eabi-gcc -nostdlib -Xlinker -Map="LPC845_BoB_OLED.map" -Xlinker --gc-sections -Xlinker -print-memory-usage -Xlinker --sort-section=alignment -mcpu=cortex-m0plus -mthumb -T LPC845_BoB_OLED_Debug.ld -o "LPC845_BoB_OLED.axf"  ./utilities/fsl_assert.o ./utilities/fsl_debug_console.o  ./startup/aeabi_romdiv_patch.o ./startup/startup_lpc845.o  ./source/LPC845_SSD1306_OLED.o ./source/mtb.o ./source/semihost_hardfault.o  ./drivers/fsl_SSD1306_I2C.o ./drivers/fsl_Systick_Delay.o ./drivers/fsl_clock.o ./drivers/fsl_common.o ./drivers/fsl_gpio.o ./drivers/fsl_i2c.o ./drivers/fsl_power.o ./drivers/fsl_reset.o ./drivers/fsl_spi.o ./drivers/fsl_swm.o ./drivers/fsl_usart.o  ./board/board.o ./board/clock_config.o ./board/peripherals.o ./board/pin_mux.o  ./CMSIS/system_LPC845.o   
Memory region         Used Size  Region Size  %age Used
   PROGRAM_FLASH:       12628 B        64 KB     19.27%
            SRAM:        3480 B      16352 B     21.28%
        IAP_SRAM:          0 GB         32 B      0.00%
Finished building target: LPC845_BoB_OLED.axf
 
make --no-print-directory post-build
Performing post-build steps
arm-none-eabi-size "LPC845_BoB_OLED.axf"; # arm-none-eabi-objcopy -v -O binary "LPC845_BoB_OLED.axf" "LPC845_BoB_OLED.bin" ; # checksum -p LPC845 -d "LPC845_BoB_OLED.bin";
   text	   data	    bss	    dec	    hex	filename
  12616	     12	   3468	  16096	   3ee0	LPC845_BoB_OLED.axf
 
22:50:39 **** Incremental Build of configuration Debug for project LPC845_BoB_OLED ****
make -r -j2 all 
Building file: ../drivers/fsl_SSD1306_I2C.c
Invoking: MCU C Compiler
arm-none-eabi-gcc -DSDK_OS_BAREMETAL -DFSL_RTOS_BM -DSDK_DEBUGCONSOLE=1 -DCR_INTEGER_PRINTF -DPRINTF_FLOAT_ENABLE=0 -DCPU_LPC845M301JBD48_cm0plus -DCPU_LPC845M301JBD48 -D__MCUXPRESSO -D__USE_CMSIS -DDEBUG -D__REDLIB__ -I../board -I../source -I../ -I../drivers -I../CMSIS -I../utilities -I../startup -O0 -fno-common -g3 -Wall -c -ffunction-sections -fdata-sections -ffreestanding -fno-builtin -fmerge-constants -fmacro-prefix-map="../drivers/"=. -mcpu=cortex-m0plus -mthumb -D__REDLIB__ -fstack-usage -specs=redlib.specs -MMD -MP -MF"drivers/fsl_SSD1306_I2C.d" -MT"drivers/fsl_SSD1306_I2C.o" -MT"drivers/fsl_SSD1306_I2C.d" -o "drivers/fsl_SSD1306_I2C.o" "../drivers/fsl_SSD1306_I2C.c"
../drivers/fsl_SSD1306_I2C.c:69:13: warning: 'OLED_Data' defined but not used [-Wunused-function]
 static void OLED_Data (uint8_t *Data)
             ^~~~~~~~~
Finished building: ../drivers/fsl_SSD1306_I2C.c
 
Building target: LPC845_BoB_OLED.axf
Invoking: MCU Linker
arm-none-eabi-gcc -nostdlib -Xlinker -Map="LPC845_BoB_OLED.map" -Xlinker --gc-sections -Xlinker -print-memory-usage -Xlinker --sort-section=alignment -mcpu=cortex-m0plus -mthumb -T LPC845_BoB_OLED_Debug.ld -o "LPC845_BoB_OLED.axf"  ./utilities/fsl_assert.o ./utilities/fsl_debug_console.o  ./startup/aeabi_romdiv_patch.o ./startup/startup_lpc845.o  ./source/LPC845_SSD1306_OLED.o ./source/mtb.o ./source/semihost_hardfault.o  ./drivers/fsl_SSD1306_I2C.o ./drivers/fsl_Systick_Delay.o ./drivers/fsl_clock.o ./drivers/fsl_common.o ./drivers/fsl_gpio.o ./drivers/fsl_i2c.o ./drivers/fsl_power.o ./drivers/fsl_reset.o ./drivers/fsl_spi.o ./drivers/fsl_swm.o ./drivers/fsl_usart.o  ./board/board.o ./board/clock_config.o ./board/peripherals.o ./board/pin_mux.o  ./CMSIS/system_LPC845.o   
Memory region         Used Size  Region Size  %age Used
   PROGRAM_FLASH:       12572 B        64 KB     19.18%
            SRAM:        3480 B      16352 B     21.28%
        IAP_SRAM:          0 GB         32 B      0.00%
Finished building target: LPC845_BoB_OLED.axf
 
make --no-print-directory post-build
Performing post-build steps
arm-none-eabi-size "LPC845_BoB_OLED.axf"; # arm-none-eabi-objcopy -v -O binary "LPC845_BoB_OLED.axf" "LPC845_BoB_OLED.bin" ; # checksum -p LPC845 -d "LPC845_BoB_OLED.bin";
   text	   data	    bss	    dec	    hex	filename
  12560	     12	   3468	  16040	   3ea8	LPC845_BoB_OLED.axf
 
22:51:27 **** Incremental Build of configuration Debug for project LPC845_BoB_OLED ****
make -r -j2 all 
Building file: ../source/LPC845_SSD1306_OLED.c
Invoking: MCU C Compiler
arm-none-eabi-gcc -DSDK_OS_BAREMETAL -DFSL_RTOS_BM -DSDK_DEBUGCONSOLE=1 -DCR_INTEGER_PRINTF -DPRINTF_FLOAT_ENABLE=0 -DCPU_LPC845M301JBD48_cm0plus -DCPU_LPC845M301JBD48 -D__MCUXPRESSO -D__USE_CMSIS -DDEBUG -D__REDLIB__ -I../board -I../source -I../ -I../drivers -I../CMSIS -I../utilities -I../startup -O0 -fno-common -g3 -Wall -c -ffunction-sections -fdata-sections -ffreestanding -fno-builtin -fmerge-constants -fmacro-prefix-map="../source/"=. -mcpu=cortex-m0plus -mthumb -D__REDLIB__ -fstack-usage -specs=redlib.specs -MMD -MP -MF"source/LPC845_SSD1306_OLED.d" -MT"source/LPC845_SSD1306_OLED.o" -MT"source/LPC845_SSD1306_OLED.d" -o "source/LPC845_SSD1306_OLED.o" "../source/LPC845_SSD1306_OLED.c"
Finished building: ../source/LPC845_SSD1306_OLED.c
 
Building target: LPC845_BoB_OLED.axf
Invoking: MCU Linker
arm-none-eabi-gcc -nostdlib -Xlinker -Map="LPC845_BoB_OLED.map" -Xlinker --gc-sections -Xlinker -print-memory-usage -Xlinker --sort-section=alignment -mcpu=cortex-m0plus -mthumb -T LPC845_BoB_OLED_Debug.ld -o "LPC845_BoB_OLED.axf"  ./utilities/fsl_assert.o ./utilities/fsl_debug_console.o  ./startup/aeabi_romdiv_patch.o ./startup/startup_lpc845.o  ./source/LPC845_SSD1306_OLED.o ./source/mtb.o ./source/semihost_hardfault.o  ./drivers/fsl_SSD1306_I2C.o ./drivers/fsl_Systick_Delay.o ./drivers/fsl_clock.o ./drivers/fsl_common.o ./drivers/fsl_gpio.o ./drivers/fsl_i2c.o ./drivers/fsl_power.o ./drivers/fsl_reset.o ./drivers/fsl_spi.o ./drivers/fsl_swm.o ./drivers/fsl_usart.o  ./board/board.o ./board/clock_config.o ./board/peripherals.o ./board/pin_mux.o  ./CMSIS/system_LPC845.o   
Memory region         Used Size  Region Size  %age Used
   PROGRAM_FLASH:       12572 B        64 KB     19.18%
            SRAM:        3480 B      16352 B     21.28%
        IAP_SRAM:          0 GB         32 B      0.00%
Finished building target: LPC845_BoB_OLED.axf
 
make --no-print-directory post-build
Performing post-build steps
arm-none-eabi-size "LPC845_BoB_OLED.axf"; # arm-none-eabi-objcopy -v -O binary "LPC845_BoB_OLED.axf" "LPC845_BoB_OLED.bin" ; # checksum -p LPC845 -d "LPC845_BoB_OLED.bin";
   text	   data	    bss	    dec	    hex	filename
  12560	     12	   3468	  16040	   3ea8	LPC845_BoB_OLED.axf
 
22:53:08 **** Incremental Build of configuration Debug for project LPC845_BoB_OLED ****
make -r -j2 all 
Building file: ../source/LPC845_SSD1306_OLED.c
Invoking: MCU C Compiler
arm-none-eabi-gcc -DSDK_OS_BAREMETAL -DFSL_RTOS_BM -DSDK_DEBUGCONSOLE=1 -DCR_INTEGER_PRINTF -DPRINTF_FLOAT_ENABLE=0 -DCPU_LPC845M301JBD48_cm0plus -DCPU_LPC845M301JBD48 -D__MCUXPRESSO -D__USE_CMSIS -DDEBUG -D__REDLIB__ -I../board -I../source -I../ -I../drivers -I../CMSIS -I../utilities -I../startup -O0 -fno-common -g3 -Wall -c -ffunction-sections -fdata-sections -ffreestanding -fno-builtin -fmerge-constants -fmacro-prefix-map="../source/"=. -mcpu=cortex-m0plus -mthumb -D__REDLIB__ -fstack-usage -specs=redlib.specs -MMD -MP -MF"source/LPC845_SSD1306_OLED.d" -MT"source/LPC845_SSD1306_OLED.o" -MT"source/LPC845_SSD1306_OLED.d" -o "source/LPC845_SSD1306_OLED.o" "../source/LPC845_SSD1306_OLED.c"
Finished building: ../source/LPC845_SSD1306_OLED.c
 
Building target: LPC845_BoB_OLED.axf
Invoking: MCU Linker
arm-none-eabi-gcc -nostdlib -Xlinker -Map="LPC845_BoB_OLED.map" -Xlinker --gc-sections -Xlinker -print-memory-usage -Xlinker --sort-section=alignment -mcpu=cortex-m0plus -mthumb -T LPC845_BoB_OLED_Debug.ld -o "LPC845_BoB_OLED.axf"  ./utilities/fsl_assert.o ./utilities/fsl_debug_console.o  ./startup/aeabi_romdiv_patch.o ./startup/startup_lpc845.o  ./source/LPC845_SSD1306_OLED.o ./source/mtb.o ./source/semihost_hardfault.o  ./drivers/fsl_SSD1306_I2C.o ./drivers/fsl_Systick_Delay.o ./drivers/fsl_clock.o ./drivers/fsl_common.o ./drivers/fsl_gpio.o ./drivers/fsl_i2c.o ./drivers/fsl_power.o ./drivers/fsl_reset.o ./drivers/fsl_spi.o ./drivers/fsl_swm.o ./drivers/fsl_usart.o  ./board/board.o ./board/clock_config.o ./board/peripherals.o ./board/pin_mux.o  ./CMSIS/system_LPC845.o   
Memory region         Used Size  Region Size  %age Used
   PROGRAM_FLASH:       12580 B        64 KB     19.20%
            SRAM:        3480 B      16352 B     21.28%
        IAP_SRAM:          0 GB         32 B      0.00%
Finished building target: LPC845_BoB_OLED.axf
 
make --no-print-directory post-build
Performing post-build steps
arm-none-eabi-size "LPC845_BoB_OLED.axf"; # arm-none-eabi-objcopy -v -O binary "LPC845_BoB_OLED.axf" "LPC845_BoB_OLED.bin" ; # checksum -p LPC845 -d "LPC845_BoB_OLED.bin";
   text	   data	    bss	    dec	    hex	filename
  12568	     12	   3468	  16048	   3eb0	LPC845_BoB_OLED.axf
 
22:56:43 **** Incremental Build of configuration Debug for project LPC845_BoB_OLED ****
make -r -j2 all 
Building file: ../source/LPC845_SSD1306_OLED.c
Invoking: MCU C Compiler
arm-none-eabi-gcc -DSDK_OS_BAREMETAL -DFSL_RTOS_BM -DSDK_DEBUGCONSOLE=1 -DCR_INTEGER_PRINTF -DPRINTF_FLOAT_ENABLE=0 -DCPU_LPC845M301JBD48_cm0plus -DCPU_LPC845M301JBD48 -D__MCUXPRESSO -D__USE_CMSIS -DDEBUG -D__REDLIB__ -I../board -I../source -I../ -I../drivers -I../CMSIS -I../utilities -I../startup -O0 -fno-common -g3 -Wall -c -ffunction-sections -fdata-sections -ffreestanding -fno-builtin -fmerge-constants -fmacro-prefix-map="../source/"=. -mcpu=cortex-m0plus -mthumb -D__REDLIB__ -fstack-usage -specs=redlib.specs -MMD -MP -MF"source/LPC845_SSD1306_OLED.d" -MT"source/LPC845_SSD1306_OLED.o" -MT"source/LPC845_SSD1306_OLED.d" -o "source/LPC845_SSD1306_OLED.o" "../source/LPC845_SSD1306_OLED.c"
Finished building: ../source/LPC845_SSD1306_OLED.c
 
Building target: LPC845_BoB_OLED.axf
Invoking: MCU Linker
arm-none-eabi-gcc -nostdlib -Xlinker -Map="LPC845_BoB_OLED.map" -Xlinker --gc-sections -Xlinker -print-memory-usage -Xlinker --sort-section=alignment -mcpu=cortex-m0plus -mthumb -T LPC845_BoB_OLED_Debug.ld -o "LPC845_BoB_OLED.axf"  ./utilities/fsl_assert.o ./utilities/fsl_debug_console.o  ./startup/aeabi_romdiv_patch.o ./startup/startup_lpc845.o  ./source/LPC845_SSD1306_OLED.o ./source/mtb.o ./source/semihost_hardfault.o  ./drivers/fsl_SSD1306_I2C.o ./drivers/fsl_Systick_Delay.o ./drivers/fsl_clock.o ./drivers/fsl_common.o ./drivers/fsl_gpio.o ./drivers/fsl_i2c.o ./drivers/fsl_power.o ./drivers/fsl_reset.o ./drivers/fsl_spi.o ./drivers/fsl_swm.o ./drivers/fsl_usart.o  ./board/board.o ./board/clock_config.o ./board/peripherals.o ./board/pin_mux.o  ./CMSIS/system_LPC845.o   
Memory region         Used Size  Region Size  %age Used
   PROGRAM_FLASH:       12628 B        64 KB     19.27%
            SRAM:        3480 B      16352 B     21.28%
        IAP_SRAM:          0 GB         32 B      0.00%
Finished building target: LPC845_BoB_OLED.axf
 
make --no-print-directory post-build
Performing post-build steps
arm-none-eabi-size "LPC845_BoB_OLED.axf"; # arm-none-eabi-objcopy -v -O binary "LPC845_BoB_OLED.axf" "LPC845_BoB_OLED.bin" ; # checksum -p LPC845 -d "LPC845_BoB_OLED.bin";
   text	   data	    bss	    dec	    hex	filename
  12616	     12	   3468	  16096	   3ee0	LPC845_BoB_OLED.axf
 
22:57:38 **** Incremental Build of configuration Debug for project LPC845_BoB_OLED ****
make -r -j2 all 
Building file: ../source/LPC845_SSD1306_OLED.c
Invoking: MCU C Compiler
arm-none-eabi-gcc -DSDK_OS_BAREMETAL -DFSL_RTOS_BM -DSDK_DEBUGCONSOLE=1 -DCR_INTEGER_PRINTF -DPRINTF_FLOAT_ENABLE=0 -DCPU_LPC845M301JBD48_cm0plus -DCPU_LPC845M301JBD48 -D__MCUXPRESSO -D__USE_CMSIS -DDEBUG -D__REDLIB__ -I../board -I../source -I../ -I../drivers -I../CMSIS -I../utilities -I../startup -O0 -fno-common -g3 -Wall -c -ffunction-sections -fdata-sections -ffreestanding -fno-builtin -fmerge-constants -fmacro-prefix-map="../source/"=. -mcpu=cortex-m0plus -mthumb -D__REDLIB__ -fstack-usage -specs=redlib.specs -MMD -MP -MF"source/LPC845_SSD1306_OLED.d" -MT"source/LPC845_SSD1306_OLED.o" -MT"source/LPC845_SSD1306_OLED.d" -o "source/LPC845_SSD1306_OLED.o" "../source/LPC845_SSD1306_OLED.c"
Finished building: ../source/LPC845_SSD1306_OLED.c
 
Building target: LPC845_BoB_OLED.axf
Invoking: MCU Linker
arm-none-eabi-gcc -nostdlib -Xlinker -Map="LPC845_BoB_OLED.map" -Xlinker --gc-sections -Xlinker -print-memory-usage -Xlinker --sort-section=alignment -mcpu=cortex-m0plus -mthumb -T LPC845_BoB_OLED_Debug.ld -o "LPC845_BoB_OLED.axf"  ./utilities/fsl_assert.o ./utilities/fsl_debug_console.o  ./startup/aeabi_romdiv_patch.o ./startup/startup_lpc845.o  ./source/LPC845_SSD1306_OLED.o ./source/mtb.o ./source/semihost_hardfault.o  ./drivers/fsl_SSD1306_I2C.o ./drivers/fsl_Systick_Delay.o ./drivers/fsl_clock.o ./drivers/fsl_common.o ./drivers/fsl_gpio.o ./drivers/fsl_i2c.o ./drivers/fsl_power.o ./drivers/fsl_reset.o ./drivers/fsl_spi.o ./drivers/fsl_swm.o ./drivers/fsl_usart.o  ./board/board.o ./board/clock_config.o ./board/peripherals.o ./board/pin_mux.o  ./CMSIS/system_LPC845.o   
Memory region         Used Size  Region Size  %age Used
   PROGRAM_FLASH:       12628 B        64 KB     19.27%
            SRAM:        3480 B      16352 B     21.28%
        IAP_SRAM:          0 GB         32 B      0.00%
Finished building target: LPC845_BoB_OLED.axf
 
make --no-print-directory post-build
Performing post-build steps
arm-none-eabi-size "LPC845_BoB_OLED.axf"; # arm-none-eabi-objcopy -v -O binary "LPC845_BoB_OLED.axf" "LPC845_BoB_OLED.bin" ; # checksum -p LPC845 -d "LPC845_BoB_OLED.bin";
   text	   data	    bss	    dec	    hex	filename
  12616	     12	   3468	  16096	   3ee0	LPC845_BoB_OLED.axf
 
23:02:44 **** Incremental Build of configuration Debug for project LPC845_BoB_OLED ****
make -r -j2 all 
Building file: ../source/LPC845_SSD1306_OLED.c
Invoking: MCU C Compiler
arm-none-eabi-gcc -DSDK_OS_BAREMETAL -DFSL_RTOS_BM -DSDK_DEBUGCONSOLE=1 -DCR_INTEGER_PRINTF -DPRINTF_FLOAT_ENABLE=0 -DCPU_LPC845M301JBD48_cm0plus -DCPU_LPC845M301JBD48 -D__MCUXPRESSO -D__USE_CMSIS -DDEBUG -D__REDLIB__ -I../board -I../source -I../ -I../drivers -I../CMSIS -I../utilities -I../startup -O0 -fno-common -g3 -Wall -c -ffunction-sections -fdata-sections -ffreestanding -fno-builtin -fmerge-constants -fmacro-prefix-map="../source/"=. -mcpu=cortex-m0plus -mthumb -D__REDLIB__ -fstack-usage -specs=redlib.specs -MMD -MP -MF"source/LPC845_SSD1306_OLED.d" -MT"source/LPC845_SSD1306_OLED.o" -MT"source/LPC845_SSD1306_OLED.d" -o "source/LPC845_SSD1306_OLED.o" "../source/LPC845_SSD1306_OLED.c"
Finished building: ../source/LPC845_SSD1306_OLED.c
 
Building target: LPC845_BoB_OLED.axf
Invoking: MCU Linker
arm-none-eabi-gcc -nostdlib -Xlinker -Map="LPC845_BoB_OLED.map" -Xlinker --gc-sections -Xlinker -print-memory-usage -Xlinker --sort-section=alignment -mcpu=cortex-m0plus -mthumb -T LPC845_BoB_OLED_Debug.ld -o "LPC845_BoB_OLED.axf"  ./utilities/fsl_assert.o ./utilities/fsl_debug_console.o  ./startup/aeabi_romdiv_patch.o ./startup/startup_lpc845.o  ./source/LPC845_SSD1306_OLED.o ./source/mtb.o ./source/semihost_hardfault.o  ./drivers/fsl_SSD1306_I2C.o ./drivers/fsl_Systick_Delay.o ./drivers/fsl_clock.o ./drivers/fsl_common.o ./drivers/fsl_gpio.o ./drivers/fsl_i2c.o ./drivers/fsl_power.o ./drivers/fsl_reset.o ./drivers/fsl_spi.o ./drivers/fsl_swm.o ./drivers/fsl_usart.o  ./board/board.o ./board/clock_config.o ./board/peripherals.o ./board/pin_mux.o  ./CMSIS/system_LPC845.o   
Memory region         Used Size  Region Size  %age Used
   PROGRAM_FLASH:       12632 B        64 KB     19.27%
            SRAM:        3480 B      16352 B     21.28%
        IAP_SRAM:          0 GB         32 B      0.00%
Finished building target: LPC845_BoB_OLED.axf
 
make --no-print-directory post-build
Performing post-build steps
arm-none-eabi-size "LPC845_BoB_OLED.axf"; # arm-none-eabi-objcopy -v -O binary "LPC845_BoB_OLED.axf" "LPC845_BoB_OLED.bin" ; # checksum -p LPC845 -d "LPC845_BoB_OLED.bin";
   text	   data	    bss	    dec	    hex	filename
  12620	     12	   3468	  16100	   3ee4	LPC845_BoB_OLED.axf
 
23:15:50 **** Incremental Build of configuration Debug for project LPC845_BoB_OLED ****
make -r -j2 all 
Building file: ../source/LPC845_SSD1306_OLED.c
Invoking: MCU C Compiler
arm-none-eabi-gcc -DSDK_OS_BAREMETAL -DFSL_RTOS_BM -DSDK_DEBUGCONSOLE=1 -DCR_INTEGER_PRINTF -DPRINTF_FLOAT_ENABLE=0 -DCPU_LPC845M301JBD48_cm0plus -DCPU_LPC845M301JBD48 -D__MCUXPRESSO -D__USE_CMSIS -DDEBUG -D__REDLIB__ -I../board -I../source -I../ -I../drivers -I../CMSIS -I../utilities -I../startup -O0 -fno-common -g3 -Wall -c -ffunction-sections -fdata-sections -ffreestanding -fno-builtin -fmerge-constants -fmacro-prefix-map="../source/"=. -mcpu=cortex-m0plus -mthumb -D__REDLIB__ -fstack-usage -specs=redlib.specs -MMD -MP -MF"source/LPC845_SSD1306_OLED.d" -MT"source/LPC845_SSD1306_OLED.o" -MT"source/LPC845_SSD1306_OLED.d" -o "source/LPC845_SSD1306_OLED.o" "../source/LPC845_SSD1306_OLED.c"
Finished building: ../source/LPC845_SSD1306_OLED.c
 
Building target: LPC845_BoB_OLED.axf
Invoking: MCU Linker
arm-none-eabi-gcc -nostdlib -Xlinker -Map="LPC845_BoB_OLED.map" -Xlinker --gc-sections -Xlinker -print-memory-usage -Xlinker --sort-section=alignment -mcpu=cortex-m0plus -mthumb -T LPC845_BoB_OLED_Debug.ld -o "LPC845_BoB_OLED.axf"  ./utilities/fsl_assert.o ./utilities/fsl_debug_console.o  ./startup/aeabi_romdiv_patch.o ./startup/startup_lpc845.o  ./source/LPC845_SSD1306_OLED.o ./source/mtb.o ./source/semihost_hardfault.o  ./drivers/fsl_SSD1306_I2C.o ./drivers/fsl_Systick_Delay.o ./drivers/fsl_clock.o ./drivers/fsl_common.o ./drivers/fsl_gpio.o ./drivers/fsl_i2c.o ./drivers/fsl_power.o ./drivers/fsl_reset.o ./drivers/fsl_spi.o ./drivers/fsl_swm.o ./drivers/fsl_usart.o  ./board/board.o ./board/clock_config.o ./board/peripherals.o ./board/pin_mux.o  ./CMSIS/system_LPC845.o   
Memory region         Used Size  Region Size  %age Used
   PROGRAM_FLASH:       12628 B        64 KB     19.27%
            SRAM:        3480 B      16352 B     21.28%
        IAP_SRAM:          0 GB         32 B      0.00%
Finished building target: LPC845_BoB_OLED.axf
 
make --no-print-directory post-build
Performing post-build steps
arm-none-eabi-size "LPC845_BoB_OLED.axf"; # arm-none-eabi-objcopy -v -O binary "LPC845_BoB_OLED.axf" "LPC845_BoB_OLED.bin" ; # checksum -p LPC845 -d "LPC845_BoB_OLED.bin";
   text	   data	    bss	    dec	    hex	filename
  12616	     12	   3468	  16096	   3ee0	LPC845_BoB_OLED.axf
 
23:27:57 **** Incremental Build of configuration Debug for project LPC845_BoB_OLED ****
make -r -j2 all 
Building file: ../drivers/fsl_SSD1306_I2C.c
Building file: ../source/LPC845_SSD1306_OLED.c
Invoking: MCU C Compiler
Invoking: MCU C Compiler
arm-none-eabi-gcc -DSDK_OS_BAREMETAL -DFSL_RTOS_BM -DSDK_DEBUGCONSOLE=1 -DCR_INTEGER_PRINTF -DPRINTF_FLOAT_ENABLE=0 -DCPU_LPC845M301JBD48_cm0plus -DCPU_LPC845M301JBD48 -D__MCUXPRESSO -D__USE_CMSIS -DDEBUG -D__REDLIB__ -I../board -I../source -I../ -I../drivers -I../CMSIS -I../utilities -I../startup -O0 -fno-common -g3 -Wall -c -ffunction-sections -fdata-sections -ffreestanding -fno-builtin -fmerge-constants -fmacro-prefix-map="../source/"=. -mcpu=cortex-m0plus -mthumb -D__REDLIB__ -fstack-usage -specs=redlib.specs -MMD -MP -MF"source/LPC845_SSD1306_OLED.d" -MT"source/LPC845_SSD1306_OLED.o" -MT"source/LPC845_SSD1306_OLED.d" -o "source/LPC845_SSD1306_OLED.o" "../source/LPC845_SSD1306_OLED.c"
arm-none-eabi-gcc -DSDK_OS_BAREMETAL -DFSL_RTOS_BM -DSDK_DEBUGCONSOLE=1 -DCR_INTEGER_PRINTF -DPRINTF_FLOAT_ENABLE=0 -DCPU_LPC845M301JBD48_cm0plus -DCPU_LPC845M301JBD48 -D__MCUXPRESSO -D__USE_CMSIS -DDEBUG -D__REDLIB__ -I../board -I../source -I../ -I../drivers -I../CMSIS -I../utilities -I../startup -O0 -fno-common -g3 -Wall -c -ffunction-sections -fdata-sections -ffreestanding -fno-builtin -fmerge-constants -fmacro-prefix-map="../drivers/"=. -mcpu=cortex-m0plus -mthumb -D__REDLIB__ -fstack-usage -specs=redlib.specs -MMD -MP -MF"drivers/fsl_SSD1306_I2C.d" -MT"drivers/fsl_SSD1306_I2C.o" -MT"drivers/fsl_SSD1306_I2C.d" -o "drivers/fsl_SSD1306_I2C.o" "../drivers/fsl_SSD1306_I2C.c"
../drivers/fsl_SSD1306_I2C.c:69:13: warning: 'OLED_Data' defined but not used [-Wunused-function]
 static void OLED_Data (uint8_t *Data)
             ^~~~~~~~~
Finished building: ../source/LPC845_SSD1306_OLED.c
 
Finished building: ../drivers/fsl_SSD1306_I2C.c
 
Building target: LPC845_BoB_OLED.axf
Invoking: MCU Linker
arm-none-eabi-gcc -nostdlib -Xlinker -Map="LPC845_BoB_OLED.map" -Xlinker --gc-sections -Xlinker -print-memory-usage -Xlinker --sort-section=alignment -mcpu=cortex-m0plus -mthumb -T LPC845_BoB_OLED_Debug.ld -o "LPC845_BoB_OLED.axf"  ./utilities/fsl_assert.o ./utilities/fsl_debug_console.o  ./startup/aeabi_romdiv_patch.o ./startup/startup_lpc845.o  ./source/LPC845_SSD1306_OLED.o ./source/mtb.o ./source/semihost_hardfault.o  ./drivers/fsl_SSD1306_I2C.o ./drivers/fsl_Systick_Delay.o ./drivers/fsl_clock.o ./drivers/fsl_common.o ./drivers/fsl_gpio.o ./drivers/fsl_i2c.o ./drivers/fsl_power.o ./drivers/fsl_reset.o ./drivers/fsl_spi.o ./drivers/fsl_swm.o ./drivers/fsl_usart.o  ./board/board.o ./board/clock_config.o ./board/peripherals.o ./board/pin_mux.o  ./CMSIS/system_LPC845.o   
Memory region         Used Size  Region Size  %age Used
   PROGRAM_FLASH:       33584 B        64 KB     51.25%
            SRAM:        3480 B      16352 B     21.28%
        IAP_SRAM:          0 GB         32 B      0.00%
Finished building target: LPC845_BoB_OLED.axf
 
make --no-print-directory post-build
Performing post-build steps
arm-none-eabi-size "LPC845_BoB_OLED.axf"; # arm-none-eabi-objcopy -v -O binary "LPC845_BoB_OLED.axf" "LPC845_BoB_OLED.bin" ; # checksum -p LPC845 -d "LPC845_BoB_OLED.bin";
   text	   data	    bss	    dec	    hex	filename
  33572	     12	   3468	  37052	   90bc	LPC845_BoB_OLED.axf
 
23:32:51 **** Incremental Build of configuration Debug for project LPC845_BoB_OLED ****
make -r -j2 all 
Building file: ../drivers/fsl_SSD1306_I2C.c
Building file: ../source/LPC845_SSD1306_OLED.c
Invoking: MCU C Compiler
arm-none-eabi-gcc -DSDK_OS_BAREMETAL -DFSL_RTOS_BM -DSDK_DEBUGCONSOLE=1 -DCR_INTEGER_PRINTF -DPRINTF_FLOAT_ENABLE=0 -DCPU_LPC845M301JBD48_cm0plus -DCPU_LPC845M301JBD48 -D__MCUXPRESSO -D__USE_CMSIS -DDEBUG -D__REDLIB__ -I../board -I../source -I../ -I../drivers -I../CMSIS -I../utilities -I../startup -O0 -fno-common -g3 -Wall -c -ffunction-sections -fdata-sections -ffreestanding -fno-builtin -fmerge-constants -fmacro-prefix-map="../drivers/"=. -mcpu=cortex-m0plus -mthumb -D__REDLIB__ -fstack-usage -specs=redlib.specs -MMD -MP -MF"drivers/fsl_SSD1306_I2C.d" -MT"drivers/fsl_SSD1306_I2C.o" -MT"drivers/fsl_SSD1306_I2C.d" -o "drivers/fsl_SSD1306_I2C.o" "../drivers/fsl_SSD1306_I2C.c"
Invoking: MCU C Compiler
arm-none-eabi-gcc -DSDK_OS_BAREMETAL -DFSL_RTOS_BM -DSDK_DEBUGCONSOLE=1 -DCR_INTEGER_PRINTF -DPRINTF_FLOAT_ENABLE=0 -DCPU_LPC845M301JBD48_cm0plus -DCPU_LPC845M301JBD48 -D__MCUXPRESSO -D__USE_CMSIS -DDEBUG -D__REDLIB__ -I../board -I../source -I../ -I../drivers -I../CMSIS -I../utilities -I../startup -O0 -fno-common -g3 -Wall -c -ffunction-sections -fdata-sections -ffreestanding -fno-builtin -fmerge-constants -fmacro-prefix-map="../source/"=. -mcpu=cortex-m0plus -mthumb -D__REDLIB__ -fstack-usage -specs=redlib.specs -MMD -MP -MF"source/LPC845_SSD1306_OLED.d" -MT"source/LPC845_SSD1306_OLED.o" -MT"source/LPC845_SSD1306_OLED.d" -o "source/LPC845_SSD1306_OLED.o" "../source/LPC845_SSD1306_OLED.c"
../drivers/fsl_SSD1306_I2C.c:69:13: warning: 'OLED_Data' defined but not used [-Wunused-function]
 static void OLED_Data (uint8_t *Data)
             ^~~~~~~~~
Finished building: ../drivers/fsl_SSD1306_I2C.c
Finished building: ../source/LPC845_SSD1306_OLED.c
 
 
Building target: LPC845_BoB_OLED.axf
Invoking: MCU Linker
arm-none-eabi-gcc -nostdlib -Xlinker -Map="LPC845_BoB_OLED.map" -Xlinker --gc-sections -Xlinker -print-memory-usage -Xlinker --sort-section=alignment -mcpu=cortex-m0plus -mthumb -T LPC845_BoB_OLED_Debug.ld -o "LPC845_BoB_OLED.axf"  ./utilities/fsl_assert.o ./utilities/fsl_debug_console.o  ./startup/aeabi_romdiv_patch.o ./startup/startup_lpc845.o  ./source/LPC845_SSD1306_OLED.o ./source/mtb.o ./source/semihost_hardfault.o  ./drivers/fsl_SSD1306_I2C.o ./drivers/fsl_Systick_Delay.o ./drivers/fsl_clock.o ./drivers/fsl_common.o ./drivers/fsl_gpio.o ./drivers/fsl_i2c.o ./drivers/fsl_power.o ./drivers/fsl_reset.o ./drivers/fsl_spi.o ./drivers/fsl_swm.o ./drivers/fsl_usart.o  ./board/board.o ./board/clock_config.o ./board/peripherals.o ./board/pin_mux.o  ./CMSIS/system_LPC845.o   
Memory region         Used Size  Region Size  %age Used
   PROGRAM_FLASH:       13008 B        64 KB     19.85%
            SRAM:        3480 B      16352 B     21.28%
        IAP_SRAM:          0 GB         32 B      0.00%
Finished building target: LPC845_BoB_OLED.axf
 
make --no-print-directory post-build
Performing post-build steps
arm-none-eabi-size "LPC845_BoB_OLED.axf"; # arm-none-eabi-objcopy -v -O binary "LPC845_BoB_OLED.axf" "LPC845_BoB_OLED.bin" ; # checksum -p LPC845 -d "LPC845_BoB_OLED.bin";
   text	   data	    bss	    dec	    hex	filename
  12996	     12	   3468	  16476	   405c	LPC845_BoB_OLED.axf
 
23:35:09 **** Incremental Build of configuration Debug for project LPC845_BoB_OLED ****
make -r -j2 all 
Building file: ../source/LPC845_SSD1306_OLED.c
Building file: ../drivers/fsl_SSD1306_I2C.c
Invoking: MCU C Compiler
arm-none-eabi-gcc -DSDK_OS_BAREMETAL -DFSL_RTOS_BM -DSDK_DEBUGCONSOLE=1 -DCR_INTEGER_PRINTF -DPRINTF_FLOAT_ENABLE=0 -DCPU_LPC845M301JBD48_cm0plus -DCPU_LPC845M301JBD48 -D__MCUXPRESSO -D__USE_CMSIS -DDEBUG -D__REDLIB__ -I../board -I../source -I../ -I../drivers -I../CMSIS -I../utilities -I../startup -O0 -fno-common -g3 -Wall -c -ffunction-sections -fdata-sections -ffreestanding -fno-builtin -fmerge-constants -fmacro-prefix-map="../source/"=. -mcpu=cortex-m0plus -mthumb -D__REDLIB__ -fstack-usage -specs=redlib.specs -MMD -MP -MF"source/LPC845_SSD1306_OLED.d" -MT"source/LPC845_SSD1306_OLED.o" -MT"source/LPC845_SSD1306_OLED.d" -o "source/LPC845_SSD1306_OLED.o" "../source/LPC845_SSD1306_OLED.c"
Invoking: MCU C Compiler
arm-none-eabi-gcc -DSDK_OS_BAREMETAL -DFSL_RTOS_BM -DSDK_DEBUGCONSOLE=1 -DCR_INTEGER_PRINTF -DPRINTF_FLOAT_ENABLE=0 -DCPU_LPC845M301JBD48_cm0plus -DCPU_LPC845M301JBD48 -D__MCUXPRESSO -D__USE_CMSIS -DDEBUG -D__REDLIB__ -I../board -I../source -I../ -I../drivers -I../CMSIS -I../utilities -I../startup -O0 -fno-common -g3 -Wall -c -ffunction-sections -fdata-sections -ffreestanding -fno-builtin -fmerge-constants -fmacro-prefix-map="../drivers/"=. -mcpu=cortex-m0plus -mthumb -D__REDLIB__ -fstack-usage -specs=redlib.specs -MMD -MP -MF"drivers/fsl_SSD1306_I2C.d" -MT"drivers/fsl_SSD1306_I2C.o" -MT"drivers/fsl_SSD1306_I2C.d" -o "drivers/fsl_SSD1306_I2C.o" "../drivers/fsl_SSD1306_I2C.c"
../drivers/fsl_SSD1306_I2C.c:69:13: warning: 'OLED_Data' defined but not used [-Wunused-function]
 static void OLED_Data (uint8_t *Data)
             ^~~~~~~~~
Finished building: ../source/LPC845_SSD1306_OLED.c
Finished building: ../drivers/fsl_SSD1306_I2C.c
 
 
Building target: LPC845_BoB_OLED.axf
Invoking: MCU Linker
arm-none-eabi-gcc -nostdlib -Xlinker -Map="LPC845_BoB_OLED.map" -Xlinker --gc-sections -Xlinker -print-memory-usage -Xlinker --sort-section=alignment -mcpu=cortex-m0plus -mthumb -T LPC845_BoB_OLED_Debug.ld -o "LPC845_BoB_OLED.axf"  ./utilities/fsl_assert.o ./utilities/fsl_debug_console.o  ./startup/aeabi_romdiv_patch.o ./startup/startup_lpc845.o  ./source/LPC845_SSD1306_OLED.o ./source/mtb.o ./source/semihost_hardfault.o  ./drivers/fsl_SSD1306_I2C.o ./drivers/fsl_Systick_Delay.o ./drivers/fsl_clock.o ./drivers/fsl_common.o ./drivers/fsl_gpio.o ./drivers/fsl_i2c.o ./drivers/fsl_power.o ./drivers/fsl_reset.o ./drivers/fsl_spi.o ./drivers/fsl_swm.o ./drivers/fsl_usart.o  ./board/board.o ./board/clock_config.o ./board/peripherals.o ./board/pin_mux.o  ./CMSIS/system_LPC845.o   
Memory region         Used Size  Region Size  %age Used
   PROGRAM_FLASH:       13008 B        64 KB     19.85%
            SRAM:        3480 B      16352 B     21.28%
        IAP_SRAM:          0 GB         32 B      0.00%
Finished building target: LPC845_BoB_OLED.axf
 
make --no-print-directory post-build
Performing post-build steps
arm-none-eabi-size "LPC845_BoB_OLED.axf"; # arm-none-eabi-objcopy -v -O binary "LPC845_BoB_OLED.axf" "LPC845_BoB_OLED.bin" ; # checksum -p LPC845 -d "LPC845_BoB_OLED.bin";
   text	   data	    bss	    dec	    hex	filename
  12996	     12	   3468	  16476	   405c	LPC845_BoB_OLED.axf
 
23:41:37 **** Incremental Build of configuration Debug for project LPC845_BoB_OLED ****
make -r -j2 all 
Building file: ../drivers/fsl_SSD1306_I2C.c
Building file: ../source/LPC845_SSD1306_OLED.c
Invoking: MCU C Compiler
Invoking: MCU C Compiler
arm-none-eabi-gcc -DSDK_OS_BAREMETAL -DFSL_RTOS_BM -DSDK_DEBUGCONSOLE=1 -DCR_INTEGER_PRINTF -DPRINTF_FLOAT_ENABLE=0 -DCPU_LPC845M301JBD48_cm0plus -DCPU_LPC845M301JBD48 -D__MCUXPRESSO -D__USE_CMSIS -DDEBUG -D__REDLIB__ -I../board -I../source -I../ -I../drivers -I../CMSIS -I../utilities -I../startup -O0 -fno-common -g3 -Wall -c -ffunction-sections -fdata-sections -ffreestanding -fno-builtin -fmerge-constants -fmacro-prefix-map="../source/"=. -mcpu=cortex-m0plus -mthumb -D__REDLIB__ -fstack-usage -specs=redlib.specs -MMD -MP -MF"source/LPC845_SSD1306_OLED.d" -MT"source/LPC845_SSD1306_OLED.o" -MT"source/LPC845_SSD1306_OLED.d" -o "source/LPC845_SSD1306_OLED.o" "../source/LPC845_SSD1306_OLED.c"
arm-none-eabi-gcc -DSDK_OS_BAREMETAL -DFSL_RTOS_BM -DSDK_DEBUGCONSOLE=1 -DCR_INTEGER_PRINTF -DPRINTF_FLOAT_ENABLE=0 -DCPU_LPC845M301JBD48_cm0plus -DCPU_LPC845M301JBD48 -D__MCUXPRESSO -D__USE_CMSIS -DDEBUG -D__REDLIB__ -I../board -I../source -I../ -I../drivers -I../CMSIS -I../utilities -I../startup -O0 -fno-common -g3 -Wall -c -ffunction-sections -fdata-sections -ffreestanding -fno-builtin -fmerge-constants -fmacro-prefix-map="../drivers/"=. -mcpu=cortex-m0plus -mthumb -D__REDLIB__ -fstack-usage -specs=redlib.specs -MMD -MP -MF"drivers/fsl_SSD1306_I2C.d" -MT"drivers/fsl_SSD1306_I2C.o" -MT"drivers/fsl_SSD1306_I2C.d" -o "drivers/fsl_SSD1306_I2C.o" "../drivers/fsl_SSD1306_I2C.c"
../drivers/fsl_SSD1306_I2C.c:69:13: warning: 'OLED_Data' defined but not used [-Wunused-function]
 static void OLED_Data (uint8_t *Data)
             ^~~~~~~~~
Finished building: ../drivers/fsl_SSD1306_I2C.c
Finished building: ../source/LPC845_SSD1306_OLED.c
 
 
Building target: LPC845_BoB_OLED.axf
Invoking: MCU Linker
arm-none-eabi-gcc -nostdlib -Xlinker -Map="LPC845_BoB_OLED.map" -Xlinker --gc-sections -Xlinker -print-memory-usage -Xlinker --sort-section=alignment -mcpu=cortex-m0plus -mthumb -T LPC845_BoB_OLED_Debug.ld -o "LPC845_BoB_OLED.axf"  ./utilities/fsl_assert.o ./utilities/fsl_debug_console.o  ./startup/aeabi_romdiv_patch.o ./startup/startup_lpc845.o  ./source/LPC845_SSD1306_OLED.o ./source/mtb.o ./source/semihost_hardfault.o  ./drivers/fsl_SSD1306_I2C.o ./drivers/fsl_Systick_Delay.o ./drivers/fsl_clock.o ./drivers/fsl_common.o ./drivers/fsl_gpio.o ./drivers/fsl_i2c.o ./drivers/fsl_power.o ./drivers/fsl_reset.o ./drivers/fsl_spi.o ./drivers/fsl_swm.o ./drivers/fsl_usart.o  ./board/board.o ./board/clock_config.o ./board/peripherals.o ./board/pin_mux.o  ./CMSIS/system_LPC845.o   
Memory region         Used Size  Region Size  %age Used
   PROGRAM_FLASH:       13008 B        64 KB     19.85%
            SRAM:        3480 B      16352 B     21.28%
        IAP_SRAM:          0 GB         32 B      0.00%
Finished building target: LPC845_BoB_OLED.axf
 
make --no-print-directory post-build
Performing post-build steps
arm-none-eabi-size "LPC845_BoB_OLED.axf"; # arm-none-eabi-objcopy -v -O binary "LPC845_BoB_OLED.axf" "LPC845_BoB_OLED.bin" ; # checksum -p LPC845 -d "LPC845_BoB_OLED.bin";
   text	   data	    bss	    dec	    hex	filename
  12996	     12	   3468	  16476	   405c	LPC845_BoB_OLED.axf
 
23:53:12 **** Incremental Build of configuration Debug for project LPC845_BoB_OLED ****
make -r -j2 all 
Building file: ../source/LPC845_SSD1306_OLED.c
Building file: ../drivers/fsl_SSD1306_I2C.c
Invoking: MCU C Compiler
Invoking: MCU C Compiler
arm-none-eabi-gcc -DSDK_OS_BAREMETAL -DFSL_RTOS_BM -DSDK_DEBUGCONSOLE=1 -DCR_INTEGER_PRINTF -DPRINTF_FLOAT_ENABLE=0 -DCPU_LPC845M301JBD48_cm0plus -DCPU_LPC845M301JBD48 -D__MCUXPRESSO -D__USE_CMSIS -DDEBUG -D__REDLIB__ -I../board -I../source -I../ -I../drivers -I../CMSIS -I../utilities -I../startup -O0 -fno-common -g3 -Wall -c -ffunction-sections -fdata-sections -ffreestanding -fno-builtin -fmerge-constants -fmacro-prefix-map="../source/"=. -mcpu=cortex-m0plus -mthumb -D__REDLIB__ -fstack-usage -specs=redlib.specs -MMD -MP -MF"source/LPC845_SSD1306_OLED.d" -MT"source/LPC845_SSD1306_OLED.o" -MT"source/LPC845_SSD1306_OLED.d" -o "source/LPC845_SSD1306_OLED.o" "../source/LPC845_SSD1306_OLED.c"
arm-none-eabi-gcc -DSDK_OS_BAREMETAL -DFSL_RTOS_BM -DSDK_DEBUGCONSOLE=1 -DCR_INTEGER_PRINTF -DPRINTF_FLOAT_ENABLE=0 -DCPU_LPC845M301JBD48_cm0plus -DCPU_LPC845M301JBD48 -D__MCUXPRESSO -D__USE_CMSIS -DDEBUG -D__REDLIB__ -I../board -I../source -I../ -I../drivers -I../CMSIS -I../utilities -I../startup -O0 -fno-common -g3 -Wall -c -ffunction-sections -fdata-sections -ffreestanding -fno-builtin -fmerge-constants -fmacro-prefix-map="../drivers/"=. -mcpu=cortex-m0plus -mthumb -D__REDLIB__ -fstack-usage -specs=redlib.specs -MMD -MP -MF"drivers/fsl_SSD1306_I2C.d" -MT"drivers/fsl_SSD1306_I2C.o" -MT"drivers/fsl_SSD1306_I2C.d" -o "drivers/fsl_SSD1306_I2C.o" "../drivers/fsl_SSD1306_I2C.c"
../drivers/fsl_SSD1306_I2C.c:69:13: warning: 'OLED_Data' defined but not used [-Wunused-function]
 static void OLED_Data (uint8_t *Data)
             ^~~~~~~~~
Finished building: ../source/LPC845_SSD1306_OLED.c
Finished building: ../drivers/fsl_SSD1306_I2C.c
 
 
Building target: LPC845_BoB_OLED.axf
Invoking: MCU Linker
arm-none-eabi-gcc -nostdlib -Xlinker -Map="LPC845_BoB_OLED.map" -Xlinker --gc-sections -Xlinker -print-memory-usage -Xlinker --sort-section=alignment -mcpu=cortex-m0plus -mthumb -T LPC845_BoB_OLED_Debug.ld -o "LPC845_BoB_OLED.axf"  ./utilities/fsl_assert.o ./utilities/fsl_debug_console.o  ./startup/aeabi_romdiv_patch.o ./startup/startup_lpc845.o  ./source/LPC845_SSD1306_OLED.o ./source/mtb.o ./source/semihost_hardfault.o  ./drivers/fsl_SSD1306_I2C.o ./drivers/fsl_Systick_Delay.o ./drivers/fsl_clock.o ./drivers/fsl_common.o ./drivers/fsl_gpio.o ./drivers/fsl_i2c.o ./drivers/fsl_power.o ./drivers/fsl_reset.o ./drivers/fsl_spi.o ./drivers/fsl_swm.o ./drivers/fsl_usart.o  ./board/board.o ./board/clock_config.o ./board/peripherals.o ./board/pin_mux.o  ./CMSIS/system_LPC845.o   
Memory region         Used Size  Region Size  %age Used
   PROGRAM_FLASH:       13008 B        64 KB     19.85%
            SRAM:        3480 B      16352 B     21.28%
        IAP_SRAM:          0 GB         32 B      0.00%
Finished building target: LPC845_BoB_OLED.axf
 
make --no-print-directory post-build
Performing post-build steps
arm-none-eabi-size "LPC845_BoB_OLED.axf"; # arm-none-eabi-objcopy -v -O binary "LPC845_BoB_OLED.axf" "LPC845_BoB_OLED.bin" ; # checksum -p LPC845 -d "LPC845_BoB_OLED.bin";
   text	   data	    bss	    dec	    hex	filename
  12996	     12	   3468	  16476	   405c	LPC845_BoB_OLED.axf
 
