00:38:56 **** Incremental Build of configuration Debug for project LPC845_BoB_OLED ****
make -r -j4 all 
Building file: ../source/LPC845_SSD1306_OLED.c
Invoking: MCU C Compiler
arm-none-eabi-gcc -DSDK_OS_BAREMETAL -DFSL_RTOS_BM -DSDK_DEBUGCONSOLE=1 -DCR_INTEGER_PRINTF -DPRINTF_FLOAT_ENABLE=0 -DCPU_LPC845M301JBD48_cm0plus -DCPU_LPC845M301JBD48 -D__MCUXPRESSO -D__USE_CMSIS -DDEBUG -D__REDLIB__ -I../board -I../source -I../ -I../drivers -I../CMSIS -I../utilities -I../startup -O0 -fno-common -g3 -Wall -c -ffunction-sections -fdata-sections -ffreestanding -fno-builtin -fmerge-constants -fmacro-prefix-map="../source/"=. -mcpu=cortex-m0plus -mthumb -D__REDLIB__ -fstack-usage -specs=redlib.specs -MMD -MP -MF"source/LPC845_SSD1306_OLED.d" -MT"source/LPC845_SSD1306_OLED.o" -MT"source/LPC845_SSD1306_OLED.d" -o "source/LPC845_SSD1306_OLED.o" "../source/LPC845_SSD1306_OLED.c"
Finished building: ../source/LPC845_SSD1306_OLED.c
 
Building target: LPC845_BoB_OLED.axf
Invoking: MCU Linker
arm-none-eabi-gcc -nostdlib -Xlinker -Map="LPC845_BoB_OLED.map" -Xlinker --gc-sections -Xlinker -print-memory-usage -Xlinker --sort-section=alignment -mcpu=cortex-m0plus -mthumb -T "LPC845_BoB_OLED_Debug.ld" -o "LPC845_BoB_OLED.axf"  ./utilities/fsl_assert.o ./utilities/fsl_debug_console.o  ./startup/aeabi_romdiv_patch.o ./startup/startup_lpc845.o  ./source/LPC845_SSD1306_OLED.o ./source/mtb.o ./source/semihost_hardfault.o  ./drivers/fsl_SSD1306_I2C.o ./drivers/fsl_Systick_Delay.o ./drivers/fsl_clock.o ./drivers/fsl_common.o ./drivers/fsl_gpio.o ./drivers/fsl_i2c.o ./drivers/fsl_power.o ./drivers/fsl_reset.o ./drivers/fsl_spi.o ./drivers/fsl_swm.o ./drivers/fsl_usart.o  ./board/board.o ./board/clock_config.o ./board/peripherals.o ./board/pin_mux.o  ./CMSIS/system_LPC845.o   
Memory region         Used Size  Region Size  %age Used
   PROGRAM_FLASH:        9628 B        64 KB     14.69%
            SRAM:        2448 B      16352 B     14.97%
        IAP_SRAM:          0 GB         32 B      0.00%
Finished building target: LPC845_BoB_OLED.axf
 
make --no-print-directory post-build
Performing post-build steps
arm-none-eabi-size "LPC845_BoB_OLED.axf"; # arm-none-eabi-objcopy -v -O binary "LPC845_BoB_OLED.axf" "LPC845_BoB_OLED.bin" ; # checksum -p LPC845 -d "LPC845_BoB_OLED.bin";
   text	   data	    bss	    dec	    hex	filename
   9624	      4	   2444	  12072	   2f28	LPC845_BoB_OLED.axf
 

00:38:57 Build Finished. 0 errors, 0 warnings. (took 1s.432ms)

