21:15:37 **** Incremental Build of configuration Debug for project LPC845_Project ****
make -r -j2 all 
Building file: ../source/LPC845_Project.c
Invoking: MCU C Compiler
arm-none-eabi-gcc -D__REDLIB__ -DCPU_LPC845M301JBD48 -DCPU_LPC845M301JBD48_cm0plus -DFSL_RTOS_BM -DSDK_OS_BAREMETAL -DSDK_DEBUGCONSOLE=0 -DCR_INTEGER_PRINTF -DPRINTF_FLOAT_ENABLE=0 -D__MCUXPRESSO -D__USE_CMSIS -DDEBUG -I"C:\Users\PC-INC\Documents\MCUXpressoIDE_11.1.1_3241\LPC845_Project\board" -I"C:\Users\PC-INC\Documents\MCUXpressoIDE_11.1.1_3241\LPC845_Project\source" -I"C:\Users\PC-INC\Documents\MCUXpressoIDE_11.1.1_3241\LPC845_Project" -I"C:\Users\PC-INC\Documents\MCUXpressoIDE_11.1.1_3241\LPC845_Project\drivers" -I"C:\Users\PC-INC\Documents\MCUXpressoIDE_11.1.1_3241\LPC845_Project\device" -I"C:\Users\PC-INC\Documents\MCUXpressoIDE_11.1.1_3241\LPC845_Project\CMSIS" -I"C:\Users\PC-INC\Documents\MCUXpressoIDE_11.1.1_3241\LPC845_Project\component\uart" -I"C:\Users\PC-INC\Documents\MCUXpressoIDE_11.1.1_3241\LPC845_Project\utilities" -O0 -fno-common -g3 -Wall -c -ffunction-sections -fdata-sections -ffreestanding -fno-builtin -fmerge-constants -fmacro-prefix-map="../source/"=. -mcpu=cortex-m0plus -mthumb -D__REDLIB__ -fstack-usage -specs=redlib.specs -MMD -MP -MF"source/LPC845_Project.d" -MT"source/LPC845_Project.o" -MT"source/LPC845_Project.d" -o "source/LPC845_Project.o" "../source/LPC845_Project.c"
Finished building: ../source/LPC845_Project.c
 
Building target: LPC845_Project.axf
Invoking: MCU Linker
arm-none-eabi-gcc -nostdlib -Xlinker -Map="LPC845_Project.map" -Xlinker --gc-sections -Xlinker -print-memory-usage -Xlinker --sort-section=alignment -Xlinker --cref -mcpu=cortex-m0plus -mthumb -T LPC845_Project_Debug.ld -o "LPC845_Project.axf"  ./utilities/fsl_debug_console.o  ./startup/startup_lpc845.o  ./source/LPC845_Project.o ./source/mtb.o ./source/semihost_hardfault.o  ./drivers/fsl_clock.o ./drivers/fsl_common.o ./drivers/fsl_gpio.o ./drivers/fsl_power.o ./drivers/fsl_reset.o ./drivers/fsl_swm.o ./drivers/fsl_usart.o  ./device/system_LPC845.o  ./component/uart/miniusart_adapter.o  ./board/board.o ./board/clock_config.o ./board/peripherals.o ./board/pin_mux.o   
Memory region         Used Size  Region Size  %age Used
   PROGRAM_FLASH:        4004 B        64 KB      6.11%
            SRAM:        2380 B      16352 B     14.55%
        IAP_SRAM:          0 GB         32 B      0.00%
Finished building target: LPC845_Project.axf
 
make --no-print-directory post-build
Performing post-build steps
arm-none-eabi-size "LPC845_Project.axf"; # arm-none-eabi-objcopy -v -O binary "LPC845_Project.axf" "LPC845_Project.bin" ; # checksum -p LPC845 -d "LPC845_Project.bin";
   text	   data	    bss	    dec	    hex	filename
   4000	      4	   2376	   6380	   18ec	LPC845_Project.axf
 

21:15:38 Build Finished. 0 errors, 0 warnings. (took 1s.406ms)

