19:49:49 **** Incremental Build of configuration Debug for project prueba_Ej7 ****
make -r -j2 all 
Building file: ../source/prueba_Ej7.c
Invoking: MCU C Compiler
arm-none-eabi-gcc -D__REDLIB__ -DCPU_LPC845M301JBD48 -DCPU_LPC845M301JBD48_cm0plus -DFSL_RTOS_BM -DSDK_OS_BAREMETAL -DSDK_DEBUGCONSOLE=0 -DCR_INTEGER_PRINTF -DPRINTF_FLOAT_ENABLE=0 -D__MCUXPRESSO -D__USE_CMSIS -DDEBUG -I"C:\Users\PC-INC\Documents\MCUXpressoIDE_11.1.1_3241\prueba_Ej7\board" -I"C:\Users\PC-INC\Documents\MCUXpressoIDE_11.1.1_3241\prueba_Ej7\source" -I"C:\Users\PC-INC\Documents\MCUXpressoIDE_11.1.1_3241\prueba_Ej7" -I"C:\Users\PC-INC\Documents\MCUXpressoIDE_11.1.1_3241\prueba_Ej7\drivers" -I"C:\Users\PC-INC\Documents\MCUXpressoIDE_11.1.1_3241\prueba_Ej7\device" -I"C:\Users\PC-INC\Documents\MCUXpressoIDE_11.1.1_3241\prueba_Ej7\CMSIS" -I"C:\Users\PC-INC\Documents\MCUXpressoIDE_11.1.1_3241\prueba_Ej7\component\uart" -I"C:\Users\PC-INC\Documents\MCUXpressoIDE_11.1.1_3241\prueba_Ej7\utilities" -O0 -fno-common -g3 -Wall -c -ffunction-sections -fdata-sections -ffreestanding -fno-builtin -fmerge-constants -fmacro-prefix-map="../source/"=. -mcpu=cortex-m0plus -mthumb -D__REDLIB__ -fstack-usage -specs=redlib.specs -MMD -MP -MF"source/prueba_Ej7.d" -MT"source/prueba_Ej7.o" -MT"source/prueba_Ej7.d" -o "source/prueba_Ej7.o" "../source/prueba_Ej7.c"
Finished building: ../source/prueba_Ej7.c
 
Building target: prueba_Ej7.axf
Invoking: MCU Linker
arm-none-eabi-gcc -nostdlib -Xlinker -Map="prueba_Ej7.map" -Xlinker --gc-sections -Xlinker -print-memory-usage -Xlinker --sort-section=alignment -Xlinker --cref -mcpu=cortex-m0plus -mthumb -T prueba_Ej7_Debug.ld -o "prueba_Ej7.axf"  ./utilities/fsl_debug_console.o  ./startup/startup_lpc845.o  ./source/mtb.o ./source/prueba_Ej7.o ./source/semihost_hardfault.o  ./drivers/fsl_clock.o ./drivers/fsl_common.o ./drivers/fsl_gpio.o ./drivers/fsl_power.o ./drivers/fsl_reset.o ./drivers/fsl_swm.o ./drivers/fsl_usart.o  ./device/system_LPC845.o  ./component/uart/miniusart_adapter.o  ./board/board.o ./board/clock_config.o ./board/peripherals.o ./board/pin_mux.o   
Memory region         Used Size  Region Size  %age Used
   PROGRAM_FLASH:        4540 B        64 KB      6.93%
            SRAM:        2380 B      16352 B     14.55%
        IAP_SRAM:          0 GB         32 B      0.00%
Finished building target: prueba_Ej7.axf
 
make --no-print-directory post-build
Performing post-build steps
arm-none-eabi-size "prueba_Ej7.axf"; # arm-none-eabi-objcopy -v -O binary "prueba_Ej7.axf" "prueba_Ej7.bin" ; # checksum -p LPC845 -d "prueba_Ej7.bin";
   text	   data	    bss	    dec	    hex	filename
   4536	      4	   2376	   6916	   1b04	prueba_Ej7.axf
 

19:49:52 Build Finished. 0 errors, 0 warnings. (took 3s.233ms)

