20:56:34 **** Incremental Build of configuration Debug for project pulsador_led ****
make -r -j2 all 
Building file: ../source/pulsador_led.c
Invoking: MCU C Compiler
arm-none-eabi-gcc -DCPU_LPC845M301JBD48 -DCPU_LPC845M301JBD48_cm0plus -DFSL_RTOS_BM -DSDK_OS_BAREMETAL -DSDK_DEBUGCONSOLE=0 -DCR_INTEGER_PRINTF -DPRINTF_FLOAT_ENABLE=0 -D__MCUXPRESSO -D__USE_CMSIS -DDEBUG -D__REDLIB__ -I"C:\Users\PC-INC\Documents\MCUXpressoIDE_11.1.1_3241\pulsador_led\board" -I"C:\Users\PC-INC\Documents\MCUXpressoIDE_11.1.1_3241\pulsador_led\source" -I"C:\Users\PC-INC\Documents\MCUXpressoIDE_11.1.1_3241\pulsador_led" -I"C:\Users\PC-INC\Documents\MCUXpressoIDE_11.1.1_3241\pulsador_led\drivers" -I"C:\Users\PC-INC\Documents\MCUXpressoIDE_11.1.1_3241\pulsador_led\device" -I"C:\Users\PC-INC\Documents\MCUXpressoIDE_11.1.1_3241\pulsador_led\CMSIS" -I"C:\Users\PC-INC\Documents\MCUXpressoIDE_11.1.1_3241\pulsador_led\component\uart" -I"C:\Users\PC-INC\Documents\MCUXpressoIDE_11.1.1_3241\pulsador_led\utilities" -O0 -fno-common -g3 -Wall -c -ffunction-sections -fdata-sections -ffreestanding -fno-builtin -fmerge-constants -fmacro-prefix-map="../source/"=. -mcpu=cortex-m0plus -mthumb -D__REDLIB__ -fstack-usage -specs=redlib.specs -MMD -MP -MF"source/pulsador_led.d" -MT"source/pulsador_led.o" -MT"source/pulsador_led.d" -o "source/pulsador_led.o" "../source/pulsador_led.c"
../source/pulsador_led.c: In function 'main':
../source/pulsador_led.c:56:23: warning: unused variable 'in_config' [-Wunused-variable]
     gpio_pin_config_t in_config = {kGPIO_DigitalInput};
                       ^~~~~~~~~
Finished building: ../source/pulsador_led.c
 
Building target: pulsador_led.axf
Invoking: MCU Linker
arm-none-eabi-gcc -nostdlib -Xlinker -Map="pulsador_led.map" -Xlinker --gc-sections -Xlinker -print-memory-usage -Xlinker --sort-section=alignment -Xlinker --cref -mcpu=cortex-m0plus -mthumb -T pulsador_led_Debug.ld -o "pulsador_led.axf"  ./utilities/fsl_debug_console.o  ./startup/startup_lpc845.o  ./source/mtb.o ./source/pulsador_led.o ./source/semihost_hardfault.o  ./drivers/fsl_clock.o ./drivers/fsl_common.o ./drivers/fsl_gpio.o ./drivers/fsl_power.o ./drivers/fsl_reset.o ./drivers/fsl_swm.o ./drivers/fsl_usart.o  ./device/system_LPC845.o  ./component/uart/miniusart_adapter.o  ./board/board.o ./board/clock_config.o ./board/peripherals.o ./board/pin_mux.o   
Memory region         Used Size  Region Size  %age Used
   PROGRAM_FLASH:        5336 B        64 KB      8.14%
            SRAM:        2384 B      16352 B     14.58%
        IAP_SRAM:          0 GB         32 B      0.00%
Finished building target: pulsador_led.axf
 
make --no-print-directory post-build
Performing post-build steps
arm-none-eabi-size "pulsador_led.axf"; # arm-none-eabi-objcopy -v -O binary "pulsador_led.axf" "pulsador_led.bin" ; # checksum -p LPC845 -d "pulsador_led.bin";
   text	   data	    bss	    dec	    hex	filename
   5332	      4	   2380	   7716	   1e24	pulsador_led.axf
 

20:56:40 Build Finished. 0 errors, 1 warnings. (took 5s.639ms)

